Archive member included because of file (symbol)

c:/programdata/matlab/supportpackages/r2023a/aide/tools/arm-none-eabi-gcc/4.8.3-2014q1/bin/../lib/gcc/arm-none-eabi/4.8.3/../../../../arm-none-eabi/lib/armv6-m\libm.a(lib_a-s_ceil.o)
                              Rotation.o (ceil)
c:/programdata/matlab/supportpackages/r2023a/aide/tools/arm-none-eabi-gcc/4.8.3-2014q1/bin/../lib/gcc/arm-none-eabi/4.8.3/../../../../arm-none-eabi/lib/armv6-m\libm.a(lib_a-s_floor.o)
                              Rotation.o (floor)
c:/programdata/matlab/supportpackages/r2023a/aide/tools/arm-none-eabi-gcc/4.8.3-2014q1/bin/../lib/gcc/arm-none-eabi/4.8.3/../../../../arm-none-eabi/lib/armv6-m\libm.a(lib_a-w_fmod.o)
                              xcp_ext_common.o (fmod)
c:/programdata/matlab/supportpackages/r2023a/aide/tools/arm-none-eabi-gcc/4.8.3-2014q1/bin/../lib/gcc/arm-none-eabi/4.8.3/../../../../arm-none-eabi/lib/armv6-m\libm.a(lib_a-e_fmod.o)
                              c:/programdata/matlab/supportpackages/r2023a/aide/tools/arm-none-eabi-gcc/4.8.3-2014q1/bin/../lib/gcc/arm-none-eabi/4.8.3/../../../../arm-none-eabi/lib/armv6-m\libm.a(lib_a-w_fmod.o) (__ieee754_fmod)
c:/programdata/matlab/supportpackages/r2023a/aide/tools/arm-none-eabi-gcc/4.8.3-2014q1/bin/../lib/gcc/arm-none-eabi/4.8.3/../../../../arm-none-eabi/lib/armv6-m\libm.a(lib_a-s_fpclassify.o)
                              c:/programdata/matlab/supportpackages/r2023a/aide/tools/arm-none-eabi-gcc/4.8.3-2014q1/bin/../lib/gcc/arm-none-eabi/4.8.3/../../../../arm-none-eabi/lib/armv6-m\libm.a(lib_a-w_fmod.o) (__fpclassifyd)
c:/programdata/matlab/supportpackages/r2023a/aide/tools/arm-none-eabi-gcc/4.8.3-2014q1/bin/../lib/gcc/arm-none-eabi/4.8.3/../../../../arm-none-eabi/lib/armv6-m\libm.a(lib_a-s_lib_ver.o)
                              c:/programdata/matlab/supportpackages/r2023a/aide/tools/arm-none-eabi-gcc/4.8.3-2014q1/bin/../lib/gcc/arm-none-eabi/4.8.3/../../../../arm-none-eabi/lib/armv6-m\libm.a(lib_a-w_fmod.o) (__fdlib_version)
c:/programdata/matlab/supportpackages/r2023a/aide/tools/arm-none-eabi-gcc/4.8.3-2014q1/bin/../lib/gcc/arm-none-eabi/4.8.3/../../../../arm-none-eabi/lib/armv6-m\libm.a(lib_a-s_matherr.o)
                              c:/programdata/matlab/supportpackages/r2023a/aide/tools/arm-none-eabi-gcc/4.8.3-2014q1/bin/../lib/gcc/arm-none-eabi/4.8.3/../../../../arm-none-eabi/lib/armv6-m\libm.a(lib_a-w_fmod.o) (matherr)
C:/Users/ankus/DOCUME~1/MATLAB/R2023a/ARDUIN~1/ARDUIN~1/FASTER~1\libcore.a(cortex_handlers.o)
                              (Reset_Handler)
C:/Users/ankus/DOCUME~1/MATLAB/R2023a/ARDUIN~1/ARDUIN~1/FASTER~1\libcore.a(hooks.o)
                              C:/Users/ankus/DOCUME~1/MATLAB/R2023a/ARDUIN~1/ARDUIN~1/FASTER~1\libcore.a(cortex_handlers.o) (sysTickHook)
C:/Users/ankus/DOCUME~1/MATLAB/R2023a/ARDUIN~1/ARDUIN~1/FASTER~1\libcore.a(delay.o)
                              io_wrappers.o (millis)
C:/Users/ankus/DOCUME~1/MATLAB/R2023a/ARDUIN~1/ARDUIN~1/FASTER~1\libcore.a(startup.o)
                              C:/Users/ankus/DOCUME~1/MATLAB/R2023a/ARDUIN~1/ARDUIN~1/FASTER~1\libcore.a(cortex_handlers.o) (SystemInit)
C:/Users/ankus/DOCUME~1/MATLAB/R2023a/ARDUIN~1/ARDUIN~1/FASTER~1\libcore.a(wiring.o)
                              ert_main.o (init)
C:/Users/ankus/DOCUME~1/MATLAB/R2023a/ARDUIN~1/ARDUIN~1/FASTER~1\libcore.a(wiring_analog.o)
                              C:/Users/ankus/DOCUME~1/MATLAB/R2023a/ARDUIN~1/ARDUIN~1/FASTER~1\libcore.a(wiring.o) (analogReference)
C:/Users/ankus/DOCUME~1/MATLAB/R2023a/ARDUIN~1/ARDUIN~1/FASTER~1\libcore.a(wiring_digital.o)
                              MW_PWM.o (pinMode)
C:/Users/ankus/DOCUME~1/MATLAB/R2023a/ARDUIN~1/ARDUIN~1/FASTER~1\libcore.a(wiring_private.o)
                              MW_PWMDriver.o (pinPeripheral)
C:/Users/ankus/DOCUME~1/MATLAB/R2023a/ARDUIN~1/ARDUIN~1/FASTER~1\libcore.a(Reset.o)
                              C:/Users/ankus/DOCUME~1/MATLAB/R2023a/ARDUIN~1/ARDUIN~1/FASTER~1\libcore.a(delay.o) (tickReset)
C:/Users/ankus/DOCUME~1/MATLAB/R2023a/ARDUIN~1/ARDUIN~1/FASTER~1\libcore.a(Uart.o)
                              io_wrappers.o (Uart::begin(unsigned long, unsigned short))
C:/Users/ankus/DOCUME~1/MATLAB/R2023a/ARDUIN~1/ARDUIN~1/FASTER~1\libcore.a(CDC.o)
                              rtiostream_serial_daemon.o (Serial_::available())
C:/Users/ankus/DOCUME~1/MATLAB/R2023a/ARDUIN~1/ARDUIN~1/FASTER~1\libcore.a(PluggableUSB.o)
                              C:/Users/ankus/DOCUME~1/MATLAB/R2023a/ARDUIN~1/ARDUIN~1/FASTER~1\libcore.a(CDC.o) (PluggableUSB_::plug(PluggableUSBModule*))
C:/Users/ankus/DOCUME~1/MATLAB/R2023a/ARDUIN~1/ARDUIN~1/FASTER~1\libcore.a(USBCore.o)
                              io_wrappers.o (USBDeviceClass::init())
C:/Users/ankus/DOCUME~1/MATLAB/R2023a/ARDUIN~1/ARDUIN~1/FASTER~1\libcore.a(variant.o)
                              io_wrappers.o (Serial1)
C:/Users/ankus/DOCUME~1/MATLAB/R2023a/ARDUIN~1/ARDUIN~1/FASTER~1\libcore.a(abi.o)
[...]
Memory Configuration

Name             Origin             Length             Attributes
FLASH            0x00002000         0x0003e000         xr
RAM              0x20000000         0x00008000         xrw
*default*        0x00000000         0xffffffff

Linker script and memory map

LOAD c:/programdata/matlab/supportpackages/r2023a/aide/tools/arm-none-eabi-gcc/4.8.3-2014q1/bin/../lib/gcc/arm-none-eabi/4.8.3/armv6-m/crti.o
LOAD c:/programdata/matlab/supportpackages/r2023a/aide/tools/arm-none-eabi-gcc/4.8.3-2014q1/bin/../lib/gcc/arm-none-eabi/4.8.3/armv6-m/crtbegin.o
LOAD c:/programdata/matlab/supportpackages/r2023a/aide/tools/arm-none-eabi-gcc/4.8.3-2014q1/bin/../lib/gcc/arm-none-eabi/4.8.3/../../../../arm-none-eabi/lib/armv6-m/crt0.o
START GROUP
LOAD C:/ProgramData/MATLAB/SupportPackages/R2023a/aIDE/portable/packages/arduino/tools/CMSIS/4.5.0/CMSIS/Lib/GCC\libarm_cortexM0l_math.a
LOAD MW_PWM.o
LOAD MW_PWMDriver.o
LOAD ArduinoPinHandleMap.o
LOAD MW_arduino_digitalio.o
LOAD xcp_ext_mode.o
LOAD Rotation.o
LOAD Rotation_data.o
LOAD xcp_ext_common.o
LOAD xcp_ext_classic_trigger.o
LOAD xcp.o
LOAD xcp_standard.o
LOAD xcp_daq.o
LOAD xcp_calibration.o
LOAD xcp_fifo.o
LOAD xcp_transport.o
LOAD xcp_mem_default.o
LOAD xcp_drv_rtiostream.o
LOAD xcp_utils.o
LOAD xcp_frame_serial.o
LOAD xcp_ext_param_default_serial.o
LOAD MW_ArduinoHWInit.o
LOAD io_wrappers.o
LOAD arduinoARM_M0plusScheduler.o
LOAD m0m1m0plus_multitasking.o
LOAD rtiostream_serial_daemon.o
LOAD sys_arch.o
LOAD ert_main.o
LOAD C:/Users/ankus/DOCUME~1/MATLAB/R2023a/ARDUIN~1/ARDUIN~1/FASTER~1/MW_RebuildSrc_Core.o
END GROUP
LOAD c:/programdata/matlab/supportpackages/r2023a/aide/tools/arm-none-eabi-gcc/4.8.3-2014q1/bin/../lib/gcc/arm-none-eabi/4.8.3/../../../../arm-none-eabi/lib/armv6-m\libm.a
LOAD C:/Users/ankus/DOCUME~1/MATLAB/R2023a/ARDUIN~1/ARDUIN~1/FASTER~1\libcore.a
START GROUP
LOAD c:/programdata/matlab/supportpackages/r2023a/aide/tools/arm-none-eabi-gcc/4.8.3-2014q1/bin/../lib/gcc/arm-none-eabi/4.8.3/armv6-m\libgcc.a
LOAD c:/programdata/matlab/supportpackages/r2023a/aide/tools/arm-none-eabi-gcc/4.8.3-2014q1/bin/../lib/gcc/arm-none-eabi/4.8.3/../../../../arm-none-eabi/lib/armv6-m\libg_s.a
LOAD c:/programdata/matlab/supportpackages/r2023a/aide/tools/arm-none-eabi-gcc/4.8.3-2014q1/bin/../lib/gcc/arm-none-eabi/4.8.3/../../../../arm-none-eabi/lib/armv6-m\libc_s.a
END GROUP
START GROUP
LOAD c:/programdata/matlab/supportpackages/r2023a/aide/tools/arm-none-eabi-gcc/4.8.3-2014q1/bin/../lib/gcc/arm-none-eabi/4.8.3/armv6-m\libgcc.a
LOAD c:/programdata/matlab/supportpackages/r2023a/aide/tools/arm-none-eabi-gcc/4.8.3-2014q1/bin/../lib/gcc/arm-none-eabi/4.8.3/../../../../arm-none-eabi/lib/armv6-m\libc_s.a
LOAD c:/programdata/matlab/supportpackages/r2023a/aide/tools/arm-none-eabi-gcc/4.8.3-2014q1/bin/../lib/gcc/arm-none-eabi/4.8.3/../../../../arm-none-eabi/lib/armv6-m\libnosys.a
END GROUP
START GROUP
LOAD c:/programdata/matlab/supportpackages/r2023a/aide/tools/arm-none-eabi-gcc/4.8.3-2014q1/bin/../lib/gcc/arm-none-eabi/4.8.3/armv6-m\libgcc.a
LOAD c:/programdata/matlab/supportpackages/r2023a/aide/tools/arm-none-eabi-gcc/4.8.3-2014q1/bin/../lib/gcc/arm-none-eabi/4.8.3/../../../../arm-none-eabi/lib/armv6-m\libc_s.a
LOAD c:/programdata/matlab/supportpackages/r2023a/aide/tools/arm-none-eabi-gcc/4.8.3-2014q1/bin/../lib/gcc/arm-none-eabi/4.8.3/../../../../arm-none-eabi/lib/armv6-m\libnosys.a
END GROUP
LOAD c:/programdata/matlab/supportpackages/r2023a/aide/tools/arm-none-eabi-gcc/4.8.3-2014q1/bin/../lib/gcc/arm-none-eabi/4.8.3/armv6-m/crtend.o
LOAD c:/programdata/matlab/supportpackages/r2023a/aide/tools/arm-none-eabi-gcc/4.8.3-2014q1/bin/../lib/gcc/arm-none-eabi/4.8.3/armv6-m/crtn.o

.text           0x00002000     0x8c58
                0x00002000                __text_start__ = .
 *(.sketch_boot)
                0x00002000                . = ALIGN (0x2000)
 *(.isr_vector)
 .isr_vector    0x00002000       0xb4 C:/Users/ankus/DOCUME~1/MATLAB/R2023a/ARDUIN~1/ARDUIN~1/FASTER~1\libcore.a(cortex_handlers.o)
                0x00002000                exception_table
 *(.text*)
 .text          0x000020b4       0x60 c:/programdata/matlab/supportpackages/r2023a/aide/tools/arm-none-eabi-gcc/4.8.3-2014q1/bin/../lib/gcc/arm-none-eabi/4.8.3/armv6-m/crtbegin.o
 *fill*         0x00002114        0x4 
 .text.MW_PWM_SetDutyCycle
                0x00002118       0x58 MW_PWM.o
                0x00002118                MW_PWM_SetDutyCycle
 .text.MW_PWM_GetHandle
                0x00002170       0x24 MW_PWM.o
                0x00002170                MW_PWM_GetHandle
 .text.setPWMHandle
                0x00002194       0x2c MW_PWM.o
                0x00002194                setPWMHandle
 .text.MW_PWM_Open
                0x000021c0       0x58 MW_PWM.o
                0x000021c0                MW_PWM_Open
 .text.MW_PWM_Close
                0x00002218       0x16 MW_PWM.o
                0x00002218                MW_PWM_Close
 *fill*         0x0000222e        0x2 
 .text.MW_analogWrite
                0x00002230       0xd4 MW_PWMDriver.o
                0x00002230                MW_analogWrite
 .text.MW_setAnalogFrequency
                0x00002304      0x13c MW_PWMDriver.o
                0x00002304                MW_setAnalogFrequency
 .text.digitalIOSetup
                0x00002440       0x12 MW_arduino_digitalio.o
                0x00002440                digitalIOSetup
 .text.writeDigitalPin
                0x00002452        0xe MW_arduino_digitalio.o
                0x00002452                writeDigitalPin
 .text.readDigitalPin
                0x00002460       0x10 MW_arduino_digitalio.o
                0x00002460                readDigitalPin
 .text.extmodeParseArgs
                0x00002470        0x4 xcp_ext_mode.o
                0x00002470                extmodeParseArgs
 *fill*         0x00002474        0x4 
 .text.extmodeInit
                0x00002478       0xa8 xcp_ext_mode.o
                0x00002478                extmodeInit
 .text.extmodeWaitForHostRequest
                0x00002520       0x88 xcp_ext_mode.o
                0x00002520                extmodeWaitForHostRequest
 .text.extmodeEvent
                0x000025a8       0x90 xcp_ext_mode.o
                0x000025a8                extmodeEvent
 .text.extmodeBackgroundRun
                0x00002638        0xa xcp_ext_mode.o
                0x00002638                extmodeBackgroundRun
 *fill*         0x00002642        0x2 
 .text.extmodeReset
                0x00002644       0x28 xcp_ext_mode.o
                0x00002644                extmodeReset
 .text.extmodeStopRequested
                0x0000266c        0xc xcp_ext_mode.o
                0x0000266c                extmodeStopRequested
 .text.extmodeSimulationComplete
                0x00002678        0xc xcp_ext_mode.o
                0x00002678                extmodeSimulationComplete
 .text.binsearch_u32d
                0x00002684       0x38 Rotation.o
                0x00002684                binsearch_u32d
 .text.plook_u32d_binckan
                0x000026bc       0x84 Rotation.o
                0x000026bc                plook_u32d_binckan
 .text.rt_roundd_snf
                0x00002740       0x90 Rotation.o
                0x00002740                rt_roundd_snf
 .text.Rotation_step
                0x000027d0      0x450 Rotation.o
                0x000027d0                Rotation_step
 .text.Rotation_initialize
                0x00002c20      0x178 Rotation.o
                0x00002c20                Rotation_initialize
 .text.Rotation_terminate
                0x00002d98       0xc8 Rotation.o
                0x00002d98                Rotation_terminate
 .text.xcpExtModeUpdateTime
                0x00002e60       0xf0 xcp_ext_common.o
                0x00002e60                xcpExtModeUpdateTime
 .text.xcpExtModeGetUpdatedTimestamp
                0x00002f50       0x48 xcp_ext_common.o
                0x00002f50                xcpExtModeGetUpdatedTimestamp
 .text.xcpExtModeInit
                0x00002f98       0x50 xcp_ext_common.o
                0x00002f98                xcpExtModeInit
 .text.xcpExtModeRunBackground
                0x00002fe8       0x74 xcp_ext_common.o
                0x00002fe8                xcpExtModeRunBackground
 *fill*         0x0000305c        0x4 
 .text.xcpExtModeReset
                0x00003060       0xb8 xcp_ext_common.o
                0x00003060                xcpExtModeReset
 .text.xcpExtModeClassicTriggerInit
                0x00003118       0x58 xcp_ext_classic_trigger.o
                0x00003118                xcpExtModeClassicTriggerInit
 .text.xcpExtModeClassicTriggerEnabled
                0x00003170      0x34c xcp_ext_classic_trigger.o
                0x00003170                xcpExtModeClassicTriggerEnabled
 *fill*         0x000034bc        0x4 
 .text.xcpExtModeClassicTriggerReset
                0x000034c0       0xc8 xcp_ext_classic_trigger.o
                0x000034c0                xcpExtModeClassicTriggerReset
 .text.xcpExtModeClassicTriggerForceEnableStatusUpdate
                0x00003588       0x50 xcp_ext_classic_trigger.o
                0x00003588                xcpExtModeClassicTriggerForceEnableStatusUpdate
 .text.unknownInputPacketHandler
                0x000035d8        0xa xcp.o
 .text.discardInputPacketHandler
                0x000035e2       0x12 xcp.o
 .text.genericOutputPacketHandler
                0x000035f4       0x68 xcp.o
                0x000035f4                genericOutputPacketHandler
 .text.xcpStatusSet
                0x0000365c        0xc xcp.o
                0x0000365c                xcpStatusSet
 .text.xcpSessionStatusGet
                0x00003668        0xc xcp.o
                0x00003668                xcpSessionStatusGet
 .text.xcpSessionStatusSetMask
                0x00003674       0x10 xcp.o
                0x00003674                xcpSessionStatusSetMask
 .text.xcpSessionStatusClearMask
                0x00003684       0x10 xcp.o
                0x00003684                xcpSessionStatusClearMask
 .text.xcpResourceProtectionStatusGet
                0x00003694        0xc xcp.o
                0x00003694                xcpResourceProtectionStatusGet
 .text.xcpSessionConfigurationIdGet
                0x000036a0        0xc xcp.o
                0x000036a0                xcpSessionConfigurationIdGet
 .text.xcpFindPacket
                0x000036ac       0x2a xcp.o
                0x000036ac                xcpFindPacket
 *fill*         0x000036d6        0x2 
 .text.xcpInit  0x000036d8       0x40 xcp.o
                0x000036d8                xcpInit
 .text.xcpRun   0x00003718      0x1a0 xcp.o
                0x00003718                xcpRun
 .text.xcpEventExternalTimestamp
                0x000038b8       0x1c xcp.o
                0x000038b8                xcpEventExternalTimestamp
 .text.xcpGetStatus
                0x000038d4        0xc xcp.o
                0x000038d4                xcpGetStatus
 .text.xcpReset
                0x000038e0       0x28 xcp.o
                0x000038e0                xcpReset
 .text.xcpPackedModeEventsFlush
                0x00003908        0x8 xcp.o
                0x00003908                xcpPackedModeEventsFlush
 .text.xcpPackedModeEventReset
                0x00003910        0xc xcp.o
                0x00003910                xcpPackedModeEventReset
 .text.getStatusInputPacketHandler
                0x0000391c        0x8 xcp_standard.o
 .text.getPacket
                0x00003924       0x10 xcp_standard.o
 .text.uploadInputPacketHandler
                0x00003934       0x40 xcp_standard.o
 .text.synchInputPacketHandler
                0x00003974       0x1e xcp_standard.o
 .text.getStatusOutputPacketHandler
                0x00003992       0x2a xcp_standard.o
 .text.disconnectInputPacketHandler
                0x000039bc       0x24 xcp_standard.o
 .text.connectInputPacketHandler
                0x000039e0       0x34 xcp_standard.o
 .text.connectOutputPacketHandler
                0x00003a14       0x3e xcp_standard.o
 *fill*         0x00003a52        0x2 
 .text.xcpStandardInit
                0x00003a54       0x10 xcp_standard.o
                0x00003a54                xcpStandardInit
 .text.xcpStandardGetPacketLookup
                0x00003a64        0xc xcp_standard.o
                0x00003a64                xcpStandardGetPacketLookup
 .text.xcpStandardReset
                0x00003a70        0xc xcp_standard.o
                0x00003a70                xcpStandardReset
 .text.xcpStandardGetAddressFromMta
                0x00003a7c        0xc xcp_standard.o
                0x00003a7c                xcpStandardGetAddressFromMta
 .text.xcpStandardSetMta
                0x00003a88       0x1c xcp_standard.o
                0x00003a88                xcpStandardSetMta
 .text.shortUploadInputPacketHandler
                0x00003aa4       0x54 xcp_standard.o
 .text.setMTAInputPacketHandler
                0x00003af8       0x36 xcp_standard.o
 *fill*         0x00003b2e        0x2 
 .text.xcpStandardIncrementMta
                0x00003b30       0x10 xcp_standard.o
                0x00003b30                xcpStandardIncrementMta
 .text.shortUploadOutputPacketHandler
                0x00003b40       0x40 xcp_standard.o
 .text.uploadOutputPacketHandler
                0x00003b80       0x40 xcp_standard.o
 .text.isActiveDaqList
                0x00003bc0       0x20 xcp_daq.o
 .text.noActiveDaqLists
                0x00003be0       0x2c xcp_daq.o
 .text.isValidDaqPtr
                0x00003c0c       0x44 xcp_daq.o
 .text.isDaqPackedModeEnabled
                0x00003c50       0x30 xcp_daq.o
 .text.odtPacketSize
                0x00003c80       0x22 xcp_daq.o
 *fill*         0x00003ca2        0x2 
 .text.setDaqPtrInputPacketHandler
                0x00003ca4       0x50 xcp_daq.o
 .text.writeDaqInputPacketHandler
                0x00003cf4       0x98 xcp_daq.o
 .text.setDaqListModeInputPacketHandler
                0x00003d8c       0x88 xcp_daq.o
 .text.getDaqProcessorInfoInputPacketHandler
                0x00003e14        0x8 xcp_daq.o
 .text.getDaqResolutionInfoInputPacketHandler
                0x00003e1c        0x8 xcp_daq.o
 .text.level1CommandInputPacketHandler
                0x00003e24       0x98 xcp_daq.o
 .text.getDaqResolutionInfoOutputPacketHandler
                0x00003ebc       0x28 xcp_daq.o
 .text.getDaqProcessorInfoOutputPacketHandler
                0x00003ee4       0x2a xcp_daq.o
 *fill*         0x00003f0e        0x2 
 .text.getPacket
                0x00003f10       0x10 xcp_daq.o
 .text.allocOdtEntryInputPacketHandler
                0x00003f20       0xa0 xcp_daq.o
 .text.allocOdtInputPacketHandler
                0x00003fc0       0x8c xcp_daq.o
 .text.allocDaqInputPacketHandler
                0x0000404c       0x8c xcp_daq.o
 .text.createDaqReservedPool
                0x000040d8       0x42 xcp_daq.o
 *fill*         0x0000411a        0x2 
 .text.startStopDaqListOutputPacketHandler
                0x0000411c       0x2c xcp_daq.o
 .text.xcpDaqWriteLock.isra.2
                0x00004148       0x28 xcp_daq.o
 .text.xcpDaqWriteUnlock.isra.3
                0x00004170       0x10 xcp_daq.o
 .text.startStopDaqListInputPacketHandler
                0x00004180      0x1d8 xcp_daq.o
 .text.startStopSynchInputPacketHandler
                0x00004358      0x13c xcp_daq.o
 .text.xcpDaqInit
                0x00004494       0x2c xcp_daq.o
                0x00004494                xcpDaqInit
 .text.xcpDaqGetPacketLookup
                0x000044c0        0xc xcp_daq.o
                0x000044c0                xcpDaqGetPacketLookup
 .text.xcpDaqEvent
                0x000044cc      0x29c xcp_daq.o
                0x000044cc                xcpDaqEvent
 .text.xcpDaqEventsFlush
                0x00004768       0xe0 xcp_daq.o
                0x00004768                xcpDaqEventsFlush
 .text.xcpDaqLock
                0x00004848        0x8 xcp_daq.o
                0x00004848                xcpDaqLock
 .text.xcpDaqUnlock
                0x00004850        0x8 xcp_daq.o
                0x00004850                xcpDaqUnlock
 .text.xcpResetDaqListStatus
                0x00004858       0xb0 xcp_daq.o
                0x00004858                xcpResetDaqListStatus
 .text.freeDaqInputPacketHandler
                0x00004908       0x24 xcp_daq.o
 .text.xcpDaqReset
                0x0000492c       0x1c xcp_daq.o
                0x0000492c                xcpDaqReset
 .text.getPacket
                0x00004948       0x10 xcp_calibration.o
 .text.shortDownloadInputPacketHandler
                0x00004958       0x60 xcp_calibration.o
 .text.downloadInputPacketHandler
                0x000049b8       0x4e xcp_calibration.o
 *fill*         0x00004a06        0x2 
 .text.xcpCalibrationInit
                0x00004a08       0x10 xcp_calibration.o
                0x00004a08                xcpCalibrationInit
 .text.xcpCalibrationGetPacketLookup
                0x00004a18        0xc xcp_calibration.o
                0x00004a18                xcpCalibrationGetPacketLookup
 .text.xcpCalibrationReset
                0x00004a24        0x2 xcp_calibration.o
                0x00004a24                xcpCalibrationReset
 .text.xcpFifoInit
                0x00004a26        0x8 xcp_fifo.o
                0x00004a26                xcpFifoInit
 .text.xcpFifoEnqueue
                0x00004a2e        0xc xcp_fifo.o
                0x00004a2e                xcpFifoEnqueue
 .text.xcpFifoDequeue
                0x00004a3a       0x16 xcp_fifo.o
                0x00004a3a                xcpFifoDequeue
 .text.xcpFifoEnqueueHead
                0x00004a50        0xe xcp_fifo.o
                0x00004a50                xcpFifoEnqueueHead
 .text.xcpFifoReset
                0x00004a5e        0x8 xcp_fifo.o
                0x00004a5e                xcpFifoReset
 *fill*         0x00004a66        0x2 
 .text.xcpTransportEmptyTxFifo
                0x00004a68       0x44 xcp_transport.o
 .text.xcpTransportEmptyRxFifo
                0x00004aac       0x38 xcp_transport.o
 .text.xcpTransportTxReady
                0x00004ae4        0x4 xcp_transport.o
                0x00004ae4                xcpTransportTxReady
 .text.xcpTransportTxTrigger
                0x00004ae8        0x4 xcp_transport.o
                0x00004ae8                xcpTransportTxTrigger
 .text.xcpTransportTx
                0x00004aec       0x8c xcp_transport.o
                0x00004aec                xcpTransportTx
 .text.xcpTransportRx
                0x00004b78       0x50 xcp_transport.o
                0x00004b78                xcpTransportRx
 .text.xcpTransportPacketOffset
                0x00004bc8        0xa xcp_transport.o
                0x00004bc8                xcpTransportPacketOffset
 *fill*         0x00004bd2        0x2 
 .text.xcpTransportTxPacketSet
                0x00004bd4       0x80 xcp_transport.o
                0x00004bd4                xcpTransportTxPacketSet
 .text.xcpTransportRxPacketGet
                0x00004c54       0x84 xcp_transport.o
                0x00004c54                xcpTransportRxPacketGet
 .text.xcpTransportMsgBufferSize
                0x00004cd8       0x2a xcp_transport.o
                0x00004cd8                xcpTransportMsgBufferSize
 *fill*         0x00004d02        0x2 
 .text.xcpTransportInit
                0x00004d04       0x84 xcp_transport.o
                0x00004d04                xcpTransportInit
 .text.xcpTransportMaxDtoSize
                0x00004d88        0x8 xcp_transport.o
                0x00004d88                xcpTransportMaxDtoSize
 .text.xcpTransportMaxCtoSize
                0x00004d90        0x8 xcp_transport.o
                0x00004d90                xcpTransportMaxCtoSize
 .text.xcpTransportRestart
                0x00004d98       0x16 xcp_transport.o
                0x00004d98                xcpTransportRestart
 .text.xcpTransportResynch
                0x00004dae       0x12 xcp_transport.o
                0x00004dae                xcpTransportResynch
 .text.xcpTransportCtoReservedMemPoolId
                0x00004dc0        0xc xcp_transport.o
                0x00004dc0                xcpTransportCtoReservedMemPoolId
 .text.xcpTransportReset
                0x00004dcc       0x58 xcp_transport.o
                0x00004dcc                xcpTransportReset
 .text.xcpInitializePoolMemoryArea
                0x00004e24       0x34 xcp_mem_default.o
 .text.xcpMemInit
                0x00004e58       0xb0 xcp_mem_default.o
                0x00004e58                xcpMemInit
 .text.xcpMemAlloc
                0x00004f08       0x64 xcp_mem_default.o
                0x00004f08                xcpMemAlloc
 .text.xcpMemFree
                0x00004f6c       0x78 xcp_mem_default.o
                0x00004f6c                xcpMemFree
 .text.xcpMemReservedPoolCreate
                0x00004fe4       0xf0 xcp_mem_default.o
                0x00004fe4                xcpMemReservedPoolCreate
 .text.xcpMemReservedPoolDestroy
                0x000050d4       0x90 xcp_mem_default.o
                0x000050d4                xcpMemReservedPoolDestroy
 .text.xcpMemCustomPoolCreate
                0x00005164       0x54 xcp_mem_default.o
                0x00005164                xcpMemCustomPoolCreate
 .text.xcpMemCustomPoolDestroy
                0x000051b8       0x2c xcp_mem_default.o
                0x000051b8                xcpMemCustomPoolDestroy
 .text.xcpMemAllocFromPool
                0x000051e4       0x7c xcp_mem_default.o
                0x000051e4                xcpMemAllocFromPool
 .text.xcpMemReset
                0x00005260       0x48 xcp_mem_default.o
                0x00005260                xcpMemReset
 .text.xcpDrvOpen
                0x000052a8       0x24 xcp_drv_rtiostream.o
                0x000052a8                xcpDrvOpen
 .text.xcpDrvIoctl
                0x000052cc       0x18 xcp_drv_rtiostream.o
                0x000052cc                xcpDrvIoctl
 .text.xcpDrvSend
                0x000052e4       0x94 xcp_drv_rtiostream.o
                0x000052e4                xcpDrvSend
 .text.xcpDrvRecv
                0x00005378       0x94 xcp_drv_rtiostream.o
                0x00005378                xcpDrvRecv
 .text.xcpDrvClose
                0x0000540c       0x28 xcp_drv_rtiostream.o
                0x0000540c                xcpDrvClose
 .text.xcpSortArray
                0x00005434       0x3e xcp_utils.o
                0x00005434                xcpSortArray
 *fill*         0x00005472        0x2 
 .text.xcpSxiChecksum
                0x00005474       0x20 xcp_frame_serial.o
                0x00005474                xcpSxiChecksum
 .text.xcpFrameInit
                0x00005494       0x3c xcp_frame_serial.o
                0x00005494                xcpFrameInit
 .text.xcpFrameMsgSend
                0x000054d0       0xa4 xcp_frame_serial.o
                0x000054d0                xcpFrameMsgSend
 .text.xcpFrameMsgRecv
                0x00005574       0xbc xcp_frame_serial.o
                0x00005574                xcpFrameMsgRecv
 .text.xcpFrameCreateMsg
                0x00005630       0x28 xcp_frame_serial.o
                0x00005630                xcpFrameCreateMsg
 .text.xcpFrameExtractPacket
                0x00005658       0xa8 xcp_frame_serial.o
                0x00005658                xcpFrameExtractPacket
 .text.xcpFrameHeaderSize
                0x00005700        0x4 xcp_frame_serial.o
                0x00005700                xcpFrameHeaderSize
 .text.xcpFrameTailSize
                0x00005704        0x4 xcp_frame_serial.o
                0x00005704                xcpFrameTailSize
 .text.xcpFrameMaxDtoSize
                0x00005708        0x8 xcp_frame_serial.o
                0x00005708                xcpFrameMaxDtoSize
 .text.xcpFrameMaxCtoSize
                0x00005710        0x4 xcp_frame_serial.o
                0x00005710                xcpFrameMaxCtoSize
 .text.xcpFrameRestart
                0x00005714       0x1c xcp_frame_serial.o
                0x00005714                xcpFrameRestart
 .text.xcpFrameSetCtoReservedMemPoolId
                0x00005730        0xc xcp_frame_serial.o
                0x00005730                xcpFrameSetCtoReservedMemPoolId
 .text.xcpFrameReset
                0x0000573c       0x38 xcp_frame_serial.o
                0x0000573c                xcpFrameReset
 .text.xcpTransportGetInitParameters
                0x00005774       0x10 xcp_ext_param_default_serial.o
                0x00005774                xcpTransportGetInitParameters
 .text.xcpGetInitParameters
                0x00005784       0x10 xcp_ext_param_default_serial.o
                0x00005784                xcpGetInitParameters
 .text.MW_Arduino_Init
                0x00005794       0x14 MW_ArduinoHWInit.o
                0x00005794                MW_Arduino_Init
 .text.MW_Arduino_Terminate
                0x000057a8        0x8 MW_ArduinoHWInit.o
                0x000057a8                MW_Arduino_Terminate
 .text.MW_usbattach
                0x000057b0       0x1c io_wrappers.o
                0x000057b0                MW_usbattach
 .text.Serial_begin
                0x000057cc       0x48 io_wrappers.o
                0x000057cc                Serial_begin
 .text.resetExternalChip
                0x00005814        0x2 arduinoARM_M0plusScheduler.o
                0x00005814                resetExternalChip
 .text.configureArduinoARM_M0plusTimer
                0x00005816        0x2 arduinoARM_M0plusScheduler.o
                0x00005816                configureArduinoARM_M0plusTimer
 .text.disable_rt_OneStep
                0x00005818        0x4 arduinoARM_M0plusScheduler.o
                0x00005818                disable_rt_OneStep
 .text.MW_Arduino_Loop
                0x0000581c       0x2c arduinoARM_M0plusScheduler.o
                0x0000581c                MW_Arduino_Loop
 .text.SVC_Handler
                0x00005848       0x2c m0m1m0plus_multitasking.o
                0x00005848                SVC_Handler
 .text.rtIOStreamOpen
                0x00005874       0x2c rtiostream_serial_daemon.o
                0x00005874                rtIOStreamOpen
 .text.rtIOStreamRecv
                0x000058a0       0x64 rtiostream_serial_daemon.o
                0x000058a0                rtIOStreamRecv
 .text.rtIOStreamClose
                0x00005904       0x24 rtiostream_serial_daemon.o
                0x00005904                rtIOStreamClose
 .text.rtIOStreamSend
                0x00005928       0x18 rtiostream_serial_daemon.o
                0x00005928                rtIOStreamSend
 .text.sys_arch_protect
                0x00005940        0x8 sys_arch.o
                0x00005940                sys_arch_protect
 .text.sys_arch_unprotect
                0x00005948        0x6 sys_arch.o
                0x00005948                sys_arch_unprotect
 *fill*         0x0000594e        0x2 
 .text.rt_OneStep
                0x00005950       0x2c ert_main.o
                0x00005950                rt_OneStep
 .text.startup.main
                0x0000597c       0xec ert_main.o
                0x0000597c                main
 .text.ceil     0x00005a68      0x168 c:/programdata/matlab/supportpackages/r2023a/aide/tools/arm-none-eabi-gcc/4.8.3-2014q1/bin/../lib/gcc/arm-none-eabi/4.8.3/../../../../arm-none-eabi/lib/armv6-m\libm.a(lib_a-s_ceil.o)
                0x00005a68                ceil
 .text.floor    0x00005bd0      0x170 c:/programdata/matlab/supportpackages/r2023a/aide/tools/arm-none-eabi-gcc/4.8.3-2014q1/bin/../lib/gcc/arm-none-eabi/4.8.3/../../../../arm-none-eabi/lib/armv6-m\libm.a(lib_a-s_floor.o)
                0x00005bd0                floor
 .text.fmod     0x00005d40       0xd0 c:/programdata/matlab/supportpackages/r2023a/aide/tools/arm-none-eabi-gcc/4.8.3-2014q1/bin/../lib/gcc/arm-none-eabi/4.8.3/../../../../arm-none-eabi/lib/armv6-m\libm.a(lib_a-w_fmod.o)
                0x00005d40                fmod
 .text.__ieee754_fmod
                0x00005e10      0x29c c:/programdata/matlab/supportpackages/r2023a/aide/tools/arm-none-eabi-gcc/4.8.3-2014q1/bin/../lib/gcc/arm-none-eabi/4.8.3/../../../../arm-none-eabi/lib/armv6-m\libm.a(lib_a-e_fmod.o)
                0x00005e10                __ieee754_fmod
 .text.__fpclassifyd
                0x000060ac       0x60 c:/programdata/matlab/supportpackages/r2023a/aide/tools/arm-none-eabi-gcc/4.8.3-2014q1/bin/../lib/gcc/arm-none-eabi/4.8.3/../../../../arm-none-eabi/lib/armv6-m\libm.a(lib_a-s_fpclassify.o)
                0x000060ac                __fpclassifyd
 .text.matherr  0x0000610c        0x4 c:/programdata/matlab/supportpackages/r2023a/aide/tools/arm-none-eabi-gcc/4.8.3-2014q1/bin/../lib/gcc/arm-none-eabi/4.8.3/../../../../arm-none-eabi/lib/armv6-m\libm.a(lib_a-s_matherr.o)
                0x0000610c                matherr
 .text.Dummy_Handler
                0x00006110        0x2 C:/Users/ankus/DOCUME~1/MATLAB/R2023a/ARDUIN~1/ARDUIN~1/FASTER~1\libcore.a(cortex_handlers.o)
                0x00006110                DMAC_Handler
                0x00006110                HardFault_Handler
                0x00006110                AC_Handler
                0x00006110                PendSV_Handler
                0x00006110                NMI_Handler
                0x00006110                TC7_Handler
                0x00006110                SERCOM1_Handler
                0x00006110                ADC_Handler
                0x00006110                TCC1_Handler
                0x00006110                TCC0_Handler
                0x00006110                RTC_Handler
                0x00006110                EIC_Handler
                0x00006110                TC6_Handler
                0x00006110                WDT_Handler
                0x00006110                TC4_Handler
                0x00006110                TC3_Handler
                0x00006110                Dummy_Handler
                0x00006110                PM_Handler
                0x00006110                TCC2_Handler
                0x00006110                EVSYS_Handler
                0x00006110                SERCOM4_Handler
                0x00006110                I2S_Handler
                0x00006110                NVMCTRL_Handler
                0x00006110                SERCOM0_Handler
                0x00006110                DAC_Handler
                0x00006110                PTC_Handler
                0x00006110                SYSCTRL_Handler
 *fill*         0x00006112        0x2 
 .text.USB_Handler
                0x00006114       0x14 C:/Users/ankus/DOCUME~1/MATLAB/R2023a/ARDUIN~1/ARDUIN~1/FASTER~1\libcore.a(cortex_handlers.o)
                0x00006114                USB_Handler
 .text.Reset_Handler
                0x00006128       0x54 C:/Users/ankus/DOCUME~1/MATLAB/R2023a/ARDUIN~1/ARDUIN~1/FASTER~1\libcore.a(cortex_handlers.o)
                0x00006128                Reset_Handler
 .text.SysTick_Handler
                0x0000617c       0x10 C:/Users/ankus/DOCUME~1/MATLAB/R2023a/ARDUIN~1/ARDUIN~1/FASTER~1\libcore.a(cortex_handlers.o)
                0x0000617c                SysTick_Handler
 .text.USB_SetHandler
                0x0000618c        0xc C:/Users/ankus/DOCUME~1/MATLAB/R2023a/ARDUIN~1/ARDUIN~1/FASTER~1\libcore.a(cortex_handlers.o)
                0x0000618c                USB_SetHandler
 .text.__empty  0x00006198        0x2 C:/Users/ankus/DOCUME~1/MATLAB/R2023a/ARDUIN~1/ARDUIN~1/FASTER~1\libcore.a(hooks.o)
                0x00006198                yield
 .text.__false  0x0000619a        0x4 C:/Users/ankus/DOCUME~1/MATLAB/R2023a/ARDUIN~1/ARDUIN~1/FASTER~1\libcore.a(hooks.o)
                0x0000619a                sysTickHook
 *fill*         0x0000619e        0x2 
 .text.micros   0x000061a0       0x64 C:/Users/ankus/DOCUME~1/MATLAB/R2023a/ARDUIN~1/ARDUIN~1/FASTER~1\libcore.a(delay.o)
                0x000061a0                micros
 .text.delay    0x00006204       0x34 C:/Users/ankus/DOCUME~1/MATLAB/R2023a/ARDUIN~1/ARDUIN~1/FASTER~1\libcore.a(delay.o)
                0x00006204                delay
 .text.SysTick_DefaultHandler
                0x00006238       0x14 C:/Users/ankus/DOCUME~1/MATLAB/R2023a/ARDUIN~1/ARDUIN~1/FASTER~1\libcore.a(delay.o)
                0x00006238                SysTick_DefaultHandler
 .text.SystemInit
                0x0000624c      0x198 C:/Users/ankus/DOCUME~1/MATLAB/R2023a/ARDUIN~1/ARDUIN~1/FASTER~1\libcore.a(startup.o)
                0x0000624c                SystemInit
 .text.init     0x000063e4       0xf0 C:/Users/ankus/DOCUME~1/MATLAB/R2023a/ARDUIN~1/ARDUIN~1/FASTER~1\libcore.a(wiring.o)
                0x000063e4                init
 .text.mapResolution
                0x000064d4       0x12 C:/Users/ankus/DOCUME~1/MATLAB/R2023a/ARDUIN~1/ARDUIN~1/FASTER~1\libcore.a(wiring_analog.o)
 *fill*         0x000064e6        0x2 
 .text.analogReference
                0x000064e8       0x5c C:/Users/ankus/DOCUME~1/MATLAB/R2023a/ARDUIN~1/ARDUIN~1/FASTER~1\libcore.a(wiring_analog.o)
                0x000064e8                analogReference
 .text.analogWrite
                0x00006544      0x1e4 C:/Users/ankus/DOCUME~1/MATLAB/R2023a/ARDUIN~1/ARDUIN~1/FASTER~1\libcore.a(wiring_analog.o)
                0x00006544                analogWrite
 .text.pinMode  0x00006728       0xb4 C:/Users/ankus/DOCUME~1/MATLAB/R2023a/ARDUIN~1/ARDUIN~1/FASTER~1\libcore.a(wiring_digital.o)
                0x00006728                pinMode
 .text.digitalWrite
                0x000067dc       0x60 C:/Users/ankus/DOCUME~1/MATLAB/R2023a/ARDUIN~1/ARDUIN~1/FASTER~1\libcore.a(wiring_digital.o)
                0x000067dc                digitalWrite
 .text.digitalRead
                0x0000683c       0x30 C:/Users/ankus/DOCUME~1/MATLAB/R2023a/ARDUIN~1/ARDUIN~1/FASTER~1\libcore.a(wiring_digital.o)
                0x0000683c                digitalRead
 .text.pinPeripheral
                0x0000686c       0xc4 C:/Users/ankus/DOCUME~1/MATLAB/R2023a/ARDUIN~1/ARDUIN~1/FASTER~1\libcore.a(wiring_private.o)
                0x0000686c                pinPeripheral
 .text.initiateReset
                0x00006930       0x14 C:/Users/ankus/DOCUME~1/MATLAB/R2023a/ARDUIN~1/ARDUIN~1/FASTER~1\libcore.a(Reset.o)
                0x00006930                initiateReset
 .text.cancelReset
                0x00006944       0x10 C:/Users/ankus/DOCUME~1/MATLAB/R2023a/ARDUIN~1/ARDUIN~1/FASTER~1\libcore.a(Reset.o)
                0x00006944                cancelReset
 .text.tickReset
                0x00006954       0x74 C:/Users/ankus/DOCUME~1/MATLAB/R2023a/ARDUIN~1/ARDUIN~1/FASTER~1\libcore.a(Reset.o)
                0x00006954                tickReset
 .text._ZN4UartcvbEv
                0x000069c8        0x4 C:/Users/ankus/DOCUME~1/MATLAB/R2023a/ARDUIN~1/ARDUIN~1/FASTER~1\libcore.a(Uart.o)
                0x000069c8                Uart::operator bool()
 .text._ZN4Uart5beginEm
                0x000069cc       0x10 C:/Users/ankus/DOCUME~1/MATLAB/R2023a/ARDUIN~1/ARDUIN~1/FASTER~1\libcore.a(Uart.o)
                0x000069cc                Uart::begin(unsigned long)
 .text._ZN4Uart4peekEv
                0x000069dc       0x1a C:/Users/ankus/DOCUME~1/MATLAB/R2023a/ARDUIN~1/ARDUIN~1/FASTER~1\libcore.a(Uart.o)
                0x000069dc                Uart::peek()
 .text._ZN4Uart3endEv
                0x000069f6       0x20 C:/Users/ankus/DOCUME~1/MATLAB/R2023a/ARDUIN~1/ARDUIN~1/FASTER~1\libcore.a(Uart.o)
                0x000069f6                Uart::end()
 *fill*         0x00006a16        0x2 
 .text._ZN4UartC2EP6SERCOMhh11SercomRXPad15SercomUartTXPadhh
                0x00006a18       0xa4 C:/Users/ankus/DOCUME~1/MATLAB/R2023a/ARDUIN~1/ARDUIN~1/FASTER~1\libcore.a(Uart.o)
                0x00006a18                Uart::Uart(SERCOM*, unsigned char, unsigned char, SercomRXPad, SercomUartTXPad, unsigned char, unsigned char)
                0x00006a18                Uart::Uart(SERCOM*, unsigned char, unsigned char, SercomRXPad, SercomUartTXPad, unsigned char, unsigned char)
 .text._ZN4UartC2EP6SERCOMhh11SercomRXPad15SercomUartTXPad
                0x00006abc       0x24 C:/Users/ankus/DOCUME~1/MATLAB/R2023a/ARDUIN~1/ARDUIN~1/FASTER~1\libcore.a(Uart.o)
                0x00006abc                Uart::Uart(SERCOM*, unsigned char, unsigned char, SercomRXPad, SercomUartTXPad)
                0x00006abc                Uart::Uart(SERCOM*, unsigned char, unsigned char, SercomRXPad, SercomUartTXPad)
 .text._ZN4Uart16extractNbStopBitEt
                0x00006ae0        0xe C:/Users/ankus/DOCUME~1/MATLAB/R2023a/ARDUIN~1/ARDUIN~1/FASTER~1\libcore.a(Uart.o)
                0x00006ae0                Uart::extractNbStopBit(unsigned short)
 .text._ZN4Uart15extractCharSizeEt
                0x00006aee       0x2c C:/Users/ankus/DOCUME~1/MATLAB/R2023a/ARDUIN~1/ARDUIN~1/FASTER~1\libcore.a(Uart.o)
                0x00006aee                Uart::extractCharSize(unsigned short)
 .text._ZN4Uart13extractParityEt
                0x00006b1a       0x18 C:/Users/ankus/DOCUME~1/MATLAB/R2023a/ARDUIN~1/ARDUIN~1/FASTER~1\libcore.a(Uart.o)
                0x00006b1a                Uart::extractParity(unsigned short)
 *fill*         0x00006b32        0x2 
 .text._ZN4Uart5beginEmt
                0x00006b34       0xf8 C:/Users/ankus/DOCUME~1/MATLAB/R2023a/ARDUIN~1/ARDUIN~1/FASTER~1\libcore.a(Uart.o)
                0x00006b34                Uart::begin(unsigned long, unsigned short)
 .text._ZN11RingBufferNILi256EE9availableEv
                0x00006c2c       0x12 C:/Users/ankus/DOCUME~1/MATLAB/R2023a/ARDUIN~1/ARDUIN~1/FASTER~1\libcore.a(Uart.o)
                0x00006c2c                RingBufferN<256>::available()
 .text._ZN4Uart5flushEv
                0x00006c3e       0x1a C:/Users/ankus/DOCUME~1/MATLAB/R2023a/ARDUIN~1/ARDUIN~1/FASTER~1\libcore.a(Uart.o)
                0x00006c3e                Uart::flush()
 .text._ZN4Uart9availableEv
                0x00006c58        0xa C:/Users/ankus/DOCUME~1/MATLAB/R2023a/ARDUIN~1/ARDUIN~1/FASTER~1\libcore.a(Uart.o)
                0x00006c58                Uart::available()
 .text._ZN11RingBufferNILi256EE17availableForStoreEv
                0x00006c62       0x1e C:/Users/ankus/DOCUME~1/MATLAB/R2023a/ARDUIN~1/ARDUIN~1/FASTER~1\libcore.a(Uart.o)
                0x00006c62                RingBufferN<256>::availableForStore()
 .text._ZN4Uart17availableForWriteEv
                0x00006c80        0xc C:/Users/ankus/DOCUME~1/MATLAB/R2023a/ARDUIN~1/ARDUIN~1/FASTER~1\libcore.a(Uart.o)
                0x00006c80                Uart::availableForWrite()
 .text._ZN4Uart10IrqHandlerEv
                0x00006c8c       0xc8 C:/Users/ankus/DOCUME~1/MATLAB/R2023a/ARDUIN~1/ARDUIN~1/FASTER~1\libcore.a(Uart.o)
                0x00006c8c                Uart::IrqHandler()
 .text._ZN4Uart5writeEh
                0x00006d54       0xb4 C:/Users/ankus/DOCUME~1/MATLAB/R2023a/ARDUIN~1/ARDUIN~1/FASTER~1\libcore.a(Uart.o)
                0x00006d54                Uart::write(unsigned char)
 .text._ZN4Uart4readEv
                0x00006e08       0x4c C:/Users/ankus/DOCUME~1/MATLAB/R2023a/ARDUIN~1/ARDUIN~1/FASTER~1\libcore.a(Uart.o)
                0x00006e08                Uart::read()
 .text._ZN7Serial_13getDescriptorER8USBSetup
                0x00006e54        0x4 C:/Users/ankus/DOCUME~1/MATLAB/R2023a/ARDUIN~1/ARDUIN~1/FASTER~1\libcore.a(CDC.o)
                0x00006e54                Serial_::getDescriptor(USBSetup&)
 .text._ZThn16_N7Serial_13getDescriptorER8USBSetup
                0x00006e58       0x10 C:/Users/ankus/DOCUME~1/MATLAB/R2023a/ARDUIN~1/ARDUIN~1/FASTER~1\libcore.a(CDC.o)
                0x00006e58                non-virtual thunk to Serial_::getDescriptor(USBSetup&)
 .text._ZL5utox8mPc
                0x00006e68       0x1c C:/Users/ankus/DOCUME~1/MATLAB/R2023a/ARDUIN~1/ARDUIN~1/FASTER~1\libcore.a(CDC.o)
 .text._ZN7Serial_12getShortNameEPc
                0x00006e84       0x44 C:/Users/ankus/DOCUME~1/MATLAB/R2023a/ARDUIN~1/ARDUIN~1/FASTER~1\libcore.a(CDC.o)
                0x00006e84                Serial_::getShortName(char*)
 .text._ZThn16_N7Serial_12getShortNameEPc
                0x00006ec8       0x10 C:/Users/ankus/DOCUME~1/MATLAB/R2023a/ARDUIN~1/ARDUIN~1/FASTER~1\libcore.a(CDC.o)
                0x00006ec8                non-virtual thunk to Serial_::getShortName(char*)
 .text._ZN7Serial_14handleEndpointEi
                0x00006ed8        0x2 C:/Users/ankus/DOCUME~1/MATLAB/R2023a/ARDUIN~1/ARDUIN~1/FASTER~1\libcore.a(CDC.o)
                0x00006ed8                Serial_::handleEndpoint(int)
 *fill*         0x00006eda        0x2 
 .text._ZThn16_N7Serial_14handleEndpointEi
                0x00006edc       0x10 C:/Users/ankus/DOCUME~1/MATLAB/R2023a/ARDUIN~1/ARDUIN~1/FASTER~1\libcore.a(CDC.o)
                0x00006edc                non-virtual thunk to Serial_::handleEndpoint(int)
 .text._ZN7Serial_17availableForWriteEv
                0x00006eec        0x4 C:/Users/ankus/DOCUME~1/MATLAB/R2023a/ARDUIN~1/ARDUIN~1/FASTER~1\libcore.a(CDC.o)
                0x00006eec                Serial_::availableForWrite()
 .text._ZN7Serial_5writeEh
                0x00006ef0       0x14 C:/Users/ankus/DOCUME~1/MATLAB/R2023a/ARDUIN~1/ARDUIN~1/FASTER~1\libcore.a(CDC.o)
                0x00006ef0                Serial_::write(unsigned char)
 .text._ZN7Serial_12getInterfaceEPh
                0x00006f04      0x104 C:/Users/ankus/DOCUME~1/MATLAB/R2023a/ARDUIN~1/ARDUIN~1/FASTER~1\libcore.a(CDC.o)
                0x00006f04                Serial_::getInterface(unsigned char*)
 .text._ZThn16_N7Serial_12getInterfaceEPh
                0x00007008       0x10 C:/Users/ankus/DOCUME~1/MATLAB/R2023a/ARDUIN~1/ARDUIN~1/FASTER~1\libcore.a(CDC.o)
                0x00007008                non-virtual thunk to Serial_::getInterface(unsigned char*)
 .text._ZN7Serial_5setupER8USBSetup
                0x00007018       0x98 C:/Users/ankus/DOCUME~1/MATLAB/R2023a/ARDUIN~1/ARDUIN~1/FASTER~1\libcore.a(CDC.o)
                0x00007018                Serial_::setup(USBSetup&)
 .text._ZThn16_N7Serial_5setupER8USBSetup
                0x000070b0       0x10 C:/Users/ankus/DOCUME~1/MATLAB/R2023a/ARDUIN~1/ARDUIN~1/FASTER~1\libcore.a(CDC.o)
                0x000070b0                non-virtual thunk to Serial_::setup(USBSetup&)
 .text._ZN7Serial_9availableEv
                0x000070c0       0x20 C:/Users/ankus/DOCUME~1/MATLAB/R2023a/ARDUIN~1/ARDUIN~1/FASTER~1\libcore.a(CDC.o)
                0x000070c0                Serial_::available()
 .text._ZN7Serial_5flushEv
                0x000070e0       0x10 C:/Users/ankus/DOCUME~1/MATLAB/R2023a/ARDUIN~1/ARDUIN~1/FASTER~1\libcore.a(CDC.o)
                0x000070e0                Serial_::flush()
 .text._ZN7Serial_5clearEv
                0x000070f0       0x10 C:/Users/ankus/DOCUME~1/MATLAB/R2023a/ARDUIN~1/ARDUIN~1/FASTER~1\libcore.a(CDC.o)
                0x000070f0                Serial_::clear()
 .text._ZN7Serial_5writeEPKhj
                0x00007100       0x1e C:/Users/ankus/DOCUME~1/MATLAB/R2023a/ARDUIN~1/ARDUIN~1/FASTER~1\libcore.a(CDC.o)
                0x00007100                Serial_::write(unsigned char const*, unsigned int)
 *fill*         0x0000711e        0x2 
 .text._ZN7Serial_4peekEv
                0x00007120       0x1c C:/Users/ankus/DOCUME~1/MATLAB/R2023a/ARDUIN~1/ARDUIN~1/FASTER~1\libcore.a(CDC.o)
                0x00007120                Serial_::peek()
 .text._ZN7Serial_4readEv
                0x0000713c       0x24 C:/Users/ankus/DOCUME~1/MATLAB/R2023a/ARDUIN~1/ARDUIN~1/FASTER~1\libcore.a(CDC.o)
                0x0000713c                Serial_::read()
 .text._ZN7Serial_C2ER14USBDeviceClass
                0x00007160       0x4c C:/Users/ankus/DOCUME~1/MATLAB/R2023a/ARDUIN~1/ARDUIN~1/FASTER~1\libcore.a(CDC.o)
                0x00007160                Serial_::Serial_(USBDeviceClass&)
                0x00007160                Serial_::Serial_(USBDeviceClass&)
 .text._ZN7Serial_15enableInterruptEv
                0x000071ac       0x30 C:/Users/ankus/DOCUME~1/MATLAB/R2023a/ARDUIN~1/ARDUIN~1/FASTER~1\libcore.a(CDC.o)
                0x000071ac                Serial_::enableInterrupt()
 .text._ZN7Serial_5beginEm
                0x000071dc        0x2 C:/Users/ankus/DOCUME~1/MATLAB/R2023a/ARDUIN~1/ARDUIN~1/FASTER~1\libcore.a(CDC.o)
                0x000071dc                Serial_::begin(unsigned long)
 .text._ZN7Serial_5beginEmh
                0x000071de        0x2 C:/Users/ankus/DOCUME~1/MATLAB/R2023a/ARDUIN~1/ARDUIN~1/FASTER~1\libcore.a(CDC.o)
                0x000071de                Serial_::begin(unsigned long, unsigned char)
 .text.startup._GLOBAL__sub_I__ZN7Serial_12getInterfaceEPh
                0x000071e0       0x14 C:/Users/ankus/DOCUME~1/MATLAB/R2023a/ARDUIN~1/ARDUIN~1/FASTER~1\libcore.a(CDC.o)
 .text._ZN13PluggableUSB_12getInterfaceEPh
                0x000071f4       0x2a C:/Users/ankus/DOCUME~1/MATLAB/R2023a/ARDUIN~1/ARDUIN~1/FASTER~1\libcore.a(PluggableUSB.o)
                0x000071f4                PluggableUSB_::getInterface(unsigned char*)
 .text._ZN13PluggableUSB_13getDescriptorER8USBSetup
                0x0000721e       0x20 C:/Users/ankus/DOCUME~1/MATLAB/R2023a/ARDUIN~1/ARDUIN~1/FASTER~1\libcore.a(PluggableUSB.o)
                0x0000721e                PluggableUSB_::getDescriptor(USBSetup&)
 .text._ZN13PluggableUSB_12getShortNameEPc
                0x0000723e       0x26 C:/Users/ankus/DOCUME~1/MATLAB/R2023a/ARDUIN~1/ARDUIN~1/FASTER~1\libcore.a(PluggableUSB.o)
                0x0000723e                PluggableUSB_::getShortName(char*)
 .text._ZN13PluggableUSB_5setupER8USBSetup
                0x00007264       0x24 C:/Users/ankus/DOCUME~1/MATLAB/R2023a/ARDUIN~1/ARDUIN~1/FASTER~1\libcore.a(PluggableUSB.o)
                0x00007264                PluggableUSB_::setup(USBSetup&)
 .text._ZN13PluggableUSB_14handleEndpointEi
                0x00007288       0x1a C:/Users/ankus/DOCUME~1/MATLAB/R2023a/ARDUIN~1/ARDUIN~1/FASTER~1\libcore.a(PluggableUSB.o)
                0x00007288                PluggableUSB_::handleEndpoint(int)
 *fill*         0x000072a2        0x2 
 .text._ZN13PluggableUSB_4plugEP18PluggableUSBModule
                0x000072a4       0x60 C:/Users/ankus/DOCUME~1/MATLAB/R2023a/ARDUIN~1/ARDUIN~1/FASTER~1\libcore.a(PluggableUSB.o)
                0x000072a4                PluggableUSB_::plug(PluggableUSBModule*)
 .text._Z12PluggableUSBv
                0x00007304       0x20 C:/Users/ankus/DOCUME~1/MATLAB/R2023a/ARDUIN~1/ARDUIN~1/FASTER~1\libcore.a(PluggableUSB.o)
                0x00007304                PluggableUSB()
 .text._ZN26DoubleBufferedEPOutHandlerD2Ev
                0x00007324        0xc C:/Users/ankus/DOCUME~1/MATLAB/R2023a/ARDUIN~1/ARDUIN~1/FASTER~1\libcore.a(USBCore.o)
                0x00007324                DoubleBufferedEPOutHandler::~DoubleBufferedEPOutHandler()
                0x00007324                DoubleBufferedEPOutHandler::~DoubleBufferedEPOutHandler()
 .text._ZN26DoubleBufferedEPOutHandlerD0Ev
                0x00007330       0x14 C:/Users/ankus/DOCUME~1/MATLAB/R2023a/ARDUIN~1/ARDUIN~1/FASTER~1\libcore.a(USBCore.o)
                0x00007330                DoubleBufferedEPOutHandler::~DoubleBufferedEPOutHandler()
 .text._ZN14USBDeviceClass6initEPEmm.part.7
                0x00007344       0xbc C:/Users/ankus/DOCUME~1/MATLAB/R2023a/ARDUIN~1/ARDUIN~1/FASTER~1\libcore.a(USBCore.o)
 .text._ZN7__GuardC2Ev
                0x00007400        0xe C:/Users/ankus/DOCUME~1/MATLAB/R2023a/ARDUIN~1/ARDUIN~1/FASTER~1\libcore.a(USBCore.o)
                0x00007400                __Guard::__Guard()
                0x00007400                __Guard::__Guard()
 .text._ZN7__GuardD2Ev
                0x0000740e        0xe C:/Users/ankus/DOCUME~1/MATLAB/R2023a/ARDUIN~1/ARDUIN~1/FASTER~1\libcore.a(USBCore.o)
                0x0000740e                __Guard::~__Guard()
                0x0000740e                __Guard::~__Guard()
 .text._ZNK26DoubleBufferedEPOutHandler10_availableEv
                0x0000741c       0x72 C:/Users/ankus/DOCUME~1/MATLAB/R2023a/ARDUIN~1/ARDUIN~1/FASTER~1\libcore.a(USBCore.o)
                0x0000741c                DoubleBufferedEPOutHandler::_available() const
 *fill*         0x0000748e        0x2 
 .text._ZN26DoubleBufferedEPOutHandler7releaseEv
                0x00007490       0x38 C:/Users/ankus/DOCUME~1/MATLAB/R2023a/ARDUIN~1/ARDUIN~1/FASTER~1\libcore.a(USBCore.o)
                0x00007490                DoubleBufferedEPOutHandler::release()
 .text._ZN26DoubleBufferedEPOutHandler14handleEndpointEv
                0x000074c8       0xe4 C:/Users/ankus/DOCUME~1/MATLAB/R2023a/ARDUIN~1/ARDUIN~1/FASTER~1\libcore.a(USBCore.o)
                0x000074c8                DoubleBufferedEPOutHandler::handleEndpoint()
 .text._ZN26DoubleBufferedEPOutHandler5_recvEv
                0x000075ac      0x18e C:/Users/ankus/DOCUME~1/MATLAB/R2023a/ARDUIN~1/ARDUIN~1/FASTER~1\libcore.a(USBCore.o)
                0x000075ac                DoubleBufferedEPOutHandler::_recv()
 .text._ZN26DoubleBufferedEPOutHandler9availableEv
                0x0000773a       0x18 C:/Users/ankus/DOCUME~1/MATLAB/R2023a/ARDUIN~1/ARDUIN~1/FASTER~1\libcore.a(USBCore.o)
                0x0000773a                DoubleBufferedEPOutHandler::available()
 .text._ZN26DoubleBufferedEPOutHandler4peekEv
                0x00007752       0x22 C:/Users/ankus/DOCUME~1/MATLAB/R2023a/ARDUIN~1/ARDUIN~1/FASTER~1\libcore.a(USBCore.o)
                0x00007752                DoubleBufferedEPOutHandler::peek()
 .text._ZN26DoubleBufferedEPOutHandler4recvEPvm
                0x00007774       0x66 C:/Users/ankus/DOCUME~1/MATLAB/R2023a/ARDUIN~1/ARDUIN~1/FASTER~1\libcore.a(USBCore.o)
                0x00007774                DoubleBufferedEPOutHandler::recv(void*, unsigned long)
 .text._ZN14USBDeviceClass14SendInterfacesEPm
                0x000077da       0x20 C:/Users/ankus/DOCUME~1/MATLAB/R2023a/ARDUIN~1/ARDUIN~1/FASTER~1\libcore.a(USBCore.o)
                0x000077da                USBDeviceClass::SendInterfaces(unsigned long*)
 *fill*         0x000077fa        0x2 
 .text._ZN14USBDeviceClass4initEv
                0x000077fc      0x144 C:/Users/ankus/DOCUME~1/MATLAB/R2023a/ARDUIN~1/ARDUIN~1/FASTER~1\libcore.a(USBCore.o)
                0x000077fc                USBDeviceClass::init()
 .text._ZN14USBDeviceClass6attachEv
                0x00007940       0x34 C:/Users/ankus/DOCUME~1/MATLAB/R2023a/ARDUIN~1/ARDUIN~1/FASTER~1\libcore.a(USBCore.o)
                0x00007940                USBDeviceClass::attach()
 .text._ZN14USBDeviceClass10setAddressEm
                0x00007974       0x48 C:/Users/ankus/DOCUME~1/MATLAB/R2023a/ARDUIN~1/ARDUIN~1/FASTER~1\libcore.a(USBCore.o)
                0x00007974                USBDeviceClass::setAddress(unsigned long)
 .text._ZN14USBDeviceClass25handleClassInterfaceSetupER8USBSetup
                0x000079bc       0x24 C:/Users/ankus/DOCUME~1/MATLAB/R2023a/ARDUIN~1/ARDUIN~1/FASTER~1\libcore.a(USBCore.o)
                0x000079bc                USBDeviceClass::handleClassInterfaceSetup(USBSetup&)
 .text._ZN14USBDeviceClass6initEPEmm
                0x000079e0      0x124 C:/Users/ankus/DOCUME~1/MATLAB/R2023a/ARDUIN~1/ARDUIN~1/FASTER~1\libcore.a(USBCore.o)
                0x000079e0                USBDeviceClass::initEP(unsigned long, unsigned long)
 .text._ZN14USBDeviceClass13initEndpointsEv
                0x00007b04       0x24 C:/Users/ankus/DOCUME~1/MATLAB/R2023a/ARDUIN~1/ARDUIN~1/FASTER~1\libcore.a(USBCore.o)
                0x00007b04                USBDeviceClass::initEndpoints()
 .text._ZN14USBDeviceClass5clearEm
                0x00007b28       0x38 C:/Users/ankus/DOCUME~1/MATLAB/R2023a/ARDUIN~1/ARDUIN~1/FASTER~1\libcore.a(USBCore.o)
                0x00007b28                USBDeviceClass::clear(unsigned long)
 .text._ZN14USBDeviceClass9availableEm
                0x00007b60       0x2c C:/Users/ankus/DOCUME~1/MATLAB/R2023a/ARDUIN~1/ARDUIN~1/FASTER~1\libcore.a(USBCore.o)
                0x00007b60                USBDeviceClass::available(unsigned long)
 .text._ZN14USBDeviceClass5flushEm
                0x00007b8c       0x2c C:/Users/ankus/DOCUME~1/MATLAB/R2023a/ARDUIN~1/ARDUIN~1/FASTER~1\libcore.a(USBCore.o)
                0x00007b8c                USBDeviceClass::flush(unsigned long)
 .text._ZN14USBDeviceClass4recvEmPvm
                0x00007bb8       0xc4 C:/Users/ankus/DOCUME~1/MATLAB/R2023a/ARDUIN~1/ARDUIN~1/FASTER~1\libcore.a(USBCore.o)
                0x00007bb8                USBDeviceClass::recv(unsigned long, void*, unsigned long)
 .text._ZN14USBDeviceClass4recvEm
                0x00007c7c       0x1c C:/Users/ankus/DOCUME~1/MATLAB/R2023a/ARDUIN~1/ARDUIN~1/FASTER~1\libcore.a(USBCore.o)
                0x00007c7c                USBDeviceClass::recv(unsigned long)
 .text._ZN14USBDeviceClass14armRecvCtrlOUTEm
                0x00007c98       0x60 C:/Users/ankus/DOCUME~1/MATLAB/R2023a/ARDUIN~1/ARDUIN~1/FASTER~1\libcore.a(USBCore.o)
                0x00007c98                USBDeviceClass::armRecvCtrlOUT(unsigned long)
 .text._ZN14USBDeviceClass11recvControlEPvm
                0x00007cf8       0x28 C:/Users/ankus/DOCUME~1/MATLAB/R2023a/ARDUIN~1/ARDUIN~1/FASTER~1\libcore.a(USBCore.o)
                0x00007cf8                USBDeviceClass::recvControl(void*, unsigned long)
 .text._ZN14USBDeviceClass4sendEmPKvm
                0x00007d20      0x11c C:/Users/ankus/DOCUME~1/MATLAB/R2023a/ARDUIN~1/ARDUIN~1/FASTER~1\libcore.a(USBCore.o)
                0x00007d20                USBDeviceClass::send(unsigned long, void const*, unsigned long)
 .text._ZN14USBDeviceClass7armSendEmPKvm
                0x00007e3c       0x48 C:/Users/ankus/DOCUME~1/MATLAB/R2023a/ARDUIN~1/ARDUIN~1/FASTER~1\libcore.a(USBCore.o)
                0x00007e3c                USBDeviceClass::armSend(unsigned long, void const*, unsigned long)
 .text._ZN14USBDeviceClass11sendControlEPKvm
                0x00007e84       0x58 C:/Users/ankus/DOCUME~1/MATLAB/R2023a/ARDUIN~1/ARDUIN~1/FASTER~1\libcore.a(USBCore.o)
                0x00007e84                USBDeviceClass::sendControl(void const*, unsigned long)
 .text._ZN14USBDeviceClass20sendStringDescriptorEPKhm
                0x00007edc       0x68 C:/Users/ankus/DOCUME~1/MATLAB/R2023a/ARDUIN~1/ARDUIN~1/FASTER~1\libcore.a(USBCore.o)
                0x00007edc                USBDeviceClass::sendStringDescriptor(unsigned char const*, unsigned long)
 .text._ZN14USBDeviceClass12packMessagesEb.part.6
                0x00007f44       0x20 C:/Users/ankus/DOCUME~1/MATLAB/R2023a/ARDUIN~1/ARDUIN~1/FASTER~1\libcore.a(USBCore.o)
 .text._ZN14USBDeviceClass17sendConfigurationEm
                0x00007f64       0x90 C:/Users/ankus/DOCUME~1/MATLAB/R2023a/ARDUIN~1/ARDUIN~1/FASTER~1\libcore.a(USBCore.o)
                0x00007f64                USBDeviceClass::sendConfiguration(unsigned long)
 .text._ZN14USBDeviceClass14sendDescriptorER8USBSetup
                0x00007ff4       0xec C:/Users/ankus/DOCUME~1/MATLAB/R2023a/ARDUIN~1/ARDUIN~1/FASTER~1\libcore.a(USBCore.o)
                0x00007ff4                USBDeviceClass::sendDescriptor(USBSetup&)
 .text._ZN14USBDeviceClass7sendZlpEm
                0x000080e0       0x18 C:/Users/ankus/DOCUME~1/MATLAB/R2023a/ARDUIN~1/ARDUIN~1/FASTER~1\libcore.a(USBCore.o)
                0x000080e0                USBDeviceClass::sendZlp(unsigned long)
 .text._ZN14USBDeviceClass19handleStandardSetupER8USBSetup
                0x000080f8       0xfc C:/Users/ankus/DOCUME~1/MATLAB/R2023a/ARDUIN~1/ARDUIN~1/FASTER~1\libcore.a(USBCore.o)
                0x000080f8                USBDeviceClass::handleStandardSetup(USBSetup&)
 .text._ZN14USBDeviceClass10ISRHandlerEv
                0x000081f4      0x10c C:/Users/ankus/DOCUME~1/MATLAB/R2023a/ARDUIN~1/ARDUIN~1/FASTER~1\libcore.a(USBCore.o)
                0x000081f4                USBDeviceClass::ISRHandler()
 .text.UDD_Handler
                0x00008300       0x10 C:/Users/ankus/DOCUME~1/MATLAB/R2023a/ARDUIN~1/ARDUIN~1/FASTER~1\libcore.a(USBCore.o)
                0x00008300                UDD_Handler
 .text.startup._GLOBAL__sub_I_usbd
                0x00008310       0x10 C:/Users/ankus/DOCUME~1/MATLAB/R2023a/ARDUIN~1/ARDUIN~1/FASTER~1\libcore.a(USBCore.o)
 .text.SERCOM5_Handler
                0x00008320       0x10 C:/Users/ankus/DOCUME~1/MATLAB/R2023a/ARDUIN~1/ARDUIN~1/FASTER~1\libcore.a(variant.o)
                0x00008320                SERCOM5_Handler
 .text.SERCOM3_Handler
                0x00008330       0x10 C:/Users/ankus/DOCUME~1/MATLAB/R2023a/ARDUIN~1/ARDUIN~1/FASTER~1\libcore.a(variant.o)
                0x00008330                SERCOM3_Handler
 .text.SERCOM2_Handler
                0x00008340       0x10 C:/Users/ankus/DOCUME~1/MATLAB/R2023a/ARDUIN~1/ARDUIN~1/FASTER~1\libcore.a(variant.o)
                0x00008340                SERCOM2_Handler
 .text.startup._GLOBAL__sub_I_g_APinDescription
                0x00008350       0xbc C:/Users/ankus/DOCUME~1/MATLAB/R2023a/ARDUIN~1/ARDUIN~1/FASTER~1\libcore.a(variant.o)
 .text._Znwj    0x0000840c        0x8 C:/Users/ankus/DOCUME~1/MATLAB/R2023a/ARDUIN~1/ARDUIN~1/FASTER~1\libcore.a(new.o)
                0x0000840c                operator new(unsigned int)
 .text._ZdlPv   0x00008414        0x8 C:/Users/ankus/DOCUME~1/MATLAB/R2023a/ARDUIN~1/ARDUIN~1/FASTER~1\libcore.a(new.o)
                0x00008414                operator delete(void*)
 .text._ZN5Print5writeEPKhj
                0x0000841c       0x28 C:/Users/ankus/DOCUME~1/MATLAB/R2023a/ARDUIN~1/ARDUIN~1/FASTER~1\libcore.a(Print.o)
                0x0000841c                Print::write(unsigned char const*, unsigned int)
 .text._ZN6SERCOMC2EP6Sercom
                0x00008444        0x4 C:/Users/ankus/DOCUME~1/MATLAB/R2023a/ARDUIN~1/ARDUIN~1/FASTER~1\libcore.a(SERCOM.o)
                0x00008444                SERCOM::SERCOM(Sercom*)
                0x00008444                SERCOM::SERCOM(Sercom*)
 .text._ZN6SERCOM9initFrameE18SercomUartCharSize15SercomDataOrder16SercomParityMode19SercomNumberStopBit
                0x00008448       0x38 C:/Users/ankus/DOCUME~1/MATLAB/R2023a/ARDUIN~1/ARDUIN~1/FASTER~1\libcore.a(SERCOM.o)
                0x00008448                SERCOM::initFrame(SercomUartCharSize, SercomDataOrder, SercomParityMode, SercomNumberStopBit)
 .text._ZN6SERCOM8initPadsE15SercomUartTXPad11SercomRXPad
                0x00008480       0x26 C:/Users/ankus/DOCUME~1/MATLAB/R2023a/ARDUIN~1/ARDUIN~1/FASTER~1\libcore.a(SERCOM.o)
                0x00008480                SERCOM::initPads(SercomUartTXPad, SercomRXPad)
 .text._ZN6SERCOM9resetUARTEv
                0x000084a6       0x1c C:/Users/ankus/DOCUME~1/MATLAB/R2023a/ARDUIN~1/ARDUIN~1/FASTER~1\libcore.a(SERCOM.o)
                0x000084a6                SERCOM::resetUART()
 .text._ZN6SERCOM10enableUARTEv
                0x000084c2       0x14 C:/Users/ankus/DOCUME~1/MATLAB/R2023a/ARDUIN~1/ARDUIN~1/FASTER~1\libcore.a(SERCOM.o)
                0x000084c2                SERCOM::enableUART()
 .text._ZN6SERCOM9flushUARTEv
                0x000084d6       0x10 C:/Users/ankus/DOCUME~1/MATLAB/R2023a/ARDUIN~1/ARDUIN~1/FASTER~1\libcore.a(SERCOM.o)
                0x000084d6                SERCOM::flushUART()
 .text._ZN6SERCOM15clearStatusUARTEv
                0x000084e6        0x8 C:/Users/ankus/DOCUME~1/MATLAB/R2023a/ARDUIN~1/ARDUIN~1/FASTER~1\libcore.a(SERCOM.o)
                0x000084e6                SERCOM::clearStatusUART()
 .text._ZN6SERCOM17availableDataUARTEv
                0x000084ee        0xa C:/Users/ankus/DOCUME~1/MATLAB/R2023a/ARDUIN~1/ARDUIN~1/FASTER~1\libcore.a(SERCOM.o)
                0x000084ee                SERCOM::availableDataUART()
 .text._ZN6SERCOM11isUARTErrorEv
                0x000084f8        0x8 C:/Users/ankus/DOCUME~1/MATLAB/R2023a/ARDUIN~1/ARDUIN~1/FASTER~1\libcore.a(SERCOM.o)
                0x000084f8                SERCOM::isUARTError()
 .text._ZN6SERCOM20acknowledgeUARTErrorEv
                0x00008500        0xe C:/Users/ankus/DOCUME~1/MATLAB/R2023a/ARDUIN~1/ARDUIN~1/FASTER~1\libcore.a(SERCOM.o)
                0x00008500                SERCOM::acknowledgeUARTError()
 .text._ZN6SERCOM16isFrameErrorUARTEv
                0x0000850e        0xa C:/Users/ankus/DOCUME~1/MATLAB/R2023a/ARDUIN~1/ARDUIN~1/FASTER~1\libcore.a(SERCOM.o)
                0x0000850e                SERCOM::isFrameErrorUART()
 .text._ZN6SERCOM19clearFrameErrorUARTEv
                0x00008518        0xc C:/Users/ankus/DOCUME~1/MATLAB/R2023a/ARDUIN~1/ARDUIN~1/FASTER~1\libcore.a(SERCOM.o)
                0x00008518                SERCOM::clearFrameErrorUART()
 .text._ZN6SERCOM23isDataRegisterEmptyUARTEv
                0x00008524        0xa C:/Users/ankus/DOCUME~1/MATLAB/R2023a/ARDUIN~1/ARDUIN~1/FASTER~1\libcore.a(SERCOM.o)
                0x00008524                SERCOM::isDataRegisterEmptyUART()
 .text._ZN6SERCOM12readDataUARTEv
                0x0000852e        0x8 C:/Users/ankus/DOCUME~1/MATLAB/R2023a/ARDUIN~1/ARDUIN~1/FASTER~1\libcore.a(SERCOM.o)
                0x0000852e                SERCOM::readDataUART()
 .text._ZN6SERCOM13writeDataUARTEh
                0x00008536        0xe C:/Users/ankus/DOCUME~1/MATLAB/R2023a/ARDUIN~1/ARDUIN~1/FASTER~1\libcore.a(SERCOM.o)
                0x00008536                SERCOM::writeDataUART(unsigned char)
 .text._ZN6SERCOM36enableDataRegisterEmptyInterruptUARTEv
                0x00008544        0x8 C:/Users/ankus/DOCUME~1/MATLAB/R2023a/ARDUIN~1/ARDUIN~1/FASTER~1\libcore.a(SERCOM.o)
                0x00008544                SERCOM::enableDataRegisterEmptyInterruptUART()
 .text._ZN6SERCOM37disableDataRegisterEmptyInterruptUARTEv
                0x0000854c        0x8 C:/Users/ankus/DOCUME~1/MATLAB/R2023a/ARDUIN~1/ARDUIN~1/FASTER~1\libcore.a(SERCOM.o)
                0x0000854c                SERCOM::disableDataRegisterEmptyInterruptUART()
 .text._ZN6SERCOM13initClockNVICEv
                0x00008554       0xac C:/Users/ankus/DOCUME~1/MATLAB/R2023a/ARDUIN~1/ARDUIN~1/FASTER~1\libcore.a(SERCOM.o)
                0x00008554                SERCOM::initClockNVIC()
 .text._ZN6SERCOM8initUARTE14SercomUartMode20SercomUartSampleRatem
                0x00008600       0x6c C:/Users/ankus/DOCUME~1/MATLAB/R2023a/ARDUIN~1/ARDUIN~1/FASTER~1\libcore.a(SERCOM.o)
                0x00008600                SERCOM::initUART(SercomUartMode, SercomUartSampleRate, unsigned long)
 .text          0x0000866c       0x14 c:/programdata/matlab/supportpackages/r2023a/aide/tools/arm-none-eabi-gcc/4.8.3-2014q1/bin/../lib/gcc/arm-none-eabi/4.8.3/armv6-m\libgcc.a(_thumb1_case_uqi.o)
                0x0000866c                __gnu_thumb1_case_uqi
 .text          0x00008680       0x9c c:/programdata/matlab/supportpackages/r2023a/aide/tools/arm-none-eabi-gcc/4.8.3-2014q1/bin/../lib/gcc/arm-none-eabi/4.8.3/armv6-m\libgcc.a(_udivsi3.o)
                0x00008680                __aeabi_uidiv
                0x00008680                __udivsi3
                0x00008708                __aeabi_uidivmod
 .text          0x0000871c       0xc0 c:/programdata/matlab/supportpackages/r2023a/aide/tools/arm-none-eabi-gcc/4.8.3-2014q1/bin/../lib/gcc/arm-none-eabi/4.8.3/armv6-m\libgcc.a(_divsi3.o)
                0x0000871c                __divsi3
                0x0000871c                __aeabi_idiv
                0x000087c8                __aeabi_idivmod
 .text          0x000087dc        0x4 c:/programdata/matlab/supportpackages/r2023a/aide/tools/arm-none-eabi-gcc/4.8.3-2014q1/bin/../lib/gcc/arm-none-eabi/4.8.3/armv6-m\libgcc.a(_dvmd_tls.o)
                0x000087dc                __aeabi_idiv0
                0x000087dc                __aeabi_ldiv0
 .text          0x000087e0       0x7c c:/programdata/matlab/supportpackages/r2023a/aide/tools/arm-none-eabi-gcc/4.8.3-2014q1/bin/../lib/gcc/arm-none-eabi/4.8.3/armv6-m\libgcc.a(_arm_cmpdf2.o)
                0x000087e0                __aeabi_cdrcmple
                0x000087f0                __aeabi_cdcmple
                0x000087f0                __aeabi_cdcmpeq
                0x00008800                __aeabi_dcmpeq
                0x0000880c                __aeabi_dcmplt
                0x00008820                __aeabi_dcmple
                0x00008834                __aeabi_dcmpgt
                0x00008848                __aeabi_dcmpge
 *fill*         0x0000885c        0x4 
 .text          0x00008860       0x40 c:/programdata/matlab/supportpackages/r2023a/aide/tools/arm-none-eabi-gcc/4.8.3-2014q1/bin/../lib/gcc/arm-none-eabi/4.8.3/armv6-m\libgcc.a(_fixunsdfsi.o)
                0x00008860                __aeabi_d2uiz
                0x00008860                __fixunsdfsi
 .text          0x000088a0      0x638 c:/programdata/matlab/supportpackages/r2023a/aide/tools/arm-none-eabi-gcc/4.8.3-2014q1/bin/../lib/gcc/arm-none-eabi/4.8.3/armv6-m\libgcc.a(adddf3.o)
                0x000088a0                __aeabi_dadd
 .text          0x00008ed8      0x648 c:/programdata/matlab/supportpackages/r2023a/aide/tools/arm-none-eabi-gcc/4.8.3-2014q1/bin/../lib/gcc/arm-none-eabi/4.8.3/armv6-m\libgcc.a(divdf3.o)
                0x00008ed8                __aeabi_ddiv
 .text          0x00009520       0x94 c:/programdata/matlab/supportpackages/r2023a/aide/tools/arm-none-eabi-gcc/4.8.3-2014q1/bin/../lib/gcc/arm-none-eabi/4.8.3/armv6-m\libgcc.a(eqdf2.o)
                0x00009520                __nedf2
                0x00009520                __eqdf2
 .text          0x000095b4       0xfc c:/programdata/matlab/supportpackages/r2023a/aide/tools/arm-none-eabi-gcc/4.8.3-2014q1/bin/../lib/gcc/arm-none-eabi/4.8.3/armv6-m\libgcc.a(gedf2.o)
                0x000095b4                __gedf2
                0x000095b4                __gtdf2
 .text          0x000096b0       0xfc c:/programdata/matlab/supportpackages/r2023a/aide/tools/arm-none-eabi-gcc/4.8.3-2014q1/bin/../lib/gcc/arm-none-eabi/4.8.3/armv6-m\libgcc.a(ledf2.o)
                0x000096b0                __ledf2
                0x000096b0                __ltdf2
 .text          0x000097ac      0x520 c:/programdata/matlab/supportpackages/r2023a/aide/tools/arm-none-eabi-gcc/4.8.3-2014q1/bin/../lib/gcc/arm-none-eabi/4.8.3/armv6-m\libgcc.a(muldf3.o)
                0x000097ac                __aeabi_dmul
 .text          0x00009ccc      0x654 c:/programdata/matlab/supportpackages/r2023a/aide/tools/arm-none-eabi-gcc/4.8.3-2014q1/bin/../lib/gcc/arm-none-eabi/4.8.3/armv6-m\libgcc.a(subdf3.o)
                0x00009ccc                __aeabi_dsub
 .text          0x0000a320       0x68 c:/programdata/matlab/supportpackages/r2023a/aide/tools/arm-none-eabi-gcc/4.8.3-2014q1/bin/../lib/gcc/arm-none-eabi/4.8.3/armv6-m\libgcc.a(fixdfsi.o)
                0x0000a320                __aeabi_d2iz
 .text          0x0000a388       0x68 c:/programdata/matlab/supportpackages/r2023a/aide/tools/arm-none-eabi-gcc/4.8.3-2014q1/bin/../lib/gcc/arm-none-eabi/4.8.3/armv6-m\libgcc.a(floatunsidf.o)
                0x0000a388                __aeabi_ui2d
 .text          0x0000a3f0       0x3c c:/programdata/matlab/supportpackages/r2023a/aide/tools/arm-none-eabi-gcc/4.8.3-2014q1/bin/../lib/gcc/arm-none-eabi/4.8.3/armv6-m\libgcc.a(_clzsi2.o)
                0x0000a3f0                __clzsi2
 .text.__errno  0x0000a42c        0xc c:/programdata/matlab/supportpackages/r2023a/aide/tools/arm-none-eabi-gcc/4.8.3-2014q1/bin/../lib/gcc/arm-none-eabi/4.8.3/../../../../arm-none-eabi/lib/armv6-m\libg_s.a(lib_a-errno.o)
                0x0000a42c                __errno
 .text.__libc_init_array
                0x0000a438       0x4c c:/programdata/matlab/supportpackages/r2023a/aide/tools/arm-none-eabi-gcc/4.8.3-2014q1/bin/../lib/gcc/arm-none-eabi/4.8.3/../../../../arm-none-eabi/lib/armv6-m\libg_s.a(lib_a-init.o)
                0x0000a438                __libc_init_array
 .text.malloc   0x0000a484       0x14 c:/programdata/matlab/supportpackages/r2023a/aide/tools/arm-none-eabi-gcc/4.8.3-2014q1/bin/../lib/gcc/arm-none-eabi/4.8.3/../../../../arm-none-eabi/lib/armv6-m\libg_s.a(lib_a-malloc.o)
                0x0000a484                malloc
 .text.free     0x0000a498       0x14 c:/programdata/matlab/supportpackages/r2023a/aide/tools/arm-none-eabi-gcc/4.8.3-2014q1/bin/../lib/gcc/arm-none-eabi/4.8.3/../../../../arm-none-eabi/lib/armv6-m\libg_s.a(lib_a-malloc.o)
                0x0000a498                free
 .text.memcpy   0x0000a4ac       0x12 c:/programdata/matlab/supportpackages/r2023a/aide/tools/arm-none-eabi-gcc/4.8.3-2014q1/bin/../lib/gcc/arm-none-eabi/4.8.3/../../../../arm-none-eabi/lib/armv6-m\libg_s.a(lib_a-memcpy-stub.o)
                0x0000a4ac                memcpy
 .text.memset   0x0000a4be       0x10 c:/programdata/matlab/supportpackages/r2023a/aide/tools/arm-none-eabi-gcc/4.8.3-2014q1/bin/../lib/gcc/arm-none-eabi/4.8.3/../../../../arm-none-eabi/lib/armv6-m\libg_s.a(lib_a-memset.o)
                0x0000a4be                memset
 *fill*         0x0000a4ce        0x2 
 .text._free_r  0x0000a4d0       0x90 c:/programdata/matlab/supportpackages/r2023a/aide/tools/arm-none-eabi-gcc/4.8.3-2014q1/bin/../lib/gcc/arm-none-eabi/4.8.3/../../../../arm-none-eabi/lib/armv6-m\libg_s.a(lib_a-nano-freer.o)
                0x0000a4d0                _free_r
 .text._malloc_r
                0x0000a560       0xa8 c:/programdata/matlab/supportpackages/r2023a/aide/tools/arm-none-eabi-gcc/4.8.3-2014q1/bin/../lib/gcc/arm-none-eabi/4.8.3/../../../../arm-none-eabi/lib/armv6-m\libg_s.a(lib_a-nano-mallocr.o)
                0x0000a560                _malloc_r
 .text._sbrk_r  0x0000a608       0x24 c:/programdata/matlab/supportpackages/r2023a/aide/tools/arm-none-eabi-gcc/4.8.3-2014q1/bin/../lib/gcc/arm-none-eabi/4.8.3/../../../../arm-none-eabi/lib/armv6-m\libg_s.a(lib_a-sbrkr.o)
                0x0000a608                _sbrk_r
 .text.strlen   0x0000a62c        0xe c:/programdata/matlab/supportpackages/r2023a/aide/tools/arm-none-eabi-gcc/4.8.3-2014q1/bin/../lib/gcc/arm-none-eabi/4.8.3/../../../../arm-none-eabi/lib/armv6-m\libg_s.a(lib_a-strlen.o)
                0x0000a62c                strlen
 *fill*         0x0000a63a        0x2 
 .text._sbrk    0x0000a63c       0x34 c:/programdata/matlab/supportpackages/r2023a/aide/tools/arm-none-eabi-gcc/4.8.3-2014q1/bin/../lib/gcc/arm-none-eabi/4.8.3/../../../../arm-none-eabi/lib/armv6-m\libnosys.a(sbrk.o)
                0x0000a63c                _sbrk
 *(.init)
 .init          0x0000a670        0x4 c:/programdata/matlab/supportpackages/r2023a/aide/tools/arm-none-eabi-gcc/4.8.3-2014q1/bin/../lib/gcc/arm-none-eabi/4.8.3/armv6-m/crti.o
                0x0000a670                _init
 .init          0x0000a674        0x8 c:/programdata/matlab/supportpackages/r2023a/aide/tools/arm-none-eabi-gcc/4.8.3-2014q1/bin/../lib/gcc/arm-none-eabi/4.8.3/armv6-m/crtn.o
 *(.fini)
 .fini          0x0000a67c        0x4 c:/programdata/matlab/supportpackages/r2023a/aide/tools/arm-none-eabi-gcc/4.8.3-2014q1/bin/../lib/gcc/arm-none-eabi/4.8.3/armv6-m/crti.o
                0x0000a67c                _fini
 .fini          0x0000a680        0x8 c:/programdata/matlab/supportpackages/r2023a/aide/tools/arm-none-eabi-gcc/4.8.3-2014q1/bin/../lib/gcc/arm-none-eabi/4.8.3/armv6-m/crtn.o
 *crtbegin.o(.ctors)
 *crtbegin?.o(.ctors)
 *(EXCLUDE_FILE(*crtend.o *crtend?.o) .ctors)
 *(SORT(.ctors.*))
 *(.ctors)
 *crtbegin.o(.dtors)
 *crtbegin?.o(.dtors)
 *(EXCLUDE_FILE(*crtend.o *crtend?.o) .dtors)
 *(SORT(.dtors.*))
 *(.dtors)
 *(.rodata*)
 .rodata        0x0000a688       0x10 MW_PWMDriver.o
 .rodata.rtAlwaysEnabled.12043
                0x0000a698        0x1 Rotation.o
 *fill*         0x0000a699        0x3 
 .rodata.Rotation_M
                0x0000a69c        0x4 Rotation.o
                0x0000a69c                Rotation_M
 .rodata.standardSupportedRxPacket
                0x0000a6a0       0x54 xcp_standard.o
 .rodata.daqSupportedRxPacket
                0x0000a6f4       0x90 xcp_daq.o
 .rodata.calibrationSupportedRxPacket
                0x0000a784       0x18 xcp_calibration.o
 .rodata.str1.4
                0x0000a79c        0x8 c:/programdata/matlab/supportpackages/r2023a/aide/tools/arm-none-eabi-gcc/4.8.3-2014q1/bin/../lib/gcc/arm-none-eabi/4.8.3/../../../../arm-none-eabi/lib/armv6-m\libm.a(lib_a-w_fmod.o)
 *fill*         0x0000a7a4        0x4 
 .rodata.Zero   0x0000a7a8       0x10 c:/programdata/matlab/supportpackages/r2023a/aide/tools/arm-none-eabi-gcc/4.8.3-2014q1/bin/../lib/gcc/arm-none-eabi/4.8.3/../../../../arm-none-eabi/lib/armv6-m\libm.a(lib_a-e_fmod.o)
 .rodata        0x0000a7b8       0x10 C:/Users/ankus/DOCUME~1/MATLAB/R2023a/ARDUIN~1/ARDUIN~1/FASTER~1\libcore.a(wiring_analog.o)
 .rodata._ZTV4Uart
                0x0000a7c8       0x38 C:/Users/ankus/DOCUME~1/MATLAB/R2023a/ARDUIN~1/ARDUIN~1/FASTER~1\libcore.a(Uart.o)
                0x0000a7c8                vtable for Uart
 .rodata._ZTV7Serial_
                0x0000a800       0x58 C:/Users/ankus/DOCUME~1/MATLAB/R2023a/ARDUIN~1/ARDUIN~1/FASTER~1\libcore.a(CDC.o)
                0x0000a800                vtable for Serial_
 .rodata._ZTV26DoubleBufferedEPOutHandler
                0x0000a858       0x28 C:/Users/ankus/DOCUME~1/MATLAB/R2023a/ARDUIN~1/ARDUIN~1/FASTER~1\libcore.a(USBCore.o)
                0x0000a858                vtable for DoubleBufferedEPOutHandler
 .rodata._ZL15STRING_LANGUAGE
                0x0000a880        0x4 C:/Users/ankus/DOCUME~1/MATLAB/R2023a/ARDUIN~1/ARDUIN~1/FASTER~1\libcore.a(USBCore.o)
 .rodata._ZL21USB_DeviceDescriptorB
                0x0000a884       0x12 C:/Users/ankus/DOCUME~1/MATLAB/R2023a/ARDUIN~1/ARDUIN~1/FASTER~1\libcore.a(USBCore.o)
 .rodata._ZL19STRING_MANUFACTURER
                0x0000a896        0xc C:/Users/ankus/DOCUME~1/MATLAB/R2023a/ARDUIN~1/ARDUIN~1/FASTER~1\libcore.a(USBCore.o)
 .rodata._ZL14STRING_PRODUCT
                0x0000a8a2       0x14 C:/Users/ankus/DOCUME~1/MATLAB/R2023a/ARDUIN~1/ARDUIN~1/FASTER~1\libcore.a(USBCore.o)
 *fill*         0x0000a8b6        0x2 
 .rodata.g_APinDescription
                0x0000a8b8      0x318 C:/Users/ankus/DOCUME~1/MATLAB/R2023a/ARDUIN~1/ARDUIN~1/FASTER~1\libcore.a(variant.o)
                0x0000a8b8                g_APinDescription
 .rodata        0x0000abd0       0x40 c:/programdata/matlab/supportpackages/r2023a/aide/tools/arm-none-eabi-gcc/4.8.3-2014q1/bin/../lib/gcc/arm-none-eabi/4.8.3/armv6-m\libgcc.a(divdf3.o)
 .rodata        0x0000ac10       0x40 c:/programdata/matlab/supportpackages/r2023a/aide/tools/arm-none-eabi-gcc/4.8.3-2014q1/bin/../lib/gcc/arm-none-eabi/4.8.3/armv6-m\libgcc.a(muldf3.o)
 .rodata.str1.1
                0x0000ac50        0x2 c:/programdata/matlab/supportpackages/r2023a/aide/tools/arm-none-eabi-gcc/4.8.3-2014q1/bin/../lib/gcc/arm-none-eabi/4.8.3/../../../../arm-none-eabi/lib/armv6-m\libg_s.a(lib_a-impure.o)
 *(.eh_frame*)
 *fill*         0x0000ac52        0x2 
 .eh_frame      0x0000ac54        0x0 c:/programdata/matlab/supportpackages/r2023a/aide/tools/arm-none-eabi-gcc/4.8.3-2014q1/bin/../lib/gcc/arm-none-eabi/4.8.3/armv6-m/crtbegin.o
 .eh_frame      0x0000ac54        0x4 c:/programdata/matlab/supportpackages/r2023a/aide/tools/arm-none-eabi-gcc/4.8.3-2014q1/bin/../lib/gcc/arm-none-eabi/4.8.3/armv6-m/crtend.o

.glue_7         0x0000ac58        0x0
 .glue_7        0x00000000        0x0 linker stubs

.glue_7t        0x0000ac58        0x0
 .glue_7t       0x00000000        0x0 linker stubs

.vfp11_veneer   0x0000ac58        0x0
 .vfp11_veneer  0x00000000        0x0 linker stubs

.v4_bx          0x0000ac58        0x0
 .v4_bx         0x00000000        0x0 linker stubs

.iplt           0x0000ac58        0x0
 .iplt          0x00000000        0x0 c:/programdata/matlab/supportpackages/r2023a/aide/tools/arm-none-eabi-gcc/4.8.3-2014q1/bin/../lib/gcc/arm-none-eabi/4.8.3/armv6-m/crtbegin.o

.rel.dyn        0x0000ac58        0x0
 .rel.iplt      0x00000000        0x0 c:/programdata/matlab/supportpackages/r2023a/aide/tools/arm-none-eabi-gcc/4.8.3-2014q1/bin/../lib/gcc/arm-none-eabi/4.8.3/armv6-m/crtbegin.o

.ARM.extab
 *(.ARM.extab* .gnu.linkonce.armextab.*)
                0x0000ac58                __exidx_start = .

.ARM.exidx
 *(.ARM.exidx* .gnu.linkonce.armexidx.*)
                0x0000ac58                __exidx_end = .
                0x0000ac58                __etext = .

.data           0x20000000      0xc3c load address 0x0000ac58
                0x20000000                __data_start__ = .
 *(vtable)
 *(.data*)
 .data.Rotation_P
                0x20000000      0xb40 Rotation_data.o
                0x20000000                Rotation_P
 .data.xcpExtmodeFinalSimulationTime
                0x20000b40        0x8 xcp_ext_common.o
                0x20000b40                xcpExtmodeFinalSimulationTime
 .data.xcpClassicTriggerDuration
                0x20000b48        0x4 xcp_ext_classic_trigger.o
                0x20000b48                xcpClassicTriggerDuration
 .data.xcpClassicTriggerArmRequest
                0x20000b4c        0x1 xcp_ext_classic_trigger.o
                0x20000b4c                xcpClassicTriggerArmRequest
 *fill*         0x20000b4d        0x3 
 .data.startStopDaqListId
                0x20000b50        0x4 xcp_daq.o
 .data.xcpEventCustomMemoryManager
                0x20000b54        0xc xcp_daq.o
 .data.xcpCurrentDaq
                0x20000b60        0x4 xcp_daq.o
 .data.xcpCtoReservedMemPoolId
                0x20000b64        0x4 xcp_transport.o
 .data.xcpMemMainBlockSizes
                0x20000b68        0xc xcp_mem_default.o
 .data.xcpMemMainBlocksNumber
                0x20000b74        0xc xcp_mem_default.o
 .data.drvID    0x20000b80        0x4 xcp_drv_rtiostream.o
 .data.xcpCtoReservedMemPoolId
                0x20000b84        0x4 xcp_frame_serial.o
 .data.__fdlib_version
                0x20000b88        0x1 c:/programdata/matlab/supportpackages/r2023a/aide/tools/arm-none-eabi-gcc/4.8.3-2014q1/bin/../lib/gcc/arm-none-eabi/4.8.3/../../../../arm-none-eabi/lib/armv6-m\libm.a(lib_a-s_lib_ver.o)
                0x20000b88                __fdlib_version
 *fill*         0x20000b89        0x3 
 .data.SystemCoreClock
                0x20000b8c        0x4 C:/Users/ankus/DOCUME~1/MATLAB/R2023a/ARDUIN~1/ARDUIN~1/FASTER~1\libcore.a(wiring.o)
                0x20000b8c                SystemCoreClock
 .data._writeResolution
                0x20000b90        0x4 C:/Users/ankus/DOCUME~1/MATLAB/R2023a/ARDUIN~1/ARDUIN~1/FASTER~1\libcore.a(wiring_analog.o)
 .data._ZL5ticks
                0x20000b94        0x4 C:/Users/ankus/DOCUME~1/MATLAB/R2023a/ARDUIN~1/ARDUIN~1/FASTER~1\libcore.a(Reset.o)
 .data._serialPeek
                0x20000b98        0x4 C:/Users/ankus/DOCUME~1/MATLAB/R2023a/ARDUIN~1/ARDUIN~1/FASTER~1\libcore.a(CDC.o)
                0x20000b98                _serialPeek
 .data._ZL10breakValue
                0x20000b9c        0x4 C:/Users/ankus/DOCUME~1/MATLAB/R2023a/ARDUIN~1/ARDUIN~1/FASTER~1\libcore.a(CDC.o)
 .data._ZL12_usbLineInfo
                0x20000ba0        0x8 C:/Users/ankus/DOCUME~1/MATLAB/R2023a/ARDUIN~1/ARDUIN~1/FASTER~1\libcore.a(CDC.o)
 .data.g_apTCInstances
                0x20000ba8       0x18 C:/Users/ankus/DOCUME~1/MATLAB/R2023a/ARDUIN~1/ARDUIN~1/FASTER~1\libcore.a(variant.o)
                0x20000ba8                g_apTCInstances
 .data.impure_data
                0x20000bc0       0x60 c:/programdata/matlab/supportpackages/r2023a/aide/tools/arm-none-eabi-gcc/4.8.3-2014q1/bin/../lib/gcc/arm-none-eabi/4.8.3/../../../../arm-none-eabi/lib/armv6-m\libg_s.a(lib_a-impure.o)
 .data._impure_ptr
                0x20000c20        0x4 c:/programdata/matlab/supportpackages/r2023a/aide/tools/arm-none-eabi-gcc/4.8.3-2014q1/bin/../lib/gcc/arm-none-eabi/4.8.3/../../../../arm-none-eabi/lib/armv6-m\libg_s.a(lib_a-impure.o)
                0x20000c20                _impure_ptr
                0x20000c24                . = ALIGN (0x4)
                0x20000c24                PROVIDE (__preinit_array_start, .)
 *(.preinit_array)
                0x20000c24                PROVIDE (__preinit_array_end, .)
                0x20000c24                . = ALIGN (0x4)
                0x20000c24                PROVIDE (__init_array_start, .)
 *(SORT(.init_array.*))
 *(.init_array)
 .init_array    0x20000c24        0x4 c:/programdata/matlab/supportpackages/r2023a/aide/tools/arm-none-eabi-gcc/4.8.3-2014q1/bin/../lib/gcc/arm-none-eabi/4.8.3/armv6-m/crtbegin.o
 .init_array    0x20000c28        0x4 C:/Users/ankus/DOCUME~1/MATLAB/R2023a/ARDUIN~1/ARDUIN~1/FASTER~1\libcore.a(CDC.o)
 .init_array    0x20000c2c        0x4 C:/Users/ankus/DOCUME~1/MATLAB/R2023a/ARDUIN~1/ARDUIN~1/FASTER~1\libcore.a(USBCore.o)
 .init_array    0x20000c30        0x4 C:/Users/ankus/DOCUME~1/MATLAB/R2023a/ARDUIN~1/ARDUIN~1/FASTER~1\libcore.a(variant.o)
                0x20000c34                PROVIDE (__init_array_end, .)
                0x20000c34                . = ALIGN (0x4)
                0x20000c34                PROVIDE (__fini_array_start, .)
 *(SORT(.fini_array.*))
 *(.fini_array)
 .fini_array    0x20000c34        0x4 c:/programdata/matlab/supportpackages/r2023a/aide/tools/arm-none-eabi-gcc/4.8.3-2014q1/bin/../lib/gcc/arm-none-eabi/4.8.3/armv6-m/crtbegin.o
                0x20000c38                PROVIDE (__fini_array_end, .)
 *(.jcr*)
 .jcr           0x20000c38        0x0 c:/programdata/matlab/supportpackages/r2023a/aide/tools/arm-none-eabi-gcc/4.8.3-2014q1/bin/../lib/gcc/arm-none-eabi/4.8.3/armv6-m/crtbegin.o
 .jcr           0x20000c38        0x4 c:/programdata/matlab/supportpackages/r2023a/aide/tools/arm-none-eabi-gcc/4.8.3-2014q1/bin/../lib/gcc/arm-none-eabi/4.8.3/armv6-m/crtend.o
                0x20000c3c                . = ALIGN (0x4)
                0x20000c3c                __data_end__ = .

.igot.plt       0x20000c3c        0x0 load address 0x0000b894
 .igot.plt      0x00000000        0x0 c:/programdata/matlab/supportpackages/r2023a/aide/tools/arm-none-eabi-gcc/4.8.3-2014q1/bin/../lib/gcc/arm-none-eabi/4.8.3/armv6-m/crtbegin.o

.bss            0x20000c40     0x13c8 load address 0x0000b898
                0x20000c40                . = ALIGN (0x4)
                0x20000c40                __bss_start__ = .
 *(.bss*)
 .bss           0x20000c40       0x1c c:/programdata/matlab/supportpackages/r2023a/aide/tools/arm-none-eabi-gcc/4.8.3-2014q1/bin/../lib/gcc/arm-none-eabi/4.8.3/armv6-m/crtbegin.o
 .bss.tcEnabled.12391
                0x20000c5c        0x6 MW_PWMDriver.o
 .bss.PWMPinHandleMap
                0x20000c62        0x9 ArduinoPinHandleMap.o
                0x20000c62                PWMPinHandleMap
 *fill*         0x20000c6b        0x1 
 .bss.xcpCustomTriggerFunction
                0x20000c6c        0x8 xcp_ext_mode.o
 *fill*         0x20000c74        0x4 
 .bss.Rotation_M_
                0x20000c78       0x50 Rotation.o
 .bss.rt_ExtModeInfo.12044
                0x20000cc8       0x14 Rotation.o
 .bss.systemRan.12045
                0x20000cdc       0x34 Rotation.o
 .bss.xcpModelChecksum0
                0x20000d10        0x4 xcp_ext_common.o
                0x20000d10                xcpModelChecksum0
 .bss.xcpModelStartRequest
                0x20000d14        0x1 xcp_ext_common.o
                0x20000d14                xcpModelStartRequest
 *fill*         0x20000d15        0x3 
 .bss.xcpModelChecksum1
                0x20000d18        0x4 xcp_ext_common.o
                0x20000d18                xcpModelChecksum1
 .bss.xcpModelChecksum3
                0x20000d1c        0x4 xcp_ext_common.o
                0x20000d1c                xcpModelChecksum3
 .bss.xcpModelChecksum2
                0x20000d20        0x4 xcp_ext_common.o
                0x20000d20                xcpModelChecksum2
 .bss.xcpModelIntegerCode
                0x20000d24        0x4 xcp_ext_common.o
                0x20000d24                xcpModelIntegerCode
 .bss.xcpDummyDoubleVariable
                0x20000d28        0x8 xcp_ext_common.o
                0x20000d28                xcpDummyDoubleVariable
 .bss.xcpModelStopRequest
                0x20000d30        0x1 xcp_ext_common.o
                0x20000d30                xcpModelStopRequest
 *fill*         0x20000d31        0x7 
 .bss.xcpBaseRateSimulationTime
                0x20000d38        0x8 xcp_ext_common.o
 .bss.xcpCurrentSimulationTimeInMs
                0x20000d40        0x8 xcp_ext_common.o
                0x20000d40                xcpCurrentSimulationTimeInMs
 .bss.xcpExtmodeSimulationComplete
                0x20000d48        0x1 xcp_ext_common.o
                0x20000d48                xcpExtmodeSimulationComplete
 .bss.xcpModelStatus
                0x20000d49        0x1 xcp_ext_common.o
                0x20000d49                xcpModelStatus
 .bss.xcpClassicTriggerDirection
                0x20000d4a        0x1 xcp_ext_classic_trigger.o
                0x20000d4a                xcpClassicTriggerDirection
 *fill*         0x20000d4b        0x5 
 .bss.xcpOldSignalValue
                0x20000d50        0x8 xcp_ext_classic_trigger.o
 .bss.xcpClassicTriggerSignalAddressExtension
                0x20000d58        0x1 xcp_ext_classic_trigger.o
                0x20000d58                xcpClassicTriggerSignalAddressExtension
 *fill*         0x20000d59        0x3 
 .bss.xcpTriggerCount
                0x20000d5c        0x4 xcp_ext_classic_trigger.o
 .bss.xcpOldSignalValueAvailable
                0x20000d60        0x1 xcp_ext_classic_trigger.o
 *fill*         0x20000d61        0x3 
 .bss.xcpClassicTriggerDelay
                0x20000d64        0x4 xcp_ext_classic_trigger.o
                0x20000d64                xcpClassicTriggerDelay
 .bss.xcpClassicTriggerSignalAddress
                0x20000d68        0x4 xcp_ext_classic_trigger.o
                0x20000d68                xcpClassicTriggerSignalAddress
 .bss.xcpClassicTriggerEventId
                0x20000d6c        0x2 xcp_ext_classic_trigger.o
                0x20000d6c                xcpClassicTriggerEventId
 .bss.xcpClassicTriggerCancelRequest
                0x20000d6e        0x1 xcp_ext_classic_trigger.o
                0x20000d6e                xcpClassicTriggerCancelRequest
 .bss.xcpOldClassicTriggerSource
                0x20000d6f        0x1 xcp_ext_classic_trigger.o
 .bss.xcpClassicTriggerSource
                0x20000d70        0x1 xcp_ext_classic_trigger.o
                0x20000d70                xcpClassicTriggerSource
 .bss.xcpForceTriggerEnableRequest
                0x20000d71        0x1 xcp_ext_classic_trigger.o
 .bss.xcpSignalTriggerFired
                0x20000d72        0x1 xcp_ext_classic_trigger.o
 .bss.xcpClassicTriggerStatus
                0x20000d73        0x1 xcp_ext_classic_trigger.o
                0x20000d73                xcpClassicTriggerStatus
 .bss.xcpClassicTriggerMode
                0x20000d74        0x1 xcp_ext_classic_trigger.o
                0x20000d74                xcpClassicTriggerMode
 .bss.xcpForcedTriggerEnabled
                0x20000d75        0x1 xcp_ext_classic_trigger.o
 *fill*         0x20000d76        0x2 
 .bss.xcpClassicTriggerHoldOff
                0x20000d78        0x4 xcp_ext_classic_trigger.o
                0x20000d78                xcpClassicTriggerHoldOff
 *fill*         0x20000d7c        0x4 
 .bss.xcpClassicTriggerLevel
                0x20000d80        0x8 xcp_ext_classic_trigger.o
                0x20000d80                xcpClassicTriggerLevel
 .bss.xcpTriggerEnabled
                0x20000d88        0x1 xcp_ext_classic_trigger.o
 .bss.xcpResourceProtectionStatus
                0x20000d89        0x1 xcp.o
 .bss.initialized
                0x20000d8a        0x1 xcp.o
 .bss.xcpSessionStatus
                0x20000d8b        0x1 xcp.o
 .bss.xcpStatus
                0x20000d8c        0x1 xcp.o
 *fill*         0x20000d8d        0x1 
 .bss.xcpSessionConfigurationId
                0x20000d8e        0x2 xcp.o
 .bss.groupPacketLookup
                0x20000d90       0x10 xcp.o
 .bss.xcpUploadSize
                0x20000da0        0x1 xcp_standard.o
 *fill*         0x20000da1        0x3 
 .bss.xcpMta    0x20000da4        0x8 xcp_standard.o
 .bss.packetLookup
                0x20000dac        0x4 xcp_standard.o
 .bss.daqLock   0x20000db0        0x4 xcp_daq.o
 .bss.packetLookup
                0x20000db4        0x4 xcp_daq.o
 .bss.xcpDynamicDaqLists
                0x20000db8        0x8 xcp_daq.o
 .bss.xcpRunningEventCounter
                0x20000dc0        0x4 xcp_daq.o
 .bss.packetLookup
                0x20000dc4        0x4 xcp_calibration.o
 .bss.rxLock    0x20000dc8        0x4 xcp_transport.o
 .bss.txFifo    0x20000dcc       0x10 xcp_transport.o
 .bss.initialized
                0x20000ddc        0x1 xcp_transport.o
 *fill*         0x20000ddd        0x3 
 .bss.txLock    0x20000de0        0x4 xcp_transport.o
 .bss.rxFifo    0x20000de4        0x8 xcp_transport.o
 .bss.xcpMemMainChunk
                0x20000dec       0x8f xcp_mem_default.o
 .bss.xcpMemReservedPoolsChunk
                0x20000e7b      0x2fd xcp_mem_default.o
 .bss.xcpMemLock
                0x20001178        0x4 xcp_mem_default.o
 .bss.xcpMemPoolDescriptors
                0x2000117c       0x78 xcp_mem_default.o
 .bss.xcpMemReservedPoolsChunkUsedBytes
                0x200011f4        0x4 xcp_mem_default.o
 .bss.xcpMemCustomPoolDescriptors
                0x200011f8        0x8 xcp_mem_default.o
 .bss.forceBlocking
                0x20001200        0x1 xcp_drv_rtiostream.o
 *fill*         0x20001201        0x1 
 .bss.rxCounter
                0x20001202        0x2 xcp_frame_serial.o
 .bss.initialized
                0x20001204        0x1 xcp_frame_serial.o
 *fill*         0x20001205        0x3 
 .bss.firstRxCounterReceived
                0x20001208        0x4 xcp_frame_serial.o
 .bss.txCounter
                0x2000120c        0x2 xcp_frame_serial.o
 *fill*         0x2000120e        0x2 
 .bss._ZZ12Serial_beginE10serialInit
                0x20001210        0x4 io_wrappers.o
 .bss.actualtime
                0x20001214        0x4 arduinoARM_M0plusScheduler.o
                0x20001214                actualtime
 .bss.oldtime   0x20001218        0x4 arduinoARM_M0plusScheduler.o
                0x20001218                oldtime
 .bss.receivedSyncByteE
                0x2000121c        0x1 rtiostream_serial_daemon.o
                0x2000121c                receivedSyncByteE
 .bss.OverrunFlag
                0x2000121d        0x1 ert_main.o
 *fill*         0x2000121e        0x2 
 .bss.IsrOverrun
                0x20001220        0x4 ert_main.o
                0x20001220                IsrOverrun
 .bss.usb_isr   0x20001224        0x4 C:/Users/ankus/DOCUME~1/MATLAB/R2023a/ARDUIN~1/ARDUIN~1/FASTER~1\libcore.a(cortex_handlers.o)
 .bss._ulTickCount
                0x20001228        0x4 C:/Users/ankus/DOCUME~1/MATLAB/R2023a/ARDUIN~1/ARDUIN~1/FASTER~1\libcore.a(delay.o)
 .bss.tcEnabled.12353
                0x2000122c        0x6 C:/Users/ankus/DOCUME~1/MATLAB/R2023a/ARDUIN~1/ARDUIN~1/FASTER~1\libcore.a(wiring_analog.o)
 *fill*         0x20001232        0x2 
 .bss.SerialUSB
                0x20001234       0x34 C:/Users/ankus/DOCUME~1/MATLAB/R2023a/ARDUIN~1/ARDUIN~1/FASTER~1\libcore.a(CDC.o)
                0x20001234                SerialUSB
 .bss._ZZ12PluggableUSBvE3obj
                0x20001268        0x8 C:/Users/ankus/DOCUME~1/MATLAB/R2023a/ARDUIN~1/ARDUIN~1/FASTER~1\libcore.a(PluggableUSB.o)
 .bss._ZGVZ12PluggableUSBvE3obj
                0x20001270        0x4 C:/Users/ankus/DOCUME~1/MATLAB/R2023a/ARDUIN~1/ARDUIN~1/FASTER~1\libcore.a(PluggableUSB.o)
 .bss._ZL14isEndpointHalt
                0x20001274        0x1 C:/Users/ankus/DOCUME~1/MATLAB/R2023a/ARDUIN~1/ARDUIN~1/FASTER~1\libcore.a(USBCore.o)
 *fill*         0x20001275        0x3 
 .bss.EndPoints
                0x20001278       0x28 C:/Users/ankus/DOCUME~1/MATLAB/R2023a/ARDUIN~1/ARDUIN~1/FASTER~1\libcore.a(USBCore.o)
                0x20001278                EndPoints
 .bss._pack_buffer
                0x200012a0      0x100 C:/Users/ankus/DOCUME~1/MATLAB/R2023a/ARDUIN~1/ARDUIN~1/FASTER~1\libcore.a(USBCore.o)
                0x200012a0                _pack_buffer
 .bss._pack_size
                0x200013a0        0x2 C:/Users/ankus/DOCUME~1/MATLAB/R2023a/ARDUIN~1/ARDUIN~1/FASTER~1\libcore.a(USBCore.o)
                0x200013a0                _pack_size
 .bss._ZL20LastTransmitTimedOut
                0x200013a2        0x7 C:/Users/ankus/DOCUME~1/MATLAB/R2023a/ARDUIN~1/ARDUIN~1/FASTER~1\libcore.a(USBCore.o)
 *fill*         0x200013a9        0x3 
 .bss._ZL22udd_ep_in_cache_buffer
                0x200013ac      0x1c0 C:/Users/ankus/DOCUME~1/MATLAB/R2023a/ARDUIN~1/ARDUIN~1/FASTER~1\libcore.a(USBCore.o)
 .bss._ZL23udd_ep_out_cache_buffer
                0x2000156c      0x1c0 C:/Users/ankus/DOCUME~1/MATLAB/R2023a/ARDUIN~1/ARDUIN~1/FASTER~1\libcore.a(USBCore.o)
 .bss._ZL10epHandlers
                0x2000172c       0x1c C:/Users/ankus/DOCUME~1/MATLAB/R2023a/ARDUIN~1/ARDUIN~1/FASTER~1\libcore.a(USBCore.o)
 .bss._pack_message
                0x20001748        0x1 C:/Users/ankus/DOCUME~1/MATLAB/R2023a/ARDUIN~1/ARDUIN~1/FASTER~1\libcore.a(USBCore.o)
                0x20001748                _pack_message
 .bss._ZL21isRemoteWakeUpEnabled
                0x20001749        0x1 C:/Users/ankus/DOCUME~1/MATLAB/R2023a/ARDUIN~1/ARDUIN~1/FASTER~1\libcore.a(USBCore.o)
 .bss._dry_run  0x2000174a        0x1 C:/Users/ankus/DOCUME~1/MATLAB/R2023a/ARDUIN~1/ARDUIN~1/FASTER~1\libcore.a(USBCore.o)
                0x2000174a                _dry_run
 .bss.USBDevice
                0x2000174b        0x1 C:/Users/ankus/DOCUME~1/MATLAB/R2023a/ARDUIN~1/ARDUIN~1/FASTER~1\libcore.a(USBCore.o)
                0x2000174b                USBDevice
 .bss._usbSetInterface
                0x2000174c        0x4 C:/Users/ankus/DOCUME~1/MATLAB/R2023a/ARDUIN~1/ARDUIN~1/FASTER~1\libcore.a(USBCore.o)
                0x2000174c                _usbSetInterface
 .bss.usbd      0x20001750      0x104 C:/Users/ankus/DOCUME~1/MATLAB/R2023a/ARDUIN~1/ARDUIN~1/FASTER~1\libcore.a(USBCore.o)
                0x20001750                usbd
 .bss._usbConfiguration
                0x20001854        0x4 C:/Users/ankus/DOCUME~1/MATLAB/R2023a/ARDUIN~1/ARDUIN~1/FASTER~1\libcore.a(USBCore.o)
                0x20001854                _usbConfiguration
 .bss.SerialHCI
                0x20001858      0x23c C:/Users/ankus/DOCUME~1/MATLAB/R2023a/ARDUIN~1/ARDUIN~1/FASTER~1\libcore.a(variant.o)
                0x20001858                SerialHCI
 .bss.Serial1   0x20001a94      0x23c C:/Users/ankus/DOCUME~1/MATLAB/R2023a/ARDUIN~1/ARDUIN~1/FASTER~1\libcore.a(variant.o)
                0x20001a94                Serial1
 .bss.Serial2   0x20001cd0      0x23c C:/Users/ankus/DOCUME~1/MATLAB/R2023a/ARDUIN~1/ARDUIN~1/FASTER~1\libcore.a(variant.o)
                0x20001cd0                Serial2
 .bss.sercom3   0x20001f0c        0x4 C:/Users/ankus/DOCUME~1/MATLAB/R2023a/ARDUIN~1/ARDUIN~1/FASTER~1\libcore.a(variant.o)
                0x20001f0c                sercom3
 .bss.sercom0   0x20001f10        0x4 C:/Users/ankus/DOCUME~1/MATLAB/R2023a/ARDUIN~1/ARDUIN~1/FASTER~1\libcore.a(variant.o)
                0x20001f10                sercom0
 .bss.sercom1   0x20001f14        0x4 C:/Users/ankus/DOCUME~1/MATLAB/R2023a/ARDUIN~1/ARDUIN~1/FASTER~1\libcore.a(variant.o)
                0x20001f14                sercom1