Archive member included because of file (symbol)

c:/programdata/matlab/supportpackages/r2023a/aide/tools/arm-none-eabi-gcc/4.8.3-2014q1/bin/../lib/gcc/arm-none-eabi/4.8.3/../../../../arm-none-eabi/lib/armv6-m\libm.a(lib_a-s_ceil.o)
                              Line_following2.o (ceil)
c:/programdata/matlab/supportpackages/r2023a/aide/tools/arm-none-eabi-gcc/4.8.3-2014q1/bin/../lib/gcc/arm-none-eabi/4.8.3/../../../../arm-none-eabi/lib/armv6-m\libm.a(lib_a-s_floor.o)
                              Line_following2.o (floor)
c:/programdata/matlab/supportpackages/r2023a/aide/tools/arm-none-eabi-gcc/4.8.3-2014q1/bin/../lib/gcc/arm-none-eabi/4.8.3/../../../../arm-none-eabi/lib/armv6-m\libm.a(lib_a-w_fmod.o)
                              xcp_ext_common.o (fmod)
c:/programdata/matlab/supportpackages/r2023a/aide/tools/arm-none-eabi-gcc/4.8.3-2014q1/bin/../lib/gcc/arm-none-eabi/4.8.3/../../../../arm-none-eabi/lib/armv6-m\libm.a(lib_a-e_fmod.o)
                              c:/programdata/matlab/supportpackages/r2023a/aide/tools/arm-none-eabi-gcc/4.8.3-2014q1/bin/../lib/gcc/arm-none-eabi/4.8.3/../../../../arm-none-eabi/lib/armv6-m\libm.a(lib_a-w_fmod.o) (__ieee754_fmod)
c:/programdata/matlab/supportpackages/r2023a/aide/tools/arm-none-eabi-gcc/4.8.3-2014q1/bin/../lib/gcc/arm-none-eabi/4.8.3/../../../../arm-none-eabi/lib/armv6-m\libm.a(lib_a-s_fpclassify.o)
                              c:/programdata/matlab/supportpackages/r2023a/aide/tools/arm-none-eabi-gcc/4.8.3-2014q1/bin/../lib/gcc/arm-none-eabi/4.8.3/../../../../arm-none-eabi/lib/armv6-m\libm.a(lib_a-w_fmod.o) (__fpclassifyd)
c:/programdata/matlab/supportpackages/r2023a/aide/tools/arm-none-eabi-gcc/4.8.3-2014q1/bin/../lib/gcc/arm-none-eabi/4.8.3/../../../../arm-none-eabi/lib/armv6-m\libm.a(lib_a-s_lib_ver.o)
                              c:/programdata/matlab/supportpackages/r2023a/aide/tools/arm-none-eabi-gcc/4.8.3-2014q1/bin/../lib/gcc/arm-none-eabi/4.8.3/../../../../arm-none-eabi/lib/armv6-m\libm.a(lib_a-w_fmod.o) (__fdlib_version)
c:/programdata/matlab/supportpackages/r2023a/aide/tools/arm-none-eabi-gcc/4.8.3-2014q1/bin/../lib/gcc/arm-none-eabi/4.8.3/../../../../arm-none-eabi/lib/armv6-m\libm.a(lib_a-s_matherr.o)
                              c:/programdata/matlab/supportpackages/r2023a/aide/tools/arm-none-eabi-gcc/4.8.3-2014q1/bin/../lib/gcc/arm-none-eabi/4.8.3/../../../../arm-none-eabi/lib/armv6-m\libm.a(lib_a-w_fmod.o) (matherr)
C:/Users/ankus/DOCUME~1/MATLAB/R2023a/ARDUIN~1/ARDUIN~1/FASTER~1\libcore.a(cortex_handlers.o)
                              (Reset_Handler)
C:/Users/ankus/DOCUME~1/MATLAB/R2023a/ARDUIN~1/ARDUIN~1/FASTER~1\libcore.a(hooks.o)
                              C:/Users/ankus/DOCUME~1/MATLAB/R2023a/ARDUIN~1/ARDUIN~1/FASTER~1\libcore.a(cortex_handlers.o) (sysTickHook)
C:/Users/ankus/DOCUME~1/MATLAB/R2023a/ARDUIN~1/ARDUIN~1/FASTER~1\libcore.a(delay.o)
                              io_wrappers.o (millis)
C:/Users/ankus/DOCUME~1/MATLAB/R2023a/ARDUIN~1/ARDUIN~1/FASTER~1\libcore.a(startup.o)
                              C:/Users/ankus/DOCUME~1/MATLAB/R2023a/ARDUIN~1/ARDUIN~1/FASTER~1\libcore.a(cortex_handlers.o) (SystemInit)
C:/Users/ankus/DOCUME~1/MATLAB/R2023a/ARDUIN~1/ARDUIN~1/FASTER~1\libcore.a(pulse.o)
                              MW_Ultrasonic.o (pulseIn)
C:/Users/ankus/DOCUME~1/MATLAB/R2023a/ARDUIN~1/ARDUIN~1/FASTER~1\libcore.a(wiring.o)
                              ert_main.o (init)
C:/Users/ankus/DOCUME~1/MATLAB/R2023a/ARDUIN~1/ARDUIN~1/FASTER~1\libcore.a(wiring_analog.o)
                              C:/Users/ankus/DOCUME~1/MATLAB/R2023a/ARDUIN~1/ARDUIN~1/FASTER~1\libcore.a(wiring.o) (analogReference)
C:/Users/ankus/DOCUME~1/MATLAB/R2023a/ARDUIN~1/ARDUIN~1/FASTER~1\libcore.a(wiring_digital.o)
                              MW_PWM.o (pinMode)
C:/Users/ankus/DOCUME~1/MATLAB/R2023a/ARDUIN~1/ARDUIN~1/FASTER~1\libcore.a(wiring_private.o)
                              MW_PWMDriver.o (pinPeripheral)
C:/Users/ankus/DOCUME~1/MATLAB/R2023a/ARDUIN~1/ARDUIN~1/FASTER~1\libcore.a(Reset.o)
                              C:/Users/ankus/DOCUME~1/MATLAB/R2023a/ARDUIN~1/ARDUIN~1/FASTER~1\libcore.a(delay.o) (tickReset)
C:/Users/ankus/DOCUME~1/MATLAB/R2023a/ARDUIN~1/ARDUIN~1/FASTER~1\libcore.a(Uart.o)
                              io_wrappers.o (Uart::begin(unsigned long, unsigned short))
C:/Users/ankus/DOCUME~1/MATLAB/R2023a/ARDUIN~1/ARDUIN~1/FASTER~1\libcore.a(CDC.o)
                              rtiostream_serial_daemon.o (Serial_::available())
C:/Users/ankus/DOCUME~1/MATLAB/R2023a/ARDUIN~1/ARDUIN~1/FASTER~1\libcore.a(PluggableUSB.o)
                              C:/Users/ankus/DOCUME~1/MATLAB/R2023a/ARDUIN~1/ARDUIN~1/FASTER~1\libcore.a(CDC.o) (PluggableUSB_::plug(PluggableUSBModule*))
C:/Users/ankus/DOCUME~1/MATLAB/R2023a/ARDUIN~1/ARDUIN~1/FASTER~1\libcore.a(USBCore.o)
                              io_wrappers.o (USBDeviceClass::init())
C:/Users/ankus/DOCUME~1/MATLAB/R2023a/ARDUIN~1/ARDUIN~1/FASTER~1\libcore.a(variant.o)
[...]
Memory Configuration

Name             Origin             Length             Attributes
FLASH            0x00002000         0x0003e000         xr
RAM              0x20000000         0x00008000         xrw
*default*        0x00000000         0xffffffff

Linker script and memory map

LOAD c:/programdata/matlab/supportpackages/r2023a/aide/tools/arm-none-eabi-gcc/4.8.3-2014q1/bin/../lib/gcc/arm-none-eabi/4.8.3/armv6-m/crti.o
LOAD c:/programdata/matlab/supportpackages/r2023a/aide/tools/arm-none-eabi-gcc/4.8.3-2014q1/bin/../lib/gcc/arm-none-eabi/4.8.3/armv6-m/crtbegin.o
LOAD c:/programdata/matlab/supportpackages/r2023a/aide/tools/arm-none-eabi-gcc/4.8.3-2014q1/bin/../lib/gcc/arm-none-eabi/4.8.3/../../../../arm-none-eabi/lib/armv6-m/crt0.o
START GROUP
LOAD C:/ProgramData/MATLAB/SupportPackages/R2023a/aIDE/portable/packages/arduino/tools/CMSIS/4.5.0/CMSIS/Lib/GCC\libarm_cortexM0l_math.a
LOAD MW_PWM.o
LOAD MW_PWMDriver.o
LOAD ArduinoPinHandleMap.o
LOAD MW_arduino_digitalio.o
LOAD MW_Ultrasonic.o
LOAD xcp_ext_mode.o
LOAD Line_following2.o
LOAD Line_following2_data.o
LOAD xcp_ext_common.o
LOAD xcp_ext_classic_trigger.o
LOAD xcp.o
LOAD xcp_standard.o
LOAD xcp_daq.o
LOAD xcp_calibration.o
LOAD xcp_fifo.o
LOAD xcp_transport.o
LOAD xcp_mem_default.o
LOAD xcp_drv_rtiostream.o
LOAD xcp_utils.o
LOAD xcp_frame_serial.o
LOAD xcp_ext_param_default_serial.o
LOAD MW_ArduinoHWInit.o
LOAD io_wrappers.o
LOAD arduinoARM_M0plusScheduler.o
LOAD m0m1m0plus_multitasking.o
LOAD rtiostream_serial_daemon.o
LOAD sys_arch.o
LOAD ert_main.o
LOAD C:/Users/ankus/DOCUME~1/MATLAB/R2023a/ARDUIN~1/ARDUIN~1/FASTER~1/MW_RebuildSrc_Core.o
END GROUP
LOAD c:/programdata/matlab/supportpackages/r2023a/aide/tools/arm-none-eabi-gcc/4.8.3-2014q1/bin/../lib/gcc/arm-none-eabi/4.8.3/../../../../arm-none-eabi/lib/armv6-m\libm.a
LOAD C:/Users/ankus/DOCUME~1/MATLAB/R2023a/ARDUIN~1/ARDUIN~1/FASTER~1\libcore.a
START GROUP
LOAD c:/programdata/matlab/supportpackages/r2023a/aide/tools/arm-none-eabi-gcc/4.8.3-2014q1/bin/../lib/gcc/arm-none-eabi/4.8.3/armv6-m\libgcc.a
LOAD c:/programdata/matlab/supportpackages/r2023a/aide/tools/arm-none-eabi-gcc/4.8.3-2014q1/bin/../lib/gcc/arm-none-eabi/4.8.3/../../../../arm-none-eabi/lib/armv6-m\libg_s.a
LOAD c:/programdata/matlab/supportpackages/r2023a/aide/tools/arm-none-eabi-gcc/4.8.3-2014q1/bin/../lib/gcc/arm-none-eabi/4.8.3/../../../../arm-none-eabi/lib/armv6-m\libc_s.a
END GROUP
START GROUP
LOAD c:/programdata/matlab/supportpackages/r2023a/aide/tools/arm-none-eabi-gcc/4.8.3-2014q1/bin/../lib/gcc/arm-none-eabi/4.8.3/armv6-m\libgcc.a
LOAD c:/programdata/matlab/supportpackages/r2023a/aide/tools/arm-none-eabi-gcc/4.8.3-2014q1/bin/../lib/gcc/arm-none-eabi/4.8.3/../../../../arm-none-eabi/lib/armv6-m\libc_s.a
LOAD c:/programdata/matlab/supportpackages/r2023a/aide/tools/arm-none-eabi-gcc/4.8.3-2014q1/bin/../lib/gcc/arm-none-eabi/4.8.3/../../../../arm-none-eabi/lib/armv6-m\libnosys.a
END GROUP
START GROUP
LOAD c:/programdata/matlab/supportpackages/r2023a/aide/tools/arm-none-eabi-gcc/4.8.3-2014q1/bin/../lib/gcc/arm-none-eabi/4.8.3/armv6-m\libgcc.a
LOAD c:/programdata/matlab/supportpackages/r2023a/aide/tools/arm-none-eabi-gcc/4.8.3-2014q1/bin/../lib/gcc/arm-none-eabi/4.8.3/../../../../arm-none-eabi/lib/armv6-m\libc_s.a
LOAD c:/programdata/matlab/supportpackages/r2023a/aide/tools/arm-none-eabi-gcc/4.8.3-2014q1/bin/../lib/gcc/arm-none-eabi/4.8.3/../../../../arm-none-eabi/lib/armv6-m\libnosys.a
END GROUP
LOAD c:/programdata/matlab/supportpackages/r2023a/aide/tools/arm-none-eabi-gcc/4.8.3-2014q1/bin/../lib/gcc/arm-none-eabi/4.8.3/armv6-m/crtend.o
LOAD c:/programdata/matlab/supportpackages/r2023a/aide/tools/arm-none-eabi-gcc/4.8.3-2014q1/bin/../lib/gcc/arm-none-eabi/4.8.3/armv6-m/crtn.o

.text           0x00002000     0xa1a8
                0x00002000                __text_start__ = .
 *(.sketch_boot)
                0x00002000                . = ALIGN (0x2000)
 *(.isr_vector)
 .isr_vector    0x00002000       0xb4 C:/Users/ankus/DOCUME~1/MATLAB/R2023a/ARDUIN~1/ARDUIN~1/FASTER~1\libcore.a(cortex_handlers.o)
                0x00002000                exception_table
 *(.text*)
 .text          0x000020b4       0x60 c:/programdata/matlab/supportpackages/r2023a/aide/tools/arm-none-eabi-gcc/4.8.3-2014q1/bin/../lib/gcc/arm-none-eabi/4.8.3/armv6-m/crtbegin.o
 *fill*         0x00002114        0x4 
 .text.MW_PWM_SetDutyCycle
                0x00002118       0x58 MW_PWM.o
                0x00002118                MW_PWM_SetDutyCycle
 .text.MW_PWM_GetHandle
                0x00002170       0x24 MW_PWM.o
                0x00002170                MW_PWM_GetHandle
 .text.setPWMHandle
                0x00002194       0x2c MW_PWM.o
                0x00002194                setPWMHandle
 .text.MW_PWM_Open
                0x000021c0       0x58 MW_PWM.o
                0x000021c0                MW_PWM_Open
 .text.MW_PWM_Close
                0x00002218       0x16 MW_PWM.o
                0x00002218                MW_PWM_Close
 *fill*         0x0000222e        0x2 
 .text.MW_analogWrite
                0x00002230       0xd4 MW_PWMDriver.o
                0x00002230                MW_analogWrite
 .text.MW_setAnalogFrequency
                0x00002304      0x13c MW_PWMDriver.o
                0x00002304                MW_setAnalogFrequency
 .text.digitalIOSetup
                0x00002440       0x12 MW_arduino_digitalio.o
                0x00002440                digitalIOSetup
 .text.writeDigitalPin
                0x00002452        0xe MW_arduino_digitalio.o
                0x00002452                writeDigitalPin
 .text.readDigitalPin
                0x00002460       0x10 MW_arduino_digitalio.o
                0x00002460                readDigitalPin
 .text.MW_UltrasonicSetup
                0x00002470       0x14 MW_Ultrasonic.o
                0x00002470                MW_UltrasonicSetup
 .text.MW_UltrasonicRead
                0x00002484       0x78 MW_Ultrasonic.o
                0x00002484                MW_UltrasonicRead
 .text.extmodeParseArgs
                0x000024fc        0x4 xcp_ext_mode.o
                0x000024fc                extmodeParseArgs
 .text.extmodeInit
                0x00002500       0xb0 xcp_ext_mode.o
                0x00002500                extmodeInit
 .text.extmodeWaitForHostRequest
                0x000025b0       0x88 xcp_ext_mode.o
                0x000025b0                extmodeWaitForHostRequest
 .text.extmodeEvent
                0x00002638       0x90 xcp_ext_mode.o
                0x00002638                extmodeEvent
 .text.extmodeBackgroundRun
                0x000026c8        0xa xcp_ext_mode.o
                0x000026c8                extmodeBackgroundRun
 *fill*         0x000026d2        0x2 
 .text.extmodeReset
                0x000026d4       0x2c xcp_ext_mode.o
                0x000026d4                extmodeReset
 .text.extmodeStopRequested
                0x00002700        0xc xcp_ext_mode.o
                0x00002700                extmodeStopRequested
 .text.extmodeSimulationComplete
                0x0000270c        0xc xcp_ext_mode.o
                0x0000270c                extmodeSimulationComplete
 .text.binsearch_u32d
                0x00002718       0x38 Line_following2.o
                0x00002718                binsearch_u32d
 .text.plook_u32d_binckan
                0x00002750       0x84 Line_following2.o
                0x00002750                plook_u32d_binckan
 .text.Line_following2_SetEventsForThisBaseStep
                0x000027d4       0x20 Line_following2.o
                0x000027d4                Line_following2_SetEventsForThisBaseStep
 *fill*         0x000027f4        0x4 
 .text.rt_roundd_snf
                0x000027f8       0x90 Line_following2.o
                0x000027f8                rt_roundd_snf
 .text.Line_following2_step0
                0x00002888      0x630 Line_following2.o
                0x00002888                Line_following2_step0
 .text.Line_following2_step1
                0x00002eb8       0xf8 Line_following2.o
                0x00002eb8                Line_following2_step1
 .text.Line_following2_step2
                0x00002fb0      0x2c0 Line_following2.o
                0x00002fb0                Line_following2_step2
 .text.Line_following2_initialize
                0x00003270      0x3b0 Line_following2.o
                0x00003270                Line_following2_initialize
 .text.Line_following2_terminate
                0x00003620      0x108 Line_following2.o
                0x00003620                Line_following2_terminate
 .text.xcpExtModeUpdateTime
                0x00003728       0xf0 xcp_ext_common.o
                0x00003728                xcpExtModeUpdateTime
 .text.xcpExtModeGetUpdatedTimestamp
                0x00003818       0x48 xcp_ext_common.o
                0x00003818                xcpExtModeGetUpdatedTimestamp
 .text.xcpExtModeInit
                0x00003860       0x50 xcp_ext_common.o
                0x00003860                xcpExtModeInit
 .text.xcpExtModeRunBackground
                0x000038b0       0x74 xcp_ext_common.o
                0x000038b0                xcpExtModeRunBackground
 *fill*         0x00003924        0x4 
 .text.xcpExtModeReset
                0x00003928       0xb8 xcp_ext_common.o
                0x00003928                xcpExtModeReset
 .text.xcpExtModeClassicTriggerInit
                0x000039e0       0x58 xcp_ext_classic_trigger.o
                0x000039e0                xcpExtModeClassicTriggerInit
 .text.xcpExtModeClassicTriggerEnabled
                0x00003a38      0x34c xcp_ext_classic_trigger.o
                0x00003a38                xcpExtModeClassicTriggerEnabled
 *fill*         0x00003d84        0x4 
 .text.xcpExtModeClassicTriggerReset
                0x00003d88       0xc8 xcp_ext_classic_trigger.o
                0x00003d88                xcpExtModeClassicTriggerReset
 .text.xcpExtModeClassicTriggerForceEnableStatusUpdate
                0x00003e50       0x50 xcp_ext_classic_trigger.o
                0x00003e50                xcpExtModeClassicTriggerForceEnableStatusUpdate
 .text.unknownInputPacketHandler
                0x00003ea0        0xa xcp.o
 .text.discardInputPacketHandler
                0x00003eaa       0x12 xcp.o
 .text.genericOutputPacketHandler
                0x00003ebc       0x68 xcp.o
                0x00003ebc                genericOutputPacketHandler
 .text.xcpStatusSet
                0x00003f24        0xc xcp.o
                0x00003f24                xcpStatusSet
 .text.xcpSessionStatusGet
                0x00003f30        0xc xcp.o
                0x00003f30                xcpSessionStatusGet
 .text.xcpSessionStatusSetMask
                0x00003f3c       0x10 xcp.o
                0x00003f3c                xcpSessionStatusSetMask
 .text.xcpSessionStatusClearMask
                0x00003f4c       0x10 xcp.o
                0x00003f4c                xcpSessionStatusClearMask
 .text.xcpResourceProtectionStatusGet
                0x00003f5c        0xc xcp.o
                0x00003f5c                xcpResourceProtectionStatusGet
 .text.xcpSessionConfigurationIdGet
                0x00003f68        0xc xcp.o
                0x00003f68                xcpSessionConfigurationIdGet
 .text.xcpFindPacket
                0x00003f74       0x2a xcp.o
                0x00003f74                xcpFindPacket
 *fill*         0x00003f9e        0x2 
 .text.xcpInit  0x00003fa0       0x40 xcp.o
                0x00003fa0                xcpInit
 .text.xcpRun   0x00003fe0      0x1a0 xcp.o
                0x00003fe0                xcpRun
 .text.xcpEventExternalTimestamp
                0x00004180       0x1c xcp.o
                0x00004180                xcpEventExternalTimestamp
 .text.xcpGetStatus
                0x0000419c        0xc xcp.o
                0x0000419c                xcpGetStatus
 .text.xcpReset
                0x000041a8       0x28 xcp.o
                0x000041a8                xcpReset
 .text.xcpPackedModeEventsFlush
                0x000041d0        0x8 xcp.o
                0x000041d0                xcpPackedModeEventsFlush
 .text.xcpPackedModeEventReset
                0x000041d8        0xc xcp.o
                0x000041d8                xcpPackedModeEventReset
 .text.getStatusInputPacketHandler
                0x000041e4        0x8 xcp_standard.o
 .text.getPacket
                0x000041ec       0x10 xcp_standard.o
 .text.uploadInputPacketHandler
                0x000041fc       0x40 xcp_standard.o
 .text.synchInputPacketHandler
                0x0000423c       0x1e xcp_standard.o
 .text.getStatusOutputPacketHandler
                0x0000425a       0x2a xcp_standard.o
 .text.disconnectInputPacketHandler
                0x00004284       0x24 xcp_standard.o
 .text.connectInputPacketHandler
                0x000042a8       0x34 xcp_standard.o
 .text.connectOutputPacketHandler
                0x000042dc       0x3e xcp_standard.o
 *fill*         0x0000431a        0x2 
 .text.xcpStandardInit
                0x0000431c       0x10 xcp_standard.o
                0x0000431c                xcpStandardInit
 .text.xcpStandardGetPacketLookup
                0x0000432c        0xc xcp_standard.o
                0x0000432c                xcpStandardGetPacketLookup
 .text.xcpStandardReset
                0x00004338        0xc xcp_standard.o
                0x00004338                xcpStandardReset
 .text.xcpStandardGetAddressFromMta
                0x00004344        0xc xcp_standard.o
                0x00004344                xcpStandardGetAddressFromMta
 .text.xcpStandardSetMta
                0x00004350       0x1c xcp_standard.o
                0x00004350                xcpStandardSetMta
 .text.shortUploadInputPacketHandler
                0x0000436c       0x54 xcp_standard.o
 .text.setMTAInputPacketHandler
                0x000043c0       0x36 xcp_standard.o
 *fill*         0x000043f6        0x2 
 .text.xcpStandardIncrementMta
                0x000043f8       0x10 xcp_standard.o
                0x000043f8                xcpStandardIncrementMta
 .text.shortUploadOutputPacketHandler
                0x00004408       0x40 xcp_standard.o
 .text.uploadOutputPacketHandler
                0x00004448       0x40 xcp_standard.o
 .text.isActiveDaqList
                0x00004488       0x20 xcp_daq.o
 .text.noActiveDaqLists
                0x000044a8       0x2c xcp_daq.o
 .text.isValidDaqPtr
                0x000044d4       0x44 xcp_daq.o
 .text.isDaqPackedModeEnabled
                0x00004518       0x30 xcp_daq.o
 .text.odtPacketSize
                0x00004548       0x22 xcp_daq.o
 *fill*         0x0000456a        0x2 
 .text.setDaqPtrInputPacketHandler
                0x0000456c       0x50 xcp_daq.o
 .text.writeDaqInputPacketHandler
                0x000045bc       0x98 xcp_daq.o
 .text.setDaqListModeInputPacketHandler
                0x00004654       0x88 xcp_daq.o
 .text.getDaqProcessorInfoInputPacketHandler
                0x000046dc        0x8 xcp_daq.o
 .text.getDaqResolutionInfoInputPacketHandler
                0x000046e4        0x8 xcp_daq.o
 .text.level1CommandInputPacketHandler
                0x000046ec       0xa0 xcp_daq.o
 .text.getDaqResolutionInfoOutputPacketHandler
                0x0000478c       0x28 xcp_daq.o
 .text.getDaqProcessorInfoOutputPacketHandler
                0x000047b4       0x2a xcp_daq.o
 *fill*         0x000047de        0x2 
 .text.getPacket
                0x000047e0       0x10 xcp_daq.o
 .text.allocOdtEntryInputPacketHandler
                0x000047f0       0xa0 xcp_daq.o
 .text.allocOdtInputPacketHandler
                0x00004890       0x8c xcp_daq.o
 .text.allocDaqInputPacketHandler
                0x0000491c       0x8c xcp_daq.o
 .text.createDaqReservedPool
                0x000049a8       0x42 xcp_daq.o
 *fill*         0x000049ea        0x2 
 .text.startStopDaqListOutputPacketHandler
                0x000049ec       0x2c xcp_daq.o
 .text.xcpDaqWriteLock.isra.2
                0x00004a18       0x28 xcp_daq.o
 .text.xcpDaqWriteUnlock.isra.3
                0x00004a40       0x10 xcp_daq.o
 .text.startStopDaqListInputPacketHandler
                0x00004a50      0x1d8 xcp_daq.o
 .text.startStopSynchInputPacketHandler
                0x00004c28      0x140 xcp_daq.o
 .text.xcpDaqInit
                0x00004d68       0x2c xcp_daq.o
                0x00004d68                xcpDaqInit
 .text.xcpDaqGetPacketLookup
                0x00004d94        0xc xcp_daq.o
                0x00004d94                xcpDaqGetPacketLookup
 .text.xcpDaqEvent
                0x00004da0      0x29c xcp_daq.o
                0x00004da0                xcpDaqEvent
 .text.xcpDaqEventsFlush
                0x0000503c       0xe0 xcp_daq.o
                0x0000503c                xcpDaqEventsFlush
 .text.xcpDaqLock
                0x0000511c        0x8 xcp_daq.o
                0x0000511c                xcpDaqLock
 .text.xcpDaqUnlock
                0x00005124        0x8 xcp_daq.o
                0x00005124                xcpDaqUnlock
 .text.xcpResetDaqListStatus
                0x0000512c       0xb0 xcp_daq.o
                0x0000512c                xcpResetDaqListStatus
 .text.freeDaqInputPacketHandler
                0x000051dc       0x24 xcp_daq.o
 .text.xcpDaqReset
                0x00005200       0x1c xcp_daq.o
                0x00005200                xcpDaqReset
 .text.getPacket
                0x0000521c       0x10 xcp_calibration.o
 .text.shortDownloadInputPacketHandler
                0x0000522c       0x60 xcp_calibration.o
 .text.downloadInputPacketHandler
                0x0000528c       0x4e xcp_calibration.o
 *fill*         0x000052da        0x2 
 .text.xcpCalibrationInit
                0x000052dc       0x10 xcp_calibration.o
                0x000052dc                xcpCalibrationInit
 .text.xcpCalibrationGetPacketLookup
                0x000052ec        0xc xcp_calibration.o
                0x000052ec                xcpCalibrationGetPacketLookup
 .text.xcpCalibrationReset
                0x000052f8        0x2 xcp_calibration.o
                0x000052f8                xcpCalibrationReset
 .text.xcpFifoInit
                0x000052fa        0x8 xcp_fifo.o
                0x000052fa                xcpFifoInit
 .text.xcpFifoEnqueue
                0x00005302        0xc xcp_fifo.o
                0x00005302                xcpFifoEnqueue
 .text.xcpFifoDequeue
                0x0000530e       0x16 xcp_fifo.o
                0x0000530e                xcpFifoDequeue
 .text.xcpFifoEnqueueHead
                0x00005324        0xe xcp_fifo.o
                0x00005324                xcpFifoEnqueueHead
 .text.xcpFifoReset
                0x00005332        0x8 xcp_fifo.o
                0x00005332                xcpFifoReset
 *fill*         0x0000533a        0x2 
 .text.xcpTransportEmptyTxFifo
                0x0000533c       0x44 xcp_transport.o
 .text.xcpTransportEmptyRxFifo
                0x00005380       0x38 xcp_transport.o
 .text.xcpTransportTxReady
                0x000053b8        0x4 xcp_transport.o
                0x000053b8                xcpTransportTxReady
 .text.xcpTransportTxTrigger
                0x000053bc        0x4 xcp_transport.o
                0x000053bc                xcpTransportTxTrigger
 .text.xcpTransportTx
                0x000053c0       0x8c xcp_transport.o
                0x000053c0                xcpTransportTx
 .text.xcpTransportRx
                0x0000544c       0x50 xcp_transport.o
                0x0000544c                xcpTransportRx
 .text.xcpTransportPacketOffset
                0x0000549c        0xa xcp_transport.o
                0x0000549c                xcpTransportPacketOffset
 *fill*         0x000054a6        0x2 
 .text.xcpTransportTxPacketSet
                0x000054a8       0x80 xcp_transport.o
                0x000054a8                xcpTransportTxPacketSet
 .text.xcpTransportRxPacketGet
                0x00005528       0x84 xcp_transport.o
                0x00005528                xcpTransportRxPacketGet
 .text.xcpTransportMsgBufferSize
                0x000055ac       0x2a xcp_transport.o
                0x000055ac                xcpTransportMsgBufferSize
 *fill*         0x000055d6        0x2 
 .text.xcpTransportInit
                0x000055d8       0x84 xcp_transport.o
                0x000055d8                xcpTransportInit
 .text.xcpTransportMaxDtoSize
                0x0000565c        0x8 xcp_transport.o
                0x0000565c                xcpTransportMaxDtoSize
 .text.xcpTransportMaxCtoSize
                0x00005664        0x8 xcp_transport.o
                0x00005664                xcpTransportMaxCtoSize
 .text.xcpTransportRestart
                0x0000566c       0x16 xcp_transport.o
                0x0000566c                xcpTransportRestart
 .text.xcpTransportResynch
                0x00005682       0x12 xcp_transport.o
                0x00005682                xcpTransportResynch
 .text.xcpTransportCtoReservedMemPoolId
                0x00005694        0xc xcp_transport.o
                0x00005694                xcpTransportCtoReservedMemPoolId
 .text.xcpTransportReset
                0x000056a0       0x58 xcp_transport.o
                0x000056a0                xcpTransportReset
 .text.xcpInitializePoolMemoryArea
                0x000056f8       0x34 xcp_mem_default.o
 .text.xcpMemInit
                0x0000572c       0xa4 xcp_mem_default.o
                0x0000572c                xcpMemInit
 .text.xcpMemAlloc
                0x000057d0       0x64 xcp_mem_default.o
                0x000057d0                xcpMemAlloc
 .text.xcpMemFree
                0x00005834       0x78 xcp_mem_default.o
                0x00005834                xcpMemFree
 .text.xcpMemReservedPoolCreate
                0x000058ac       0xe0 xcp_mem_default.o
                0x000058ac                xcpMemReservedPoolCreate
 .text.xcpMemReservedPoolDestroy
                0x0000598c       0x88 xcp_mem_default.o
                0x0000598c                xcpMemReservedPoolDestroy
 .text.xcpMemCustomPoolCreate
                0x00005a14       0x54 xcp_mem_default.o
                0x00005a14                xcpMemCustomPoolCreate
 .text.xcpMemCustomPoolDestroy
                0x00005a68       0x2c xcp_mem_default.o
                0x00005a68                xcpMemCustomPoolDestroy
 .text.xcpMemAllocFromPool
                0x00005a94       0x7c xcp_mem_default.o
                0x00005a94                xcpMemAllocFromPool
 .text.xcpMemReset
                0x00005b10       0x4c xcp_mem_default.o
                0x00005b10                xcpMemReset
 .text.xcpDrvOpen
                0x00005b5c       0x24 xcp_drv_rtiostream.o
                0x00005b5c                xcpDrvOpen
 .text.xcpDrvIoctl
                0x00005b80       0x18 xcp_drv_rtiostream.o
                0x00005b80                xcpDrvIoctl
 .text.xcpDrvSend
                0x00005b98       0x94 xcp_drv_rtiostream.o
                0x00005b98                xcpDrvSend
 .text.xcpDrvRecv
                0x00005c2c       0x94 xcp_drv_rtiostream.o
                0x00005c2c                xcpDrvRecv
 .text.xcpDrvClose
                0x00005cc0       0x28 xcp_drv_rtiostream.o
                0x00005cc0                xcpDrvClose
 .text.xcpSortArray
                0x00005ce8       0x3e xcp_utils.o
                0x00005ce8                xcpSortArray
 *fill*         0x00005d26        0x2 
 .text.xcpSxiChecksum
                0x00005d28       0x20 xcp_frame_serial.o
                0x00005d28                xcpSxiChecksum
 .text.xcpFrameInit
                0x00005d48       0x3c xcp_frame_serial.o
                0x00005d48                xcpFrameInit
 .text.xcpFrameMsgSend
                0x00005d84       0xa4 xcp_frame_serial.o
                0x00005d84                xcpFrameMsgSend
 .text.xcpFrameMsgRecv
                0x00005e28       0xbc xcp_frame_serial.o
                0x00005e28                xcpFrameMsgRecv
 .text.xcpFrameCreateMsg
                0x00005ee4       0x28 xcp_frame_serial.o
                0x00005ee4                xcpFrameCreateMsg
 .text.xcpFrameExtractPacket
                0x00005f0c       0xa8 xcp_frame_serial.o
                0x00005f0c                xcpFrameExtractPacket
 .text.xcpFrameHeaderSize
                0x00005fb4        0x4 xcp_frame_serial.o
                0x00005fb4                xcpFrameHeaderSize
 .text.xcpFrameTailSize
                0x00005fb8        0x4 xcp_frame_serial.o
                0x00005fb8                xcpFrameTailSize
 .text.xcpFrameMaxDtoSize
                0x00005fbc        0x8 xcp_frame_serial.o
                0x00005fbc                xcpFrameMaxDtoSize
 .text.xcpFrameMaxCtoSize
                0x00005fc4        0x4 xcp_frame_serial.o
                0x00005fc4                xcpFrameMaxCtoSize
 .text.xcpFrameRestart
                0x00005fc8       0x1c xcp_frame_serial.o
                0x00005fc8                xcpFrameRestart
 .text.xcpFrameSetCtoReservedMemPoolId
                0x00005fe4        0xc xcp_frame_serial.o
                0x00005fe4                xcpFrameSetCtoReservedMemPoolId
 .text.xcpFrameReset
                0x00005ff0       0x38 xcp_frame_serial.o
                0x00005ff0                xcpFrameReset
 .text.xcpTransportGetInitParameters
                0x00006028       0x10 xcp_ext_param_default_serial.o
                0x00006028                xcpTransportGetInitParameters
 .text.xcpGetInitParameters
                0x00006038       0x10 xcp_ext_param_default_serial.o
                0x00006038                xcpGetInitParameters
 .text.MW_Arduino_Init
                0x00006048       0x14 MW_ArduinoHWInit.o
                0x00006048                MW_Arduino_Init
 .text.MW_Arduino_Terminate
                0x0000605c        0x8 MW_ArduinoHWInit.o
                0x0000605c                MW_Arduino_Terminate
 .text.MW_usbattach
                0x00006064       0x1c io_wrappers.o
                0x00006064                MW_usbattach
 .text.Serial_begin
                0x00006080       0x48 io_wrappers.o
                0x00006080                Serial_begin
 .text._ZL13Scheduler_Isrv
                0x000060c8        0xc arduinoARM_M0plusScheduler.o
 .text.resetExternalChip
                0x000060d4        0x2 arduinoARM_M0plusScheduler.o
                0x000060d4                resetExternalChip
 *fill*         0x000060d6        0x2 
 .text.RTC_Handler
                0x000060d8       0x20 arduinoARM_M0plusScheduler.o
                0x000060d8                RTC_Handler
 .text.Setup_SchedulerRTC
                0x000060f8       0xac arduinoARM_M0plusScheduler.o
                0x000060f8                Setup_SchedulerRTC
 .text.configureArduinoARM_M0plusTimer
                0x000061a4       0x14 arduinoARM_M0plusScheduler.o
                0x000061a4                configureArduinoARM_M0plusTimer
 .text.disable_rt_OneStep
                0x000061b8       0x14 arduinoARM_M0plusScheduler.o
                0x000061b8                disable_rt_OneStep
 .text.MW_Arduino_Loop
                0x000061cc        0x4 arduinoARM_M0plusScheduler.o
                0x000061cc                MW_Arduino_Loop
 .text.arm_cortex_m_call_thread_with_context_switch
                0x000061d0       0x24 m0m1m0plus_multitasking.o
                0x000061d0                arm_cortex_m_call_thread_with_context_switch
 .text.SVC_Handler
                0x000061f4       0x2c m0m1m0plus_multitasking.o
                0x000061f4                SVC_Handler
 .text.rtIOStreamOpen
                0x00006220       0x2c rtiostream_serial_daemon.o
                0x00006220                rtIOStreamOpen
 .text.rtIOStreamRecv
                0x0000624c       0x64 rtiostream_serial_daemon.o
                0x0000624c                rtIOStreamRecv
 .text.rtIOStreamClose
                0x000062b0       0x24 rtiostream_serial_daemon.o
                0x000062b0                rtIOStreamClose
 .text.rtIOStreamSend
                0x000062d4       0x18 rtiostream_serial_daemon.o
                0x000062d4                rtIOStreamSend
 .text.sys_arch_protect
                0x000062ec        0x8 sys_arch.o
                0x000062ec                sys_arch_protect
 .text.sys_arch_unprotect
                0x000062f4        0x6 sys_arch.o
                0x000062f4                sys_arch_unprotect
 *fill*         0x000062fa        0x6 
 .text.rt_OneStep
                0x00006300      0x150 ert_main.o
                0x00006300                rt_OneStep
 .text.startup.main
                0x00006450       0xf0 ert_main.o
                0x00006450                main
 .text.ceil     0x00006540      0x168 c:/programdata/matlab/supportpackages/r2023a/aide/tools/arm-none-eabi-gcc/4.8.3-2014q1/bin/../lib/gcc/arm-none-eabi/4.8.3/../../../../arm-none-eabi/lib/armv6-m\libm.a(lib_a-s_ceil.o)
                0x00006540                ceil
 .text.floor    0x000066a8      0x170 c:/programdata/matlab/supportpackages/r2023a/aide/tools/arm-none-eabi-gcc/4.8.3-2014q1/bin/../lib/gcc/arm-none-eabi/4.8.3/../../../../arm-none-eabi/lib/armv6-m\libm.a(lib_a-s_floor.o)
                0x000066a8                floor
 .text.fmod     0x00006818       0xd0 c:/programdata/matlab/supportpackages/r2023a/aide/tools/arm-none-eabi-gcc/4.8.3-2014q1/bin/../lib/gcc/arm-none-eabi/4.8.3/../../../../arm-none-eabi/lib/armv6-m\libm.a(lib_a-w_fmod.o)
                0x00006818                fmod
 .text.__ieee754_fmod
                0x000068e8      0x29c c:/programdata/matlab/supportpackages/r2023a/aide/tools/arm-none-eabi-gcc/4.8.3-2014q1/bin/../lib/gcc/arm-none-eabi/4.8.3/../../../../arm-none-eabi/lib/armv6-m\libm.a(lib_a-e_fmod.o)
                0x000068e8                __ieee754_fmod
 .text.__fpclassifyd
                0x00006b84       0x60 c:/programdata/matlab/supportpackages/r2023a/aide/tools/arm-none-eabi-gcc/4.8.3-2014q1/bin/../lib/gcc/arm-none-eabi/4.8.3/../../../../arm-none-eabi/lib/armv6-m\libm.a(lib_a-s_fpclassify.o)
                0x00006b84                __fpclassifyd
 .text.matherr  0x00006be4        0x4 c:/programdata/matlab/supportpackages/r2023a/aide/tools/arm-none-eabi-gcc/4.8.3-2014q1/bin/../lib/gcc/arm-none-eabi/4.8.3/../../../../arm-none-eabi/lib/armv6-m\libm.a(lib_a-s_matherr.o)
                0x00006be4                matherr
 .text.Dummy_Handler
                0x00006be8        0x2 C:/Users/ankus/DOCUME~1/MATLAB/R2023a/ARDUIN~1/ARDUIN~1/FASTER~1\libcore.a(cortex_handlers.o)
                0x00006be8                DMAC_Handler
                0x00006be8                HardFault_Handler
                0x00006be8                AC_Handler
                0x00006be8                PendSV_Handler
                0x00006be8                NMI_Handler
                0x00006be8                TC7_Handler
                0x00006be8                SERCOM1_Handler
                0x00006be8                ADC_Handler
                0x00006be8                TCC1_Handler
                0x00006be8                TCC0_Handler
                0x00006be8                EIC_Handler
                0x00006be8                TC6_Handler
                0x00006be8                WDT_Handler
                0x00006be8                TC4_Handler
                0x00006be8                TC3_Handler
                0x00006be8                Dummy_Handler
                0x00006be8                PM_Handler
                0x00006be8                TCC2_Handler
                0x00006be8                EVSYS_Handler
                0x00006be8                SERCOM4_Handler
                0x00006be8                I2S_Handler
                0x00006be8                NVMCTRL_Handler
                0x00006be8                SERCOM0_Handler
                0x00006be8                DAC_Handler
                0x00006be8                PTC_Handler
                0x00006be8                SYSCTRL_Handler
 *fill*         0x00006bea        0x2 
 .text.USB_Handler
                0x00006bec       0x14 C:/Users/ankus/DOCUME~1/MATLAB/R2023a/ARDUIN~1/ARDUIN~1/FASTER~1\libcore.a(cortex_handlers.o)
                0x00006bec                USB_Handler
 .text.Reset_Handler
                0x00006c00       0x54 C:/Users/ankus/DOCUME~1/MATLAB/R2023a/ARDUIN~1/ARDUIN~1/FASTER~1\libcore.a(cortex_handlers.o)
                0x00006c00                Reset_Handler
 .text.SysTick_Handler
                0x00006c54       0x10 C:/Users/ankus/DOCUME~1/MATLAB/R2023a/ARDUIN~1/ARDUIN~1/FASTER~1\libcore.a(cortex_handlers.o)
                0x00006c54                SysTick_Handler
 .text.USB_SetHandler
                0x00006c64        0xc C:/Users/ankus/DOCUME~1/MATLAB/R2023a/ARDUIN~1/ARDUIN~1/FASTER~1\libcore.a(cortex_handlers.o)
                0x00006c64                USB_SetHandler
 .text.__empty  0x00006c70        0x2 C:/Users/ankus/DOCUME~1/MATLAB/R2023a/ARDUIN~1/ARDUIN~1/FASTER~1\libcore.a(hooks.o)
                0x00006c70                yield
 .text.__false  0x00006c72        0x4 C:/Users/ankus/DOCUME~1/MATLAB/R2023a/ARDUIN~1/ARDUIN~1/FASTER~1\libcore.a(hooks.o)
                0x00006c72                sysTickHook
 *fill*         0x00006c76        0x2 
 .text.micros   0x00006c78       0x64 C:/Users/ankus/DOCUME~1/MATLAB/R2023a/ARDUIN~1/ARDUIN~1/FASTER~1\libcore.a(delay.o)
                0x00006c78                micros
 .text.delay    0x00006cdc       0x34 C:/Users/ankus/DOCUME~1/MATLAB/R2023a/ARDUIN~1/ARDUIN~1/FASTER~1\libcore.a(delay.o)
                0x00006cdc                delay
 .text.SysTick_DefaultHandler
                0x00006d10       0x14 C:/Users/ankus/DOCUME~1/MATLAB/R2023a/ARDUIN~1/ARDUIN~1/FASTER~1\libcore.a(delay.o)
                0x00006d10                SysTick_DefaultHandler
 .text.SystemInit
                0x00006d24      0x198 C:/Users/ankus/DOCUME~1/MATLAB/R2023a/ARDUIN~1/ARDUIN~1/FASTER~1\libcore.a(startup.o)
                0x00006d24                SystemInit
 .text.pulseIn  0x00006ebc       0x80 C:/Users/ankus/DOCUME~1/MATLAB/R2023a/ARDUIN~1/ARDUIN~1/FASTER~1\libcore.a(pulse.o)
                0x00006ebc                pulseIn
 .text.init     0x00006f3c       0xf0 C:/Users/ankus/DOCUME~1/MATLAB/R2023a/ARDUIN~1/ARDUIN~1/FASTER~1\libcore.a(wiring.o)
                0x00006f3c                init
 .text.mapResolution
                0x0000702c       0x12 C:/Users/ankus/DOCUME~1/MATLAB/R2023a/ARDUIN~1/ARDUIN~1/FASTER~1\libcore.a(wiring_analog.o)
 *fill*         0x0000703e        0x2 
 .text.analogReference
                0x00007040       0x5c C:/Users/ankus/DOCUME~1/MATLAB/R2023a/ARDUIN~1/ARDUIN~1/FASTER~1\libcore.a(wiring_analog.o)
                0x00007040                analogReference
 .text.analogWrite
                0x0000709c      0x1e4 C:/Users/ankus/DOCUME~1/MATLAB/R2023a/ARDUIN~1/ARDUIN~1/FASTER~1\libcore.a(wiring_analog.o)
                0x0000709c                analogWrite
 .text.pinMode  0x00007280       0xb4 C:/Users/ankus/DOCUME~1/MATLAB/R2023a/ARDUIN~1/ARDUIN~1/FASTER~1\libcore.a(wiring_digital.o)
                0x00007280                pinMode
 .text.digitalWrite
                0x00007334       0x60 C:/Users/ankus/DOCUME~1/MATLAB/R2023a/ARDUIN~1/ARDUIN~1/FASTER~1\libcore.a(wiring_digital.o)
                0x00007334                digitalWrite
 .text.digitalRead
                0x00007394       0x30 C:/Users/ankus/DOCUME~1/MATLAB/R2023a/ARDUIN~1/ARDUIN~1/FASTER~1\libcore.a(wiring_digital.o)
                0x00007394                digitalRead
 .text.pinPeripheral
                0x000073c4       0xc4 C:/Users/ankus/DOCUME~1/MATLAB/R2023a/ARDUIN~1/ARDUIN~1/FASTER~1\libcore.a(wiring_private.o)
                0x000073c4                pinPeripheral
 .text.initiateReset
                0x00007488       0x14 C:/Users/ankus/DOCUME~1/MATLAB/R2023a/ARDUIN~1/ARDUIN~1/FASTER~1\libcore.a(Reset.o)
                0x00007488                initiateReset
 .text.cancelReset
                0x0000749c       0x10 C:/Users/ankus/DOCUME~1/MATLAB/R2023a/ARDUIN~1/ARDUIN~1/FASTER~1\libcore.a(Reset.o)
                0x0000749c                cancelReset
 .text.tickReset
                0x000074ac       0x74 C:/Users/ankus/DOCUME~1/MATLAB/R2023a/ARDUIN~1/ARDUIN~1/FASTER~1\libcore.a(Reset.o)
                0x000074ac                tickReset
 .text._ZN4UartcvbEv
                0x00007520        0x4 C:/Users/ankus/DOCUME~1/MATLAB/R2023a/ARDUIN~1/ARDUIN~1/FASTER~1\libcore.a(Uart.o)
                0x00007520                Uart::operator bool()
 .text._ZN4Uart5beginEm
                0x00007524       0x10 C:/Users/ankus/DOCUME~1/MATLAB/R2023a/ARDUIN~1/ARDUIN~1/FASTER~1\libcore.a(Uart.o)
                0x00007524                Uart::begin(unsigned long)
 .text._ZN4Uart4peekEv
                0x00007534       0x1a C:/Users/ankus/DOCUME~1/MATLAB/R2023a/ARDUIN~1/ARDUIN~1/FASTER~1\libcore.a(Uart.o)
                0x00007534                Uart::peek()
 .text._ZN4Uart3endEv
                0x0000754e       0x20 C:/Users/ankus/DOCUME~1/MATLAB/R2023a/ARDUIN~1/ARDUIN~1/FASTER~1\libcore.a(Uart.o)
                0x0000754e                Uart::end()
 *fill*         0x0000756e        0x2 
 .text._ZN4UartC2EP6SERCOMhh11SercomRXPad15SercomUartTXPadhh
                0x00007570       0xa4 C:/Users/ankus/DOCUME~1/MATLAB/R2023a/ARDUIN~1/ARDUIN~1/FASTER~1\libcore.a(Uart.o)
                0x00007570                Uart::Uart(SERCOM*, unsigned char, unsigned char, SercomRXPad, SercomUartTXPad, unsigned char, unsigned char)
                0x00007570                Uart::Uart(SERCOM*, unsigned char, unsigned char, SercomRXPad, SercomUartTXPad, unsigned char, unsigned char)
 .text._ZN4UartC2EP6SERCOMhh11SercomRXPad15SercomUartTXPad
                0x00007614       0x24 C:/Users/ankus/DOCUME~1/MATLAB/R2023a/ARDUIN~1/ARDUIN~1/FASTER~1\libcore.a(Uart.o)
                0x00007614                Uart::Uart(SERCOM*, unsigned char, unsigned char, SercomRXPad, SercomUartTXPad)
                0x00007614                Uart::Uart(SERCOM*, unsigned char, unsigned char, SercomRXPad, SercomUartTXPad)
 .text._ZN4Uart16extractNbStopBitEt
                0x00007638        0xe C:/Users/ankus/DOCUME~1/MATLAB/R2023a/ARDUIN~1/ARDUIN~1/FASTER~1\libcore.a(Uart.o)
                0x00007638                Uart::extractNbStopBit(unsigned short)
 .text._ZN4Uart15extractCharSizeEt
                0x00007646       0x2c C:/Users/ankus/DOCUME~1/MATLAB/R2023a/ARDUIN~1/ARDUIN~1/FASTER~1\libcore.a(Uart.o)
                0x00007646                Uart::extractCharSize(unsigned short)
 .text._ZN4Uart13extractParityEt
                0x00007672       0x18 C:/Users/ankus/DOCUME~1/MATLAB/R2023a/ARDUIN~1/ARDUIN~1/FASTER~1\libcore.a(Uart.o)
                0x00007672                Uart::extractParity(unsigned short)
 *fill*         0x0000768a        0x2 
 .text._ZN4Uart5beginEmt
                0x0000768c       0xf8 C:/Users/ankus/DOCUME~1/MATLAB/R2023a/ARDUIN~1/ARDUIN~1/FASTER~1\libcore.a(Uart.o)
                0x0000768c                Uart::begin(unsigned long, unsigned short)
 .text._ZN11RingBufferNILi256EE9availableEv
                0x00007784       0x12 C:/Users/ankus/DOCUME~1/MATLAB/R2023a/ARDUIN~1/ARDUIN~1/FASTER~1\libcore.a(Uart.o)
                0x00007784                RingBufferN<256>::available()
 .text._ZN4Uart5flushEv
                0x00007796       0x1a C:/Users/ankus/DOCUME~1/MATLAB/R2023a/ARDUIN~1/ARDUIN~1/FASTER~1\libcore.a(Uart.o)
                0x00007796                Uart::flush()
 .text._ZN4Uart9availableEv
                0x000077b0        0xa C:/Users/ankus/DOCUME~1/MATLAB/R2023a/ARDUIN~1/ARDUIN~1/FASTER~1\libcore.a(Uart.o)
                0x000077b0                Uart::available()
 .text._ZN11RingBufferNILi256EE17availableForStoreEv
                0x000077ba       0x1e C:/Users/ankus/DOCUME~1/MATLAB/R2023a/ARDUIN~1/ARDUIN~1/FASTER~1\libcore.a(Uart.o)
                0x000077ba                RingBufferN<256>::availableForStore()
 .text._ZN4Uart17availableForWriteEv
                0x000077d8        0xc C:/Users/ankus/DOCUME~1/MATLAB/R2023a/ARDUIN~1/ARDUIN~1/FASTER~1\libcore.a(Uart.o)
                0x000077d8                Uart::availableForWrite()
 .text._ZN4Uart10IrqHandlerEv
                0x000077e4       0xc8 C:/Users/ankus/DOCUME~1/MATLAB/R2023a/ARDUIN~1/ARDUIN~1/FASTER~1\libcore.a(Uart.o)
                0x000077e4                Uart::IrqHandler()
 .text._ZN4Uart5writeEh
                0x000078ac       0xb4 C:/Users/ankus/DOCUME~1/MATLAB/R2023a/ARDUIN~1/ARDUIN~1/FASTER~1\libcore.a(Uart.o)
                0x000078ac                Uart::write(unsigned char)
 .text._ZN4Uart4readEv
                0x00007960       0x4c C:/Users/ankus/DOCUME~1/MATLAB/R2023a/ARDUIN~1/ARDUIN~1/FASTER~1\libcore.a(Uart.o)
                0x00007960                Uart::read()
 .text._ZN7Serial_13getDescriptorER8USBSetup
                0x000079ac        0x4 C:/Users/ankus/DOCUME~1/MATLAB/R2023a/ARDUIN~1/ARDUIN~1/FASTER~1\libcore.a(CDC.o)
                0x000079ac                Serial_::getDescriptor(USBSetup&)
 .text._ZThn16_N7Serial_13getDescriptorER8USBSetup
                0x000079b0       0x10 C:/Users/ankus/DOCUME~1/MATLAB/R2023a/ARDUIN~1/ARDUIN~1/FASTER~1\libcore.a(CDC.o)
                0x000079b0                non-virtual thunk to Serial_::getDescriptor(USBSetup&)
 .text._ZL5utox8mPc
                0x000079c0       0x1c C:/Users/ankus/DOCUME~1/MATLAB/R2023a/ARDUIN~1/ARDUIN~1/FASTER~1\libcore.a(CDC.o)
 .text._ZN7Serial_12getShortNameEPc
                0x000079dc       0x44 C:/Users/ankus/DOCUME~1/MATLAB/R2023a/ARDUIN~1/ARDUIN~1/FASTER~1\libcore.a(CDC.o)
                0x000079dc                Serial_::getShortName(char*)
 .text._ZThn16_N7Serial_12getShortNameEPc
                0x00007a20       0x10 C:/Users/ankus/DOCUME~1/MATLAB/R2023a/ARDUIN~1/ARDUIN~1/FASTER~1\libcore.a(CDC.o)
                0x00007a20                non-virtual thunk to Serial_::getShortName(char*)
 .text._ZN7Serial_14handleEndpointEi
                0x00007a30        0x2 C:/Users/ankus/DOCUME~1/MATLAB/R2023a/ARDUIN~1/ARDUIN~1/FASTER~1\libcore.a(CDC.o)
                0x00007a30                Serial_::handleEndpoint(int)
 *fill*         0x00007a32        0x2 
 .text._ZThn16_N7Serial_14handleEndpointEi
                0x00007a34       0x10 C:/Users/ankus/DOCUME~1/MATLAB/R2023a/ARDUIN~1/ARDUIN~1/FASTER~1\libcore.a(CDC.o)
                0x00007a34                non-virtual thunk to Serial_::handleEndpoint(int)
 .text._ZN7Serial_17availableForWriteEv
                0x00007a44        0x4 C:/Users/ankus/DOCUME~1/MATLAB/R2023a/ARDUIN~1/ARDUIN~1/FASTER~1\libcore.a(CDC.o)
                0x00007a44                Serial_::availableForWrite()
 .text._ZN7Serial_5writeEh
                0x00007a48       0x14 C:/Users/ankus/DOCUME~1/MATLAB/R2023a/ARDUIN~1/ARDUIN~1/FASTER~1\libcore.a(CDC.o)
                0x00007a48                Serial_::write(unsigned char)
 .text._ZN7Serial_12getInterfaceEPh
                0x00007a5c      0x104 C:/Users/ankus/DOCUME~1/MATLAB/R2023a/ARDUIN~1/ARDUIN~1/FASTER~1\libcore.a(CDC.o)
                0x00007a5c                Serial_::getInterface(unsigned char*)
 .text._ZThn16_N7Serial_12getInterfaceEPh
                0x00007b60       0x10 C:/Users/ankus/DOCUME~1/MATLAB/R2023a/ARDUIN~1/ARDUIN~1/FASTER~1\libcore.a(CDC.o)
                0x00007b60                non-virtual thunk to Serial_::getInterface(unsigned char*)
 .text._ZN7Serial_5setupER8USBSetup
                0x00007b70       0x98 C:/Users/ankus/DOCUME~1/MATLAB/R2023a/ARDUIN~1/ARDUIN~1/FASTER~1\libcore.a(CDC.o)
                0x00007b70                Serial_::setup(USBSetup&)
 .text._ZThn16_N7Serial_5setupER8USBSetup
                0x00007c08       0x10 C:/Users/ankus/DOCUME~1/MATLAB/R2023a/ARDUIN~1/ARDUIN~1/FASTER~1\libcore.a(CDC.o)
                0x00007c08                non-virtual thunk to Serial_::setup(USBSetup&)
 .text._ZN7Serial_9availableEv
                0x00007c18       0x20 C:/Users/ankus/DOCUME~1/MATLAB/R2023a/ARDUIN~1/ARDUIN~1/FASTER~1\libcore.a(CDC.o)
                0x00007c18                Serial_::available()
 .text._ZN7Serial_5flushEv
                0x00007c38       0x10 C:/Users/ankus/DOCUME~1/MATLAB/R2023a/ARDUIN~1/ARDUIN~1/FASTER~1\libcore.a(CDC.o)
                0x00007c38                Serial_::flush()
 .text._ZN7Serial_5clearEv
                0x00007c48       0x10 C:/Users/ankus/DOCUME~1/MATLAB/R2023a/ARDUIN~1/ARDUIN~1/FASTER~1\libcore.a(CDC.o)
                0x00007c48                Serial_::clear()
 .text._ZN7Serial_5writeEPKhj
                0x00007c58       0x1e C:/Users/ankus/DOCUME~1/MATLAB/R2023a/ARDUIN~1/ARDUIN~1/FASTER~1\libcore.a(CDC.o)
                0x00007c58                Serial_::write(unsigned char const*, unsigned int)
 *fill*         0x00007c76        0x2 
 .text._ZN7Serial_4peekEv
                0x00007c78       0x1c C:/Users/ankus/DOCUME~1/MATLAB/R2023a/ARDUIN~1/ARDUIN~1/FASTER~1\libcore.a(CDC.o)
                0x00007c78                Serial_::peek()
 .text._ZN7Serial_4readEv
                0x00007c94       0x24 C:/Users/ankus/DOCUME~1/MATLAB/R2023a/ARDUIN~1/ARDUIN~1/FASTER~1\libcore.a(CDC.o)
                0x00007c94                Serial_::read()
 .text._ZN7Serial_C2ER14USBDeviceClass
                0x00007cb8       0x4c C:/Users/ankus/DOCUME~1/MATLAB/R2023a/ARDUIN~1/ARDUIN~1/FASTER~1\libcore.a(CDC.o)
                0x00007cb8                Serial_::Serial_(USBDeviceClass&)
                0x00007cb8                Serial_::Serial_(USBDeviceClass&)
 .text._ZN7Serial_15enableInterruptEv
                0x00007d04       0x30 C:/Users/ankus/DOCUME~1/MATLAB/R2023a/ARDUIN~1/ARDUIN~1/FASTER~1\libcore.a(CDC.o)
                0x00007d04                Serial_::enableInterrupt()
 .text._ZN7Serial_5beginEm
                0x00007d34        0x2 C:/Users/ankus/DOCUME~1/MATLAB/R2023a/ARDUIN~1/ARDUIN~1/FASTER~1\libcore.a(CDC.o)
                0x00007d34                Serial_::begin(unsigned long)
 .text._ZN7Serial_5beginEmh
                0x00007d36        0x2 C:/Users/ankus/DOCUME~1/MATLAB/R2023a/ARDUIN~1/ARDUIN~1/FASTER~1\libcore.a(CDC.o)
                0x00007d36                Serial_::begin(unsigned long, unsigned char)
 .text.startup._GLOBAL__sub_I__ZN7Serial_12getInterfaceEPh
                0x00007d38       0x14 C:/Users/ankus/DOCUME~1/MATLAB/R2023a/ARDUIN~1/ARDUIN~1/FASTER~1\libcore.a(CDC.o)
 .text._ZN13PluggableUSB_12getInterfaceEPh
                0x00007d4c       0x2a C:/Users/ankus/DOCUME~1/MATLAB/R2023a/ARDUIN~1/ARDUIN~1/FASTER~1\libcore.a(PluggableUSB.o)
                0x00007d4c                PluggableUSB_::getInterface(unsigned char*)
 .text._ZN13PluggableUSB_13getDescriptorER8USBSetup
                0x00007d76       0x20 C:/Users/ankus/DOCUME~1/MATLAB/R2023a/ARDUIN~1/ARDUIN~1/FASTER~1\libcore.a(PluggableUSB.o)
                0x00007d76                PluggableUSB_::getDescriptor(USBSetup&)
 .text._ZN13PluggableUSB_12getShortNameEPc
                0x00007d96       0x26 C:/Users/ankus/DOCUME~1/MATLAB/R2023a/ARDUIN~1/ARDUIN~1/FASTER~1\libcore.a(PluggableUSB.o)
                0x00007d96                PluggableUSB_::getShortName(char*)
 .text._ZN13PluggableUSB_5setupER8USBSetup
                0x00007dbc       0x24 C:/Users/ankus/DOCUME~1/MATLAB/R2023a/ARDUIN~1/ARDUIN~1/FASTER~1\libcore.a(PluggableUSB.o)
                0x00007dbc                PluggableUSB_::setup(USBSetup&)
 .text._ZN13PluggableUSB_14handleEndpointEi
                0x00007de0       0x1a C:/Users/ankus/DOCUME~1/MATLAB/R2023a/ARDUIN~1/ARDUIN~1/FASTER~1\libcore.a(PluggableUSB.o)
                0x00007de0                PluggableUSB_::handleEndpoint(int)
 *fill*         0x00007dfa        0x2 
 .text._ZN13PluggableUSB_4plugEP18PluggableUSBModule
                0x00007dfc       0x60 C:/Users/ankus/DOCUME~1/MATLAB/R2023a/ARDUIN~1/ARDUIN~1/FASTER~1\libcore.a(PluggableUSB.o)
                0x00007dfc                PluggableUSB_::plug(PluggableUSBModule*)
 .text._Z12PluggableUSBv
                0x00007e5c       0x20 C:/Users/ankus/DOCUME~1/MATLAB/R2023a/ARDUIN~1/ARDUIN~1/FASTER~1\libcore.a(PluggableUSB.o)
                0x00007e5c                PluggableUSB()
 .text._ZN26DoubleBufferedEPOutHandlerD2Ev
                0x00007e7c        0xc C:/Users/ankus/DOCUME~1/MATLAB/R2023a/ARDUIN~1/ARDUIN~1/FASTER~1\libcore.a(USBCore.o)
                0x00007e7c                DoubleBufferedEPOutHandler::~DoubleBufferedEPOutHandler()
                0x00007e7c                DoubleBufferedEPOutHandler::~DoubleBufferedEPOutHandler()
 .text._ZN26DoubleBufferedEPOutHandlerD0Ev
                0x00007e88       0x14 C:/Users/ankus/DOCUME~1/MATLAB/R2023a/ARDUIN~1/ARDUIN~1/FASTER~1\libcore.a(USBCore.o)
                0x00007e88                DoubleBufferedEPOutHandler::~DoubleBufferedEPOutHandler()
 .text._ZN14USBDeviceClass6initEPEmm.part.7
                0x00007e9c       0xbc C:/Users/ankus/DOCUME~1/MATLAB/R2023a/ARDUIN~1/ARDUIN~1/FASTER~1\libcore.a(USBCore.o)
 .text._ZN7__GuardC2Ev
                0x00007f58        0xe C:/Users/ankus/DOCUME~1/MATLAB/R2023a/ARDUIN~1/ARDUIN~1/FASTER~1\libcore.a(USBCore.o)
                0x00007f58                __Guard::__Guard()
                0x00007f58                __Guard::__Guard()
 .text._ZN7__GuardD2Ev
                0x00007f66        0xe C:/Users/ankus/DOCUME~1/MATLAB/R2023a/ARDUIN~1/ARDUIN~1/FASTER~1\libcore.a(USBCore.o)
                0x00007f66                __Guard::~__Guard()
                0x00007f66                __Guard::~__Guard()
 .text._ZNK26DoubleBufferedEPOutHandler10_availableEv
                0x00007f74       0x72 C:/Users/ankus/DOCUME~1/MATLAB/R2023a/ARDUIN~1/ARDUIN~1/FASTER~1\libcore.a(USBCore.o)
                0x00007f74                DoubleBufferedEPOutHandler::_available() const
 *fill*         0x00007fe6        0x2 
 .text._ZN26DoubleBufferedEPOutHandler7releaseEv
                0x00007fe8       0x38 C:/Users/ankus/DOCUME~1/MATLAB/R2023a/ARDUIN~1/ARDUIN~1/FASTER~1\libcore.a(USBCore.o)
                0x00007fe8                DoubleBufferedEPOutHandler::release()
 .text._ZN26DoubleBufferedEPOutHandler14handleEndpointEv
                0x00008020       0xe4 C:/Users/ankus/DOCUME~1/MATLAB/R2023a/ARDUIN~1/ARDUIN~1/FASTER~1\libcore.a(USBCore.o)
                0x00008020                DoubleBufferedEPOutHandler::handleEndpoint()
 .text._ZN26DoubleBufferedEPOutHandler5_recvEv
                0x00008104      0x18e C:/Users/ankus/DOCUME~1/MATLAB/R2023a/ARDUIN~1/ARDUIN~1/FASTER~1\libcore.a(USBCore.o)
                0x00008104                DoubleBufferedEPOutHandler::_recv()
 .text._ZN26DoubleBufferedEPOutHandler9availableEv
                0x00008292       0x18 C:/Users/ankus/DOCUME~1/MATLAB/R2023a/ARDUIN~1/ARDUIN~1/FASTER~1\libcore.a(USBCore.o)
                0x00008292                DoubleBufferedEPOutHandler::available()
 .text._ZN26DoubleBufferedEPOutHandler4peekEv
                0x000082aa       0x22 C:/Users/ankus/DOCUME~1/MATLAB/R2023a/ARDUIN~1/ARDUIN~1/FASTER~1\libcore.a(USBCore.o)
                0x000082aa                DoubleBufferedEPOutHandler::peek()
 .text._ZN26DoubleBufferedEPOutHandler4recvEPvm
                0x000082cc       0x66 C:/Users/ankus/DOCUME~1/MATLAB/R2023a/ARDUIN~1/ARDUIN~1/FASTER~1\libcore.a(USBCore.o)
                0x000082cc                DoubleBufferedEPOutHandler::recv(void*, unsigned long)
 .text._ZN14USBDeviceClass14SendInterfacesEPm
                0x00008332       0x20 C:/Users/ankus/DOCUME~1/MATLAB/R2023a/ARDUIN~1/ARDUIN~1/FASTER~1\libcore.a(USBCore.o)
                0x00008332                USBDeviceClass::SendInterfaces(unsigned long*)
 *fill*         0x00008352        0x2 
 .text._ZN14USBDeviceClass4initEv
                0x00008354      0x144 C:/Users/ankus/DOCUME~1/MATLAB/R2023a/ARDUIN~1/ARDUIN~1/FASTER~1\libcore.a(USBCore.o)
                0x00008354                USBDeviceClass::init()
 .text._ZN14USBDeviceClass6attachEv
                0x00008498       0x34 C:/Users/ankus/DOCUME~1/MATLAB/R2023a/ARDUIN~1/ARDUIN~1/FASTER~1\libcore.a(USBCore.o)
                0x00008498                USBDeviceClass::attach()
 .text._ZN14USBDeviceClass10setAddressEm
                0x000084cc       0x48 C:/Users/ankus/DOCUME~1/MATLAB/R2023a/ARDUIN~1/ARDUIN~1/FASTER~1\libcore.a(USBCore.o)
                0x000084cc                USBDeviceClass::setAddress(unsigned long)
 .text._ZN14USBDeviceClass25handleClassInterfaceSetupER8USBSetup
                0x00008514       0x24 C:/Users/ankus/DOCUME~1/MATLAB/R2023a/ARDUIN~1/ARDUIN~1/FASTER~1\libcore.a(USBCore.o)
                0x00008514                USBDeviceClass::handleClassInterfaceSetup(USBSetup&)
 .text._ZN14USBDeviceClass6initEPEmm
                0x00008538      0x124 C:/Users/ankus/DOCUME~1/MATLAB/R2023a/ARDUIN~1/ARDUIN~1/FASTER~1\libcore.a(USBCore.o)
                0x00008538                USBDeviceClass::initEP(unsigned long, unsigned long)
 .text._ZN14USBDeviceClass13initEndpointsEv
                0x0000865c       0x24 C:/Users/ankus/DOCUME~1/MATLAB/R2023a/ARDUIN~1/ARDUIN~1/FASTER~1\libcore.a(USBCore.o)
                0x0000865c                USBDeviceClass::initEndpoints()
 .text._ZN14USBDeviceClass5clearEm
                0x00008680       0x38 C:/Users/ankus/DOCUME~1/MATLAB/R2023a/ARDUIN~1/ARDUIN~1/FASTER~1\libcore.a(USBCore.o)
                0x00008680                USBDeviceClass::clear(unsigned long)
 .text._ZN14USBDeviceClass9availableEm
                0x000086b8       0x2c C:/Users/ankus/DOCUME~1/MATLAB/R2023a/ARDUIN~1/ARDUIN~1/FASTER~1\libcore.a(USBCore.o)
                0x000086b8                USBDeviceClass::available(unsigned long)
 .text._ZN14USBDeviceClass5flushEm
                0x000086e4       0x2c C:/Users/ankus/DOCUME~1/MATLAB/R2023a/ARDUIN~1/ARDUIN~1/FASTER~1\libcore.a(USBCore.o)
                0x000086e4                USBDeviceClass::flush(unsigned long)
 .text._ZN14USBDeviceClass4recvEmPvm
                0x00008710       0xc4 C:/Users/ankus/DOCUME~1/MATLAB/R2023a/ARDUIN~1/ARDUIN~1/FASTER~1\libcore.a(USBCore.o)
                0x00008710                USBDeviceClass::recv(unsigned long, void*, unsigned long)
 .text._ZN14USBDeviceClass4recvEm
                0x000087d4       0x1c C:/Users/ankus/DOCUME~1/MATLAB/R2023a/ARDUIN~1/ARDUIN~1/FASTER~1\libcore.a(USBCore.o)
                0x000087d4                USBDeviceClass::recv(unsigned long)
 .text._ZN14USBDeviceClass14armRecvCtrlOUTEm
                0x000087f0       0x60 C:/Users/ankus/DOCUME~1/MATLAB/R2023a/ARDUIN~1/ARDUIN~1/FASTER~1\libcore.a(USBCore.o)
                0x000087f0                USBDeviceClass::armRecvCtrlOUT(unsigned long)
 .text._ZN14USBDeviceClass11recvControlEPvm
                0x00008850       0x28 C:/Users/ankus/DOCUME~1/MATLAB/R2023a/ARDUIN~1/ARDUIN~1/FASTER~1\libcore.a(USBCore.o)
                0x00008850                USBDeviceClass::recvControl(void*, unsigned long)
 .text._ZN14USBDeviceClass4sendEmPKvm
                0x00008878      0x11c C:/Users/ankus/DOCUME~1/MATLAB/R2023a/ARDUIN~1/ARDUIN~1/FASTER~1\libcore.a(USBCore.o)
                0x00008878                USBDeviceClass::send(unsigned long, void const*, unsigned long)
 .text._ZN14USBDeviceClass7armSendEmPKvm
                0x00008994       0x48 C:/Users/ankus/DOCUME~1/MATLAB/R2023a/ARDUIN~1/ARDUIN~1/FASTER~1\libcore.a(USBCore.o)
                0x00008994                USBDeviceClass::armSend(unsigned long, void const*, unsigned long)
 .text._ZN14USBDeviceClass11sendControlEPKvm
                0x000089dc       0x58 C:/Users/ankus/DOCUME~1/MATLAB/R2023a/ARDUIN~1/ARDUIN~1/FASTER~1\libcore.a(USBCore.o)
                0x000089dc                USBDeviceClass::sendControl(void const*, unsigned long)
 .text._ZN14USBDeviceClass20sendStringDescriptorEPKhm
                0x00008a34       0x68 C:/Users/ankus/DOCUME~1/MATLAB/R2023a/ARDUIN~1/ARDUIN~1/FASTER~1\libcore.a(USBCore.o)
                0x00008a34                USBDeviceClass::sendStringDescriptor(unsigned char const*, unsigned long)
 .text._ZN14USBDeviceClass12packMessagesEb.part.6
                0x00008a9c       0x20 C:/Users/ankus/DOCUME~1/MATLAB/R2023a/ARDUIN~1/ARDUIN~1/FASTER~1\libcore.a(USBCore.o)
 .text._ZN14USBDeviceClass17sendConfigurationEm
                0x00008abc       0x90 C:/Users/ankus/DOCUME~1/MATLAB/R2023a/ARDUIN~1/ARDUIN~1/FASTER~1\libcore.a(USBCore.o)
                0x00008abc                USBDeviceClass::sendConfiguration(unsigned long)
 .text._ZN14USBDeviceClass14sendDescriptorER8USBSetup
                0x00008b4c       0xec C:/Users/ankus/DOCUME~1/MATLAB/R2023a/ARDUIN~1/ARDUIN~1/FASTER~1\libcore.a(USBCore.o)
                0x00008b4c                USBDeviceClass::sendDescriptor(USBSetup&)
 .text._ZN14USBDeviceClass7sendZlpEm
                0x00008c38       0x18 C:/Users/ankus/DOCUME~1/MATLAB/R2023a/ARDUIN~1/ARDUIN~1/FASTER~1\libcore.a(USBCore.o)
                0x00008c38                USBDeviceClass::sendZlp(unsigned long)
 .text._ZN14USBDeviceClass19handleStandardSetupER8USBSetup
                0x00008c50       0xfc C:/Users/ankus/DOCUME~1/MATLAB/R2023a/ARDUIN~1/ARDUIN~1/FASTER~1\libcore.a(USBCore.o)
                0x00008c50                USBDeviceClass::handleStandardSetup(USBSetup&)
 .text._ZN14USBDeviceClass10ISRHandlerEv
                0x00008d4c      0x10c C:/Users/ankus/DOCUME~1/MATLAB/R2023a/ARDUIN~1/ARDUIN~1/FASTER~1\libcore.a(USBCore.o)
                0x00008d4c                USBDeviceClass::ISRHandler()
 .text.UDD_Handler
                0x00008e58       0x10 C:/Users/ankus/DOCUME~1/MATLAB/R2023a/ARDUIN~1/ARDUIN~1/FASTER~1\libcore.a(USBCore.o)
                0x00008e58                UDD_Handler
 .text.startup._GLOBAL__sub_I_usbd
                0x00008e68       0x10 C:/Users/ankus/DOCUME~1/MATLAB/R2023a/ARDUIN~1/ARDUIN~1/FASTER~1\libcore.a(USBCore.o)
 .text.SERCOM5_Handler
                0x00008e78       0x10 C:/Users/ankus/DOCUME~1/MATLAB/R2023a/ARDUIN~1/ARDUIN~1/FASTER~1\libcore.a(variant.o)
                0x00008e78                SERCOM5_Handler
 .text.SERCOM3_Handler
                0x00008e88       0x10 C:/Users/ankus/DOCUME~1/MATLAB/R2023a/ARDUIN~1/ARDUIN~1/FASTER~1\libcore.a(variant.o)
                0x00008e88                SERCOM3_Handler
 .text.SERCOM2_Handler
                0x00008e98       0x10 C:/Users/ankus/DOCUME~1/MATLAB/R2023a/ARDUIN~1/ARDUIN~1/FASTER~1\libcore.a(variant.o)
                0x00008e98                SERCOM2_Handler
 .text.startup._GLOBAL__sub_I_g_APinDescription
                0x00008ea8       0xbc C:/Users/ankus/DOCUME~1/MATLAB/R2023a/ARDUIN~1/ARDUIN~1/FASTER~1\libcore.a(variant.o)
 .text.countPulseASM
                0x00008f64       0x3c C:/Users/ankus/DOCUME~1/MATLAB/R2023a/ARDUIN~1/ARDUIN~1/FASTER~1\libcore.a(pulse_asm.S.o)
                0x00008f64                countPulseASM
 .text._Znwj    0x00008fa0        0x8 C:/Users/ankus/DOCUME~1/MATLAB/R2023a/ARDUIN~1/ARDUIN~1/FASTER~1\libcore.a(new.o)
                0x00008fa0                operator new(unsigned int)
 .text._ZdlPv   0x00008fa8        0x8 C:/Users/ankus/DOCUME~1/MATLAB/R2023a/ARDUIN~1/ARDUIN~1/FASTER~1\libcore.a(new.o)
                0x00008fa8                operator delete(void*)
 .text._ZN5Print5writeEPKhj
                0x00008fb0       0x28 C:/Users/ankus/DOCUME~1/MATLAB/R2023a/ARDUIN~1/ARDUIN~1/FASTER~1\libcore.a(Print.o)
                0x00008fb0                Print::write(unsigned char const*, unsigned int)
 .text._ZN6SERCOMC2EP6Sercom
                0x00008fd8        0x4 C:/Users/ankus/DOCUME~1/MATLAB/R2023a/ARDUIN~1/ARDUIN~1/FASTER~1\libcore.a(SERCOM.o)
                0x00008fd8                SERCOM::SERCOM(Sercom*)
                0x00008fd8                SERCOM::SERCOM(Sercom*)
 .text._ZN6SERCOM9initFrameE18SercomUartCharSize15SercomDataOrder16SercomParityMode19SercomNumberStopBit
                0x00008fdc       0x38 C:/Users/ankus/DOCUME~1/MATLAB/R2023a/ARDUIN~1/ARDUIN~1/FASTER~1\libcore.a(SERCOM.o)
                0x00008fdc                SERCOM::initFrame(SercomUartCharSize, SercomDataOrder, SercomParityMode, SercomNumberStopBit)
 .text._ZN6SERCOM8initPadsE15SercomUartTXPad11SercomRXPad
                0x00009014       0x26 C:/Users/ankus/DOCUME~1/MATLAB/R2023a/ARDUIN~1/ARDUIN~1/FASTER~1\libcore.a(SERCOM.o)
                0x00009014                SERCOM::initPads(SercomUartTXPad, SercomRXPad)
 .text._ZN6SERCOM9resetUARTEv
                0x0000903a       0x1c C:/Users/ankus/DOCUME~1/MATLAB/R2023a/ARDUIN~1/ARDUIN~1/FASTER~1\libcore.a(SERCOM.o)
                0x0000903a                SERCOM::resetUART()
 .text._ZN6SERCOM10enableUARTEv
                0x00009056       0x14 C:/Users/ankus/DOCUME~1/MATLAB/R2023a/ARDUIN~1/ARDUIN~1/FASTER~1\libcore.a(SERCOM.o)
                0x00009056                SERCOM::enableUART()
 .text._ZN6SERCOM9flushUARTEv
                0x0000906a       0x10 C:/Users/ankus/DOCUME~1/MATLAB/R2023a/ARDUIN~1/ARDUIN~1/FASTER~1\libcore.a(SERCOM.o)
                0x0000906a                SERCOM::flushUART()
 .text._ZN6SERCOM15clearStatusUARTEv
                0x0000907a        0x8 C:/Users/ankus/DOCUME~1/MATLAB/R2023a/ARDUIN~1/ARDUIN~1/FASTER~1\libcore.a(SERCOM.o)
                0x0000907a                SERCOM::clearStatusUART()
 .text._ZN6SERCOM17availableDataUARTEv
                0x00009082        0xa C:/Users/ankus/DOCUME~1/MATLAB/R2023a/ARDUIN~1/ARDUIN~1/FASTER~1\libcore.a(SERCOM.o)
                0x00009082                SERCOM::availableDataUART()
 .text._ZN6SERCOM11isUARTErrorEv
                0x0000908c        0x8 C:/Users/ankus/DOCUME~1/MATLAB/R2023a/ARDUIN~1/ARDUIN~1/FASTER~1\libcore.a(SERCOM.o)
                0x0000908c                SERCOM::isUARTError()
 .text._ZN6SERCOM20acknowledgeUARTErrorEv
                0x00009094        0xe C:/Users/ankus/DOCUME~1/MATLAB/R2023a/ARDUIN~1/ARDUIN~1/FASTER~1\libcore.a(SERCOM.o)
                0x00009094                SERCOM::acknowledgeUARTError()
 .text._ZN6SERCOM16isFrameErrorUARTEv
                0x000090a2        0xa C:/Users/ankus/DOCUME~1/MATLAB/R2023a/ARDUIN~1/ARDUIN~1/FASTER~1\libcore.a(SERCOM.o)
                0x000090a2                SERCOM::isFrameErrorUART()
 .text._ZN6SERCOM19clearFrameErrorUARTEv
                0x000090ac        0xc C:/Users/ankus/DOCUME~1/MATLAB/R2023a/ARDUIN~1/ARDUIN~1/FASTER~1\libcore.a(SERCOM.o)
                0x000090ac                SERCOM::clearFrameErrorUART()
 .text._ZN6SERCOM23isDataRegisterEmptyUARTEv
                0x000090b8        0xa C:/Users/ankus/DOCUME~1/MATLAB/R2023a/ARDUIN~1/ARDUIN~1/FASTER~1\libcore.a(SERCOM.o)
                0x000090b8                SERCOM::isDataRegisterEmptyUART()
 .text._ZN6SERCOM12readDataUARTEv
                0x000090c2        0x8 C:/Users/ankus/DOCUME~1/MATLAB/R2023a/ARDUIN~1/ARDUIN~1/FASTER~1\libcore.a(SERCOM.o)
                0x000090c2                SERCOM::readDataUART()
 .text._ZN6SERCOM13writeDataUARTEh
                0x000090ca        0xe C:/Users/ankus/DOCUME~1/MATLAB/R2023a/ARDUIN~1/ARDUIN~1/FASTER~1\libcore.a(SERCOM.o)
                0x000090ca                SERCOM::writeDataUART(unsigned char)
 .text._ZN6SERCOM36enableDataRegisterEmptyInterruptUARTEv
                0x000090d8        0x8 C:/Users/ankus/DOCUME~1/MATLAB/R2023a/ARDUIN~1/ARDUIN~1/FASTER~1\libcore.a(SERCOM.o)
                0x000090d8                SERCOM::enableDataRegisterEmptyInterruptUART()
 .text._ZN6SERCOM37disableDataRegisterEmptyInterruptUARTEv
                0x000090e0        0x8 C:/Users/ankus/DOCUME~1/MATLAB/R2023a/ARDUIN~1/ARDUIN~1/FASTER~1\libcore.a(SERCOM.o)
                0x000090e0                SERCOM::disableDataRegisterEmptyInterruptUART()
 .text._ZN6SERCOM13initClockNVICEv
                0x000090e8       0xac C:/Users/ankus/DOCUME~1/MATLAB/R2023a/ARDUIN~1/ARDUIN~1/FASTER~1\libcore.a(SERCOM.o)
                0x000090e8                SERCOM::initClockNVIC()
 .text._ZN6SERCOM8initUARTE14SercomUartMode20SercomUartSampleRatem
                0x00009194       0x6c C:/Users/ankus/DOCUME~1/MATLAB/R2023a/ARDUIN~1/ARDUIN~1/FASTER~1\libcore.a(SERCOM.o)
                0x00009194                SERCOM::initUART(SercomUartMode, SercomUartSampleRate, unsigned long)
 .text          0x00009200       0x14 c:/programdata/matlab/supportpackages/r2023a/aide/tools/arm-none-eabi-gcc/4.8.3-2014q1/bin/../lib/gcc/arm-none-eabi/4.8.3/armv6-m\libgcc.a(_thumb1_case_uqi.o)
                0x00009200                __gnu_thumb1_case_uqi
 .text          0x00009214       0x9c c:/programdata/matlab/supportpackages/r2023a/aide/tools/arm-none-eabi-gcc/4.8.3-2014q1/bin/../lib/gcc/arm-none-eabi/4.8.3/armv6-m\libgcc.a(_udivsi3.o)
                0x00009214                __aeabi_uidiv
                0x00009214                __udivsi3
                0x0000929c                __aeabi_uidivmod
 .text          0x000092b0       0xc0 c:/programdata/matlab/supportpackages/r2023a/aide/tools/arm-none-eabi-gcc/4.8.3-2014q1/bin/../lib/gcc/arm-none-eabi/4.8.3/armv6-m\libgcc.a(_divsi3.o)
                0x000092b0                __divsi3
                0x000092b0                __aeabi_idiv
                0x0000935c                __aeabi_idivmod
 .text          0x00009370        0x4 c:/programdata/matlab/supportpackages/r2023a/aide/tools/arm-none-eabi-gcc/4.8.3-2014q1/bin/../lib/gcc/arm-none-eabi/4.8.3/armv6-m\libgcc.a(_dvmd_tls.o)
                0x00009370                __aeabi_idiv0
                0x00009370                __aeabi_ldiv0
 .text          0x00009374       0x7c c:/programdata/matlab/supportpackages/r2023a/aide/tools/arm-none-eabi-gcc/4.8.3-2014q1/bin/../lib/gcc/arm-none-eabi/4.8.3/armv6-m\libgcc.a(_arm_cmpdf2.o)
                0x00009374                __aeabi_cdrcmple
                0x00009384                __aeabi_cdcmple
                0x00009384                __aeabi_cdcmpeq
                0x00009394                __aeabi_dcmpeq
                0x000093a0                __aeabi_dcmplt
                0x000093b4                __aeabi_dcmple
                0x000093c8                __aeabi_dcmpgt
                0x000093dc                __aeabi_dcmpge
 .text          0x000093f0       0x40 c:/programdata/matlab/supportpackages/r2023a/aide/tools/arm-none-eabi-gcc/4.8.3-2014q1/bin/../lib/gcc/arm-none-eabi/4.8.3/armv6-m\libgcc.a(_fixunsdfsi.o)
                0x000093f0                __aeabi_d2uiz
                0x000093f0                __fixunsdfsi
 .text          0x00009430      0x638 c:/programdata/matlab/supportpackages/r2023a/aide/tools/arm-none-eabi-gcc/4.8.3-2014q1/bin/../lib/gcc/arm-none-eabi/4.8.3/armv6-m\libgcc.a(adddf3.o)
                0x00009430                __aeabi_dadd
 .text          0x00009a68      0x648 c:/programdata/matlab/supportpackages/r2023a/aide/tools/arm-none-eabi-gcc/4.8.3-2014q1/bin/../lib/gcc/arm-none-eabi/4.8.3/armv6-m\libgcc.a(divdf3.o)
                0x00009a68                __aeabi_ddiv
 .text          0x0000a0b0       0x94 c:/programdata/matlab/supportpackages/r2023a/aide/tools/arm-none-eabi-gcc/4.8.3-2014q1/bin/../lib/gcc/arm-none-eabi/4.8.3/armv6-m\libgcc.a(eqdf2.o)
                0x0000a0b0                __nedf2
                0x0000a0b0                __eqdf2
 .text          0x0000a144       0xfc c:/programdata/matlab/supportpackages/r2023a/aide/tools/arm-none-eabi-gcc/4.8.3-2014q1/bin/../lib/gcc/arm-none-eabi/4.8.3/armv6-m\libgcc.a(gedf2.o)
                0x0000a144                __gedf2
                0x0000a144                __gtdf2
 .text          0x0000a240       0xfc c:/programdata/matlab/supportpackages/r2023a/aide/tools/arm-none-eabi-gcc/4.8.3-2014q1/bin/../lib/gcc/arm-none-eabi/4.8.3/armv6-m\libgcc.a(ledf2.o)
                0x0000a240                __ledf2
                0x0000a240                __ltdf2
 .text          0x0000a33c      0x520 c:/programdata/matlab/supportpackages/r2023a/aide/tools/arm-none-eabi-gcc/4.8.3-2014q1/bin/../lib/gcc/arm-none-eabi/4.8.3/armv6-m\libgcc.a(muldf3.o)
                0x0000a33c                __aeabi_dmul
 .text          0x0000a85c      0x654 c:/programdata/matlab/supportpackages/r2023a/aide/tools/arm-none-eabi-gcc/4.8.3-2014q1/bin/../lib/gcc/arm-none-eabi/4.8.3/armv6-m\libgcc.a(subdf3.o)
                0x0000a85c                __aeabi_dsub
 .text          0x0000aeb0       0x68 c:/programdata/matlab/supportpackages/r2023a/aide/tools/arm-none-eabi-gcc/4.8.3-2014q1/bin/../lib/gcc/arm-none-eabi/4.8.3/armv6-m\libgcc.a(fixdfsi.o)
                0x0000aeb0                __aeabi_d2iz
 .text          0x0000af18       0x68 c:/programdata/matlab/supportpackages/r2023a/aide/tools/arm-none-eabi-gcc/4.8.3-2014q1/bin/../lib/gcc/arm-none-eabi/4.8.3/armv6-m\libgcc.a(floatunsidf.o)
                0x0000af18                __aeabi_ui2d
 .text          0x0000af80       0x3c c:/programdata/matlab/supportpackages/r2023a/aide/tools/arm-none-eabi-gcc/4.8.3-2014q1/bin/../lib/gcc/arm-none-eabi/4.8.3/armv6-m\libgcc.a(_clzsi2.o)
                0x0000af80                __clzsi2
 .text.__errno  0x0000afbc        0xc c:/programdata/matlab/supportpackages/r2023a/aide/tools/arm-none-eabi-gcc/4.8.3-2014q1/bin/../lib/gcc/arm-none-eabi/4.8.3/../../../../arm-none-eabi/lib/armv6-m\libg_s.a(lib_a-errno.o)
                0x0000afbc                __errno
 .text.__libc_init_array
                0x0000afc8       0x4c c:/programdata/matlab/supportpackages/r2023a/aide/tools/arm-none-eabi-gcc/4.8.3-2014q1/bin/../lib/gcc/arm-none-eabi/4.8.3/../../../../arm-none-eabi/lib/armv6-m\libg_s.a(lib_a-init.o)
                0x0000afc8                __libc_init_array
 .text.malloc   0x0000b014       0x14 c:/programdata/matlab/supportpackages/r2023a/aide/tools/arm-none-eabi-gcc/4.8.3-2014q1/bin/../lib/gcc/arm-none-eabi/4.8.3/../../../../arm-none-eabi/lib/armv6-m\libg_s.a(lib_a-malloc.o)
                0x0000b014                malloc
 .text.free     0x0000b028       0x14 c:/programdata/matlab/supportpackages/r2023a/aide/tools/arm-none-eabi-gcc/4.8.3-2014q1/bin/../lib/gcc/arm-none-eabi/4.8.3/../../../../arm-none-eabi/lib/armv6-m\libg_s.a(lib_a-malloc.o)
                0x0000b028                free
 .text.memcpy   0x0000b03c       0x12 c:/programdata/matlab/supportpackages/r2023a/aide/tools/arm-none-eabi-gcc/4.8.3-2014q1/bin/../lib/gcc/arm-none-eabi/4.8.3/../../../../arm-none-eabi/lib/armv6-m\libg_s.a(lib_a-memcpy-stub.o)
                0x0000b03c                memcpy
 .text.memset   0x0000b04e       0x10 c:/programdata/matlab/supportpackages/r2023a/aide/tools/arm-none-eabi-gcc/4.8.3-2014q1/bin/../lib/gcc/arm-none-eabi/4.8.3/../../../../arm-none-eabi/lib/armv6-m\libg_s.a(lib_a-memset.o)
                0x0000b04e                memset
 *fill*         0x0000b05e        0x2 
 .text._free_r  0x0000b060       0x90 c:/programdata/matlab/supportpackages/r2023a/aide/tools/arm-none-eabi-gcc/4.8.3-2014q1/bin/../lib/gcc/arm-none-eabi/4.8.3/../../../../arm-none-eabi/lib/armv6-m\libg_s.a(lib_a-nano-freer.o)
                0x0000b060                _free_r
 .text._malloc_r
                0x0000b0f0       0xa8 c:/programdata/matlab/supportpackages/r2023a/aide/tools/arm-none-eabi-gcc/4.8.3-2014q1/bin/../lib/gcc/arm-none-eabi/4.8.3/../../../../arm-none-eabi/lib/armv6-m\libg_s.a(lib_a-nano-mallocr.o)
                0x0000b0f0                _malloc_r
 .text._sbrk_r  0x0000b198       0x24 c:/programdata/matlab/supportpackages/r2023a/aide/tools/arm-none-eabi-gcc/4.8.3-2014q1/bin/../lib/gcc/arm-none-eabi/4.8.3/../../../../arm-none-eabi/lib/armv6-m\libg_s.a(lib_a-sbrkr.o)
                0x0000b198                _sbrk_r
 .text.strlen   0x0000b1bc        0xe c:/programdata/matlab/supportpackages/r2023a/aide/tools/arm-none-eabi-gcc/4.8.3-2014q1/bin/../lib/gcc/arm-none-eabi/4.8.3/../../../../arm-none-eabi/lib/armv6-m\libg_s.a(lib_a-strlen.o)
                0x0000b1bc                strlen
 *fill*         0x0000b1ca        0x2 
 .text._sbrk    0x0000b1cc       0x34 c:/programdata/matlab/supportpackages/r2023a/aide/tools/arm-none-eabi-gcc/4.8.3-2014q1/bin/../lib/gcc/arm-none-eabi/4.8.3/../../../../arm-none-eabi/lib/armv6-m\libnosys.a(sbrk.o)
                0x0000b1cc                _sbrk
 *(.init)
 .init          0x0000b200        0x4 c:/programdata/matlab/supportpackages/r2023a/aide/tools/arm-none-eabi-gcc/4.8.3-2014q1/bin/../lib/gcc/arm-none-eabi/4.8.3/armv6-m/crti.o
                0x0000b200                _init
 .init          0x0000b204        0x8 c:/programdata/matlab/supportpackages/r2023a/aide/tools/arm-none-eabi-gcc/4.8.3-2014q1/bin/../lib/gcc/arm-none-eabi/4.8.3/armv6-m/crtn.o
 *(.fini)
 .fini          0x0000b20c        0x4 c:/programdata/matlab/supportpackages/r2023a/aide/tools/arm-none-eabi-gcc/4.8.3-2014q1/bin/../lib/gcc/arm-none-eabi/4.8.3/armv6-m/crti.o
                0x0000b20c                _fini
 .fini          0x0000b210        0x8 c:/programdata/matlab/supportpackages/r2023a/aide/tools/arm-none-eabi-gcc/4.8.3-2014q1/bin/../lib/gcc/arm-none-eabi/4.8.3/armv6-m/crtn.o
 *crtbegin.o(.ctors)
 *crtbegin?.o(.ctors)
 *(EXCLUDE_FILE(*crtend.o *crtend?.o) .ctors)
 *(SORT(.ctors.*))
 *(.ctors)
 *crtbegin.o(.dtors)
 *crtbegin?.o(.dtors)
 *(EXCLUDE_FILE(*crtend.o *crtend?.o) .dtors)
 *(SORT(.dtors.*))
 *(.dtors)
 *(.rodata*)
 .rodata        0x0000b218       0x10 MW_PWMDriver.o
 .rodata.Line_following2_M
                0x0000b228        0x4 Line_following2.o
                0x0000b228                Line_following2_M
 .rodata.tmp.12225
                0x0000b22c      0x9c4 Line_following2.o
 .rodata.rtAlwaysEnabled.12221
                0x0000bbf0        0x1 Line_following2.o
 *fill*         0x0000bbf1        0x3 
 .rodata.standardSupportedRxPacket
                0x0000bbf4       0x54 xcp_standard.o
 .rodata.daqSupportedRxPacket
                0x0000bc48       0x90 xcp_daq.o
 .rodata.calibrationSupportedRxPacket
                0x0000bcd8       0x18 xcp_calibration.o
 .rodata.str1.4
                0x0000bcf0        0x8 c:/programdata/matlab/supportpackages/r2023a/aide/tools/arm-none-eabi-gcc/4.8.3-2014q1/bin/../lib/gcc/arm-none-eabi/4.8.3/../../../../arm-none-eabi/lib/armv6-m\libm.a(lib_a-w_fmod.o)
 .rodata.Zero   0x0000bcf8       0x10 c:/programdata/matlab/supportpackages/r2023a/aide/tools/arm-none-eabi-gcc/4.8.3-2014q1/bin/../lib/gcc/arm-none-eabi/4.8.3/../../../../arm-none-eabi/lib/armv6-m\libm.a(lib_a-e_fmod.o)
 .rodata        0x0000bd08       0x10 C:/Users/ankus/DOCUME~1/MATLAB/R2023a/ARDUIN~1/ARDUIN~1/FASTER~1\libcore.a(wiring_analog.o)
 .rodata._ZTV4Uart
                0x0000bd18       0x38 C:/Users/ankus/DOCUME~1/MATLAB/R2023a/ARDUIN~1/ARDUIN~1/FASTER~1\libcore.a(Uart.o)
                0x0000bd18                vtable for Uart
 .rodata._ZTV7Serial_
                0x0000bd50       0x58 C:/Users/ankus/DOCUME~1/MATLAB/R2023a/ARDUIN~1/ARDUIN~1/FASTER~1\libcore.a(CDC.o)
                0x0000bd50                vtable for Serial_
 .rodata._ZTV26DoubleBufferedEPOutHandler
                0x0000bda8       0x28 C:/Users/ankus/DOCUME~1/MATLAB/R2023a/ARDUIN~1/ARDUIN~1/FASTER~1\libcore.a(USBCore.o)
                0x0000bda8                vtable for DoubleBufferedEPOutHandler
 .rodata._ZL15STRING_LANGUAGE
                0x0000bdd0        0x4 C:/Users/ankus/DOCUME~1/MATLAB/R2023a/ARDUIN~1/ARDUIN~1/FASTER~1\libcore.a(USBCore.o)
 .rodata._ZL21USB_DeviceDescriptorB
                0x0000bdd4       0x12 C:/Users/ankus/DOCUME~1/MATLAB/R2023a/ARDUIN~1/ARDUIN~1/FASTER~1\libcore.a(USBCore.o)
 .rodata._ZL19STRING_MANUFACTURER
                0x0000bde6        0xc C:/Users/ankus/DOCUME~1/MATLAB/R2023a/ARDUIN~1/ARDUIN~1/FASTER~1\libcore.a(USBCore.o)
 .rodata._ZL14STRING_PRODUCT
                0x0000bdf2       0x14 C:/Users/ankus/DOCUME~1/MATLAB/R2023a/ARDUIN~1/ARDUIN~1/FASTER~1\libcore.a(USBCore.o)
 *fill*         0x0000be06        0x2 
 .rodata.g_APinDescription
                0x0000be08      0x318 C:/Users/ankus/DOCUME~1/MATLAB/R2023a/ARDUIN~1/ARDUIN~1/FASTER~1\libcore.a(variant.o)
                0x0000be08                g_APinDescription
 .rodata        0x0000c120       0x40 c:/programdata/matlab/supportpackages/r2023a/aide/tools/arm-none-eabi-gcc/4.8.3-2014q1/bin/../lib/gcc/arm-none-eabi/4.8.3/armv6-m\libgcc.a(divdf3.o)
 .rodata        0x0000c160       0x40 c:/programdata/matlab/supportpackages/r2023a/aide/tools/arm-none-eabi-gcc/4.8.3-2014q1/bin/../lib/gcc/arm-none-eabi/4.8.3/armv6-m\libgcc.a(muldf3.o)
 .rodata.str1.1
                0x0000c1a0        0x2 c:/programdata/matlab/supportpackages/r2023a/aide/tools/arm-none-eabi-gcc/4.8.3-2014q1/bin/../lib/gcc/arm-none-eabi/4.8.3/../../../../arm-none-eabi/lib/armv6-m\libg_s.a(lib_a-impure.o)
 *(.eh_frame*)
 *fill*         0x0000c1a2        0x2 
 .eh_frame      0x0000c1a4        0x0 c:/programdata/matlab/supportpackages/r2023a/aide/tools/arm-none-eabi-gcc/4.8.3-2014q1/bin/../lib/gcc/arm-none-eabi/4.8.3/armv6-m/crtbegin.o
 .eh_frame      0x0000c1a4        0x4 c:/programdata/matlab/supportpackages/r2023a/aide/tools/arm-none-eabi-gcc/4.8.3-2014q1/bin/../lib/gcc/arm-none-eabi/4.8.3/armv6-m/crtend.o

.glue_7         0x0000c1a8        0x0
 .glue_7        0x00000000        0x0 linker stubs

.glue_7t        0x0000c1a8        0x0
 .glue_7t       0x00000000        0x0 linker stubs

.vfp11_veneer   0x0000c1a8        0x0
 .vfp11_veneer  0x00000000        0x0 linker stubs

.v4_bx          0x0000c1a8        0x0
 .v4_bx         0x00000000        0x0 linker stubs

.iplt           0x0000c1a8        0x0
 .iplt          0x00000000        0x0 c:/programdata/matlab/supportpackages/r2023a/aide/tools/arm-none-eabi-gcc/4.8.3-2014q1/bin/../lib/gcc/arm-none-eabi/4.8.3/armv6-m/crtbegin.o

.rel.dyn        0x0000c1a8        0x0
 .rel.iplt      0x00000000        0x0 c:/programdata/matlab/supportpackages/r2023a/aide/tools/arm-none-eabi-gcc/4.8.3-2014q1/bin/../lib/gcc/arm-none-eabi/4.8.3/armv6-m/crtbegin.o

.ARM.extab
 *(.ARM.extab* .gnu.linkonce.armextab.*)
                0x0000c1a8                __exidx_start = .

.ARM.exidx
 *(.ARM.exidx* .gnu.linkonce.armexidx.*)
                0x0000c1a8                __exidx_end = .
                0x0000c1a8                __etext = .

.data           0x20000000      0xc4c load address 0x0000c1a8
                0x20000000                __data_start__ = .
 *(vtable)
 *(.data*)
 .data.Line_following2_P
                0x20000000      0xb50 Line_following2_data.o
                0x20000000                Line_following2_P
 .data.xcpExtmodeFinalSimulationTime
                0x20000b50        0x8 xcp_ext_common.o
                0x20000b50                xcpExtmodeFinalSimulationTime
 .data.xcpClassicTriggerDuration
                0x20000b58        0x4 xcp_ext_classic_trigger.o
                0x20000b58                xcpClassicTriggerDuration
 .data.xcpClassicTriggerArmRequest
                0x20000b5c        0x1 xcp_ext_classic_trigger.o
                0x20000b5c                xcpClassicTriggerArmRequest
 *fill*         0x20000b5d        0x3 
 .data.startStopDaqListId
                0x20000b60        0x4 xcp_daq.o
 .data.xcpEventCustomMemoryManager
                0x20000b64        0xc xcp_daq.o
 .data.xcpCurrentDaq
                0x20000b70        0x4 xcp_daq.o
 .data.xcpCtoReservedMemPoolId
                0x20000b74        0x4 xcp_transport.o
 .data.xcpMemMainBlockSizes
                0x20000b78        0xc xcp_mem_default.o
 .data.xcpMemMainBlocksNumber
                0x20000b84        0xc xcp_mem_default.o
 .data.drvID    0x20000b90        0x4 xcp_drv_rtiostream.o
 .data.xcpCtoReservedMemPoolId
                0x20000b94        0x4 xcp_frame_serial.o
 .data.__fdlib_version
                0x20000b98        0x1 c:/programdata/matlab/supportpackages/r2023a/aide/tools/arm-none-eabi-gcc/4.8.3-2014q1/bin/../lib/gcc/arm-none-eabi/4.8.3/../../../../arm-none-eabi/lib/armv6-m\libm.a(lib_a-s_lib_ver.o)
                0x20000b98                __fdlib_version
 *fill*         0x20000b99        0x3 
 .data.SystemCoreClock
                0x20000b9c        0x4 C:/Users/ankus/DOCUME~1/MATLAB/R2023a/ARDUIN~1/ARDUIN~1/FASTER~1\libcore.a(wiring.o)
                0x20000b9c                SystemCoreClock
 .data._writeResolution
                0x20000ba0        0x4 C:/Users/ankus/DOCUME~1/MATLAB/R2023a/ARDUIN~1/ARDUIN~1/FASTER~1\libcore.a(wiring_analog.o)
 .data._ZL5ticks
                0x20000ba4        0x4 C:/Users/ankus/DOCUME~1/MATLAB/R2023a/ARDUIN~1/ARDUIN~1/FASTER~1\libcore.a(Reset.o)
 .data._serialPeek
                0x20000ba8        0x4 C:/Users/ankus/DOCUME~1/MATLAB/R2023a/ARDUIN~1/ARDUIN~1/FASTER~1\libcore.a(CDC.o)
                0x20000ba8                _serialPeek
 .data._ZL10breakValue
                0x20000bac        0x4 C:/Users/ankus/DOCUME~1/MATLAB/R2023a/ARDUIN~1/ARDUIN~1/FASTER~1\libcore.a(CDC.o)
 .data._ZL12_usbLineInfo
                0x20000bb0        0x8 C:/Users/ankus/DOCUME~1/MATLAB/R2023a/ARDUIN~1/ARDUIN~1/FASTER~1\libcore.a(CDC.o)
 .data.g_apTCInstances
                0x20000bb8       0x18 C:/Users/ankus/DOCUME~1/MATLAB/R2023a/ARDUIN~1/ARDUIN~1/FASTER~1\libcore.a(variant.o)
                0x20000bb8                g_apTCInstances
 .data.impure_data
                0x20000bd0       0x60 c:/programdata/matlab/supportpackages/r2023a/aide/tools/arm-none-eabi-gcc/4.8.3-2014q1/bin/../lib/gcc/arm-none-eabi/4.8.3/../../../../arm-none-eabi/lib/armv6-m\libg_s.a(lib_a-impure.o)
 .data._impure_ptr
                0x20000c30        0x4 c:/programdata/matlab/supportpackages/r2023a/aide/tools/arm-none-eabi-gcc/4.8.3-2014q1/bin/../lib/gcc/arm-none-eabi/4.8.3/../../../../arm-none-eabi/lib/armv6-m\libg_s.a(lib_a-impure.o)
                0x20000c30                _impure_ptr
                0x20000c34                . = ALIGN (0x4)
                0x20000c34                PROVIDE (__preinit_array_start, .)
 *(.preinit_array)
                0x20000c34                PROVIDE (__preinit_array_end, .)
                0x20000c34                . = ALIGN (0x4)
                0x20000c34                PROVIDE (__init_array_start, .)
 *(SORT(.init_array.*))
 *(.init_array)
 .init_array    0x20000c34        0x4 c:/programdata/matlab/supportpackages/r2023a/aide/tools/arm-none-eabi-gcc/4.8.3-2014q1/bin/../lib/gcc/arm-none-eabi/4.8.3/armv6-m/crtbegin.o
 .init_array    0x20000c38        0x4 C:/Users/ankus/DOCUME~1/MATLAB/R2023a/ARDUIN~1/ARDUIN~1/FASTER~1\libcore.a(CDC.o)
 .init_array    0x20000c3c        0x4 C:/Users/ankus/DOCUME~1/MATLAB/R2023a/ARDUIN~1/ARDUIN~1/FASTER~1\libcore.a(USBCore.o)
 .init_array    0x20000c40        0x4 C:/Users/ankus/DOCUME~1/MATLAB/R2023a/ARDUIN~1/ARDUIN~1/FASTER~1\libcore.a(variant.o)
                0x20000c44                PROVIDE (__init_array_end, .)
                0x20000c44                . = ALIGN (0x4)
                0x20000c44                PROVIDE (__fini_array_start, .)
 *(SORT(.fini_array.*))
 *(.fini_array)
 .fini_array    0x20000c44        0x4 c:/programdata/matlab/supportpackages/r2023a/aide/tools/arm-none-eabi-gcc/4.8.3-2014q1/bin/../lib/gcc/arm-none-eabi/4.8.3/armv6-m/crtbegin.o
                0x20000c48                PROVIDE (__fini_array_end, .)
 *(.jcr*)
 .jcr           0x20000c48        0x0 c:/programdata/matlab/supportpackages/r2023a/aide/tools/arm-none-eabi-gcc/4.8.3-2014q1/bin/../lib/gcc/arm-none-eabi/4.8.3/armv6-m/crtbegin.o
 .jcr           0x20000c48        0x4 c:/programdata/matlab/supportpackages/r2023a/aide/tools/arm-none-eabi-gcc/4.8.3-2014q1/bin/../lib/gcc/arm-none-eabi/4.8.3/armv6-m/crtend.o
                0x20000c4c                . = ALIGN (0x4)
                0x20000c4c                __data_end__ = .

.igot.plt       0x20000c4c        0x0 load address 0x0000cdf4
 .igot.plt      0x00000000        0x0 c:/programdata/matlab/supportpackages/r2023a/aide/tools/arm-none-eabi-gcc/4.8.3-2014q1/bin/../lib/gcc/arm-none-eabi/4.8.3/armv6-m/crtbegin.o

.bss            0x20000c50     0x1ef0 load address 0x0000cdf8
                0x20000c50                . = ALIGN (0x4)
                0x20000c50                __bss_start__ = .
 *(.bss*)
 .bss           0x20000c50       0x1c c:/programdata/matlab/supportpackages/r2023a/aide/tools/arm-none-eabi-gcc/4.8.3-2014q1/bin/../lib/gcc/arm-none-eabi/4.8.3/armv6-m/crtbegin.o
 .bss.tcEnabled.12408
                0x20000c6c        0x6 MW_PWMDriver.o
 .bss.PWMPinHandleMap
                0x20000c72        0x9 ArduinoPinHandleMap.o
                0x20000c72                PWMPinHandleMap
 *fill*         0x20000c7b        0x1 
 .bss.xcpCustomTriggerFunction
                0x20000c7c        0xc xcp_ext_mode.o
 .bss.systemRan.12223
                0x20000c88       0x48 Line_following2.o
 .bss.rt_ExtModeInfo.12222
                0x20000cd0       0x14 Line_following2.o
 *fill*         0x20000ce4        0x4 
 .bss.Line_following2_M_
                0x20000ce8       0x60 Line_following2.o
 .bss.xcpModelChecksum0
                0x20000d48        0x4 xcp_ext_common.o
                0x20000d48                xcpModelChecksum0
 .bss.xcpModelStartRequest
                0x20000d4c        0x1 xcp_ext_common.o
                0x20000d4c                xcpModelStartRequest
 *fill*         0x20000d4d        0x3 
 .bss.xcpModelChecksum1
                0x20000d50        0x4 xcp_ext_common.o
                0x20000d50                xcpModelChecksum1
 .bss.xcpModelChecksum3
                0x20000d54        0x4 xcp_ext_common.o
                0x20000d54                xcpModelChecksum3
 .bss.xcpModelChecksum2
                0x20000d58        0x4 xcp_ext_common.o
                0x20000d58                xcpModelChecksum2
 .bss.xcpModelIntegerCode
                0x20000d5c        0x4 xcp_ext_common.o
                0x20000d5c                xcpModelIntegerCode
 .bss.xcpDummyDoubleVariable
                0x20000d60        0x8 xcp_ext_common.o
                0x20000d60                xcpDummyDoubleVariable
 .bss.xcpModelStopRequest
                0x20000d68        0x1 xcp_ext_common.o
                0x20000d68                xcpModelStopRequest
 *fill*         0x20000d69        0x7 
 .bss.xcpBaseRateSimulationTime
                0x20000d70        0x8 xcp_ext_common.o
 .bss.xcpCurrentSimulationTimeInMs
                0x20000d78        0x8 xcp_ext_common.o
                0x20000d78                xcpCurrentSimulationTimeInMs
 .bss.xcpExtmodeSimulationComplete
                0x20000d80        0x1 xcp_ext_common.o
                0x20000d80                xcpExtmodeSimulationComplete
 .bss.xcpModelStatus
                0x20000d81        0x1 xcp_ext_common.o
                0x20000d81                xcpModelStatus
 .bss.xcpClassicTriggerDirection
                0x20000d82        0x1 xcp_ext_classic_trigger.o
                0x20000d82                xcpClassicTriggerDirection
 *fill*         0x20000d83        0x5 
 .bss.xcpOldSignalValue
                0x20000d88        0x8 xcp_ext_classic_trigger.o
 .bss.xcpClassicTriggerSignalAddressExtension
                0x20000d90        0x1 xcp_ext_classic_trigger.o
                0x20000d90                xcpClassicTriggerSignalAddressExtension
 *fill*         0x20000d91        0x3 
 .bss.xcpTriggerCount
                0x20000d94        0x4 xcp_ext_classic_trigger.o
 .bss.xcpOldSignalValueAvailable
                0x20000d98        0x1 xcp_ext_classic_trigger.o
 *fill*         0x20000d99        0x3 
 .bss.xcpClassicTriggerDelay
                0x20000d9c        0x4 xcp_ext_classic_trigger.o
                0x20000d9c                xcpClassicTriggerDelay
 .bss.xcpClassicTriggerSignalAddress
                0x20000da0        0x4 xcp_ext_classic_trigger.o
                0x20000da0                xcpClassicTriggerSignalAddress
 .bss.xcpClassicTriggerEventId
                0x20000da4        0x2 xcp_ext_classic_trigger.o
                0x20000da4                xcpClassicTriggerEventId
 .bss.xcpClassicTriggerCancelRequest
                0x20000da6        0x1 xcp_ext_classic_trigger.o
                0x20000da6                xcpClassicTriggerCancelRequest
 .bss.xcpOldClassicTriggerSource
                0x20000da7        0x1 xcp_ext_classic_trigger.o
 .bss.xcpClassicTriggerSource
                0x20000da8        0x1 xcp_ext_classic_trigger.o
                0x20000da8                xcpClassicTriggerSource
 .bss.xcpForceTriggerEnableRequest
                0x20000da9        0x1 xcp_ext_classic_trigger.o
 .bss.xcpSignalTriggerFired
                0x20000daa        0x1 xcp_ext_classic_trigger.o
 .bss.xcpClassicTriggerStatus
                0x20000dab        0x1 xcp_ext_classic_trigger.o
                0x20000dab                xcpClassicTriggerStatus
 .bss.xcpClassicTriggerMode
                0x20000dac        0x1 xcp_ext_classic_trigger.o
                0x20000dac                xcpClassicTriggerMode
 .bss.xcpForcedTriggerEnabled
                0x20000dad        0x1 xcp_ext_classic_trigger.o
 *fill*         0x20000dae        0x2 
 .bss.xcpClassicTriggerHoldOff
                0x20000db0        0x4 xcp_ext_classic_trigger.o
                0x20000db0                xcpClassicTriggerHoldOff
 *fill*         0x20000db4        0x4 
 .bss.xcpClassicTriggerLevel
                0x20000db8        0x8 xcp_ext_classic_trigger.o
                0x20000db8                xcpClassicTriggerLevel
 .bss.xcpTriggerEnabled
                0x20000dc0        0x1 xcp_ext_classic_trigger.o
 .bss.xcpResourceProtectionStatus
                0x20000dc1        0x1 xcp.o
 .bss.initialized
                0x20000dc2        0x1 xcp.o
 .bss.xcpSessionStatus
                0x20000dc3        0x1 xcp.o
 .bss.xcpStatus
                0x20000dc4        0x1 xcp.o
 *fill*         0x20000dc5        0x1 
 .bss.xcpSessionConfigurationId
                0x20000dc6        0x2 xcp.o
 .bss.groupPacketLookup
                0x20000dc8       0x10 xcp.o
 .bss.xcpUploadSize
                0x20000dd8        0x1 xcp_standard.o
 *fill*         0x20000dd9        0x3 
 .bss.xcpMta    0x20000ddc        0x8 xcp_standard.o
 .bss.packetLookup
                0x20000de4        0x4 xcp_standard.o
 .bss.daqLock   0x20000de8        0x4 xcp_daq.o
 .bss.packetLookup
                0x20000dec        0x4 xcp_daq.o
 .bss.xcpDynamicDaqLists
                0x20000df0        0x8 xcp_daq.o
 .bss.xcpRunningEventCounter
                0x20000df8        0x4 xcp_daq.o
 .bss.packetLookup
                0x20000dfc        0x4 xcp_calibration.o
 .bss.rxLock    0x20000e00        0x4 xcp_transport.o
 .bss.txFifo    0x20000e04       0x10 xcp_transport.o
 .bss.initialized
                0x20000e14        0x1 xcp_transport.o
 *fill*         0x20000e15        0x3 
 .bss.txLock    0x20000e18        0x4 xcp_transport.o
 .bss.rxFifo    0x20000e1c        0x8 xcp_transport.o
 .bss.xcpMemMainChunk
                0x20000e24      0x107 xcp_mem_default.o
 .bss.xcpMemReservedPoolsChunk
                0x20000f2b      0x333 xcp_mem_default.o
 *fill*         0x2000125e        0x2 
 .bss.xcpMemLock
                0x20001260        0x4 xcp_mem_default.o
 .bss.xcpMemPoolDescriptors
                0x20001264       0x90 xcp_mem_default.o
 .bss.xcpMemReservedPoolsChunkUsedBytes
                0x200012f4        0x4 xcp_mem_default.o
 .bss.xcpMemCustomPoolDescriptors
                0x200012f8        0x8 xcp_mem_default.o
 .bss.forceBlocking
                0x20001300        0x1 xcp_drv_rtiostream.o
 *fill*         0x20001301        0x1 
 .bss.rxCounter
                0x20001302        0x2 xcp_frame_serial.o
 .bss.initialized
                0x20001304        0x1 xcp_frame_serial.o
 *fill*         0x20001305        0x3 
 .bss.firstRxCounterReceived
                0x20001308        0x4 xcp_frame_serial.o
 .bss.txCounter
                0x2000130c        0x2 xcp_frame_serial.o
 *fill*         0x2000130e        0x2 
 .bss._ZZ12Serial_beginE10serialInit
                0x20001310        0x4 io_wrappers.o
 .bss.receivedSyncByteE
                0x20001314        0x1 rtiostream_serial_daemon.o
                0x20001314                receivedSyncByteE
 .bss.need2runFlags
                0x20001315        0x3 ert_main.o
                0x20001315                need2runFlags
 .bss.isRateRunning
                0x20001318        0x3 ert_main.o
                0x20001318                isRateRunning
 *fill*         0x2000131b        0x1 
 .bss.IsrOverrun
                0x2000131c        0x4 ert_main.o
                0x2000131c                IsrOverrun
 .bss.usb_isr   0x20001320        0x4 C:/Users/ankus/DOCUME~1/MATLAB/R2023a/ARDUIN~1/ARDUIN~1/FASTER~1\libcore.a(cortex_handlers.o)
 .bss._ulTickCount
                0x20001324        0x4 C:/Users/ankus/DOCUME~1/MATLAB/R2023a/ARDUIN~1/ARDUIN~1/FASTER~1\libcore.a(delay.o)
 .bss.tcEnabled.12353
                0x20001328        0x6 C:/Users/ankus/DOCUME~1/MATLAB/R2023a/ARDUIN~1/ARDUIN~1/FASTER~1\libcore.a(wiring_analog.o)
 *fill*         0x2000132e        0x2 
 .bss.SerialUSB
                0x20001330       0x34 C:/Users/ankus/DOCUME~1/MATLAB/R2023a/ARDUIN~1/ARDUIN~1/FASTER~1\libcore.a(CDC.o)
                0x20001330                SerialUSB
 .bss._ZZ12PluggableUSBvE3obj
                0x20001364        0x8 C:/Users/ankus/DOCUME~1/MATLAB/R2023a/ARDUIN~1/ARDUIN~1/FASTER~1\libcore.a(PluggableUSB.o)
 .bss._ZGVZ12PluggableUSBvE3obj
                0x2000136c        0x4 C:/Users/ankus/DOCUME~1/MATLAB/R2023a/ARDUIN~1/ARDUIN~1/FASTER~1\libcore.a(PluggableUSB.o)
 .bss._ZL14isEndpointHalt
                0x20001370        0x1 C:/Users/ankus/DOCUME~1/MATLAB/R2023a/ARDUIN~1/ARDUIN~1/FASTER~1\libcore.a(USBCore.o)
 *fill*         0x20001371        0x3 
 .bss.EndPoints
                0x20001374       0x28 C:/Users/ankus/DOCUME~1/MATLAB/R2023a/ARDUIN~1/ARDUIN~1/FASTER~1\libcore.a(USBCore.o)
                0x20001374                EndPoints
 .bss._pack_buffer
                0x2000139c      0x100 C:/Users/ankus/DOCUME~1/MATLAB/R2023a/ARDUIN~1/ARDUIN~1/FASTER~1\libcore.a(USBCore.o)
                0x2000139c                _pack_buffer
 .bss._pack_size
                0x2000149c        0x2 C:/Users/ankus/DOCUME~1/MATLAB/R2023a/ARDUIN~1/ARDUIN~1/FASTER~1\libcore.a(USBCore.o)
                0x2000149c                _pack_size
 .bss._ZL20LastTransmitTimedOut
                0x2000149e        0x7 C:/Users/ankus/DOCUME~1/MATLAB/R2023a/ARDUIN~1/ARDUIN~1/FASTER~1\libcore.a(USBCore.o)
 *fill*         0x200014a5        0x3 
 .bss._ZL22udd_ep_in_cache_buffer
                0x200014a8      0x1c0 C:/Users/ankus/DOCUME~1/MATLAB/R2023a/ARDUIN~1/ARDUIN~1/FASTER~1\libcore.a(USBCore.o)
 .bss._ZL23udd_ep_out_cache_buffer
                0x20001668      0x1c0 C:/Users/ankus/DOCUME~1/MATLAB/R2023a/ARDUIN~1/ARDUIN~1/FASTER~1\libcore.a(USBCore.o)
 .bss._ZL10epHandlers
                0x20001828       0x1c C:/Users/ankus/DOCUME~1/MATLAB/R2023a/ARDUIN~1/ARDUIN~1/FASTER~1\libcore.a(USBCore.o)
 .bss._pack_message
                0x20001844        0x1 C:/Users/ankus/DOCUME~1/MATLAB/R2023a/ARDUIN~1/ARDUIN~1/FASTER~1\libcore.a(USBCore.o)
                0x20001844                _pack_message
 .bss._ZL21isRemoteWakeUpEnabled
                0x20001845        0x1 C:/Users/ankus/DOCUME~1/MATLAB/R2023a/ARDUIN~1/ARDUIN~1/FASTER~1\libcore.a(USBCore.o)
 .bss._dry_run  0x20001846        0x1 C:/Users/ankus/DOCUME~1/MATLAB/R2023a/ARDUIN~1/ARDUIN~1/FASTER~1\libcore.a(USBCore.o)