Archive member included because of file (symbol)

c:/programdata/matlab/supportpackages/r2023a/aide/tools/arm-none-eabi-gcc/4.8.3-2014q1/bin/../lib/gcc/arm-none-eabi/4.8.3/../../../../arm-none-eabi/lib/armv6-m\libm.a(lib_a-s_ceil.o)
                              Simulation4Draft.o (ceil)
c:/programdata/matlab/supportpackages/r2023a/aide/tools/arm-none-eabi-gcc/4.8.3-2014q1/bin/../lib/gcc/arm-none-eabi/4.8.3/../../../../arm-none-eabi/lib/armv6-m\libm.a(lib_a-s_cos.o)
                              Simulation4Draft.o (cos)
c:/programdata/matlab/supportpackages/r2023a/aide/tools/arm-none-eabi-gcc/4.8.3-2014q1/bin/../lib/gcc/arm-none-eabi/4.8.3/../../../../arm-none-eabi/lib/armv6-m\libm.a(lib_a-s_floor.o)
                              Simulation4Draft.o (floor)
c:/programdata/matlab/supportpackages/r2023a/aide/tools/arm-none-eabi-gcc/4.8.3-2014q1/bin/../lib/gcc/arm-none-eabi/4.8.3/../../../../arm-none-eabi/lib/armv6-m\libm.a(lib_a-s_sin.o)
                              Simulation4Draft.o (sin)
c:/programdata/matlab/supportpackages/r2023a/aide/tools/arm-none-eabi-gcc/4.8.3-2014q1/bin/../lib/gcc/arm-none-eabi/4.8.3/../../../../arm-none-eabi/lib/armv6-m\libm.a(lib_a-w_fmod.o)
                              Simulation4Draft.o (fmod)
c:/programdata/matlab/supportpackages/r2023a/aide/tools/arm-none-eabi-gcc/4.8.3-2014q1/bin/../lib/gcc/arm-none-eabi/4.8.3/../../../../arm-none-eabi/lib/armv6-m\libm.a(lib_a-e_fmod.o)
                              c:/programdata/matlab/supportpackages/r2023a/aide/tools/arm-none-eabi-gcc/4.8.3-2014q1/bin/../lib/gcc/arm-none-eabi/4.8.3/../../../../arm-none-eabi/lib/armv6-m\libm.a(lib_a-w_fmod.o) (__ieee754_fmod)
c:/programdata/matlab/supportpackages/r2023a/aide/tools/arm-none-eabi-gcc/4.8.3-2014q1/bin/../lib/gcc/arm-none-eabi/4.8.3/../../../../arm-none-eabi/lib/armv6-m\libm.a(lib_a-e_rem_pio2.o)
                              c:/programdata/matlab/supportpackages/r2023a/aide/tools/arm-none-eabi-gcc/4.8.3-2014q1/bin/../lib/gcc/arm-none-eabi/4.8.3/../../../../arm-none-eabi/lib/armv6-m\libm.a(lib_a-s_cos.o) (__ieee754_rem_pio2)
c:/programdata/matlab/supportpackages/r2023a/aide/tools/arm-none-eabi-gcc/4.8.3-2014q1/bin/../lib/gcc/arm-none-eabi/4.8.3/../../../../arm-none-eabi/lib/armv6-m\libm.a(lib_a-k_cos.o)
                              c:/programdata/matlab/supportpackages/r2023a/aide/tools/arm-none-eabi-gcc/4.8.3-2014q1/bin/../lib/gcc/arm-none-eabi/4.8.3/../../../../arm-none-eabi/lib/armv6-m\libm.a(lib_a-s_cos.o) (__kernel_cos)
c:/programdata/matlab/supportpackages/r2023a/aide/tools/arm-none-eabi-gcc/4.8.3-2014q1/bin/../lib/gcc/arm-none-eabi/4.8.3/../../../../arm-none-eabi/lib/armv6-m\libm.a(lib_a-k_rem_pio2.o)
                              c:/programdata/matlab/supportpackages/r2023a/aide/tools/arm-none-eabi-gcc/4.8.3-2014q1/bin/../lib/gcc/arm-none-eabi/4.8.3/../../../../arm-none-eabi/lib/armv6-m\libm.a(lib_a-e_rem_pio2.o) (__kernel_rem_pio2)
c:/programdata/matlab/supportpackages/r2023a/aide/tools/arm-none-eabi-gcc/4.8.3-2014q1/bin/../lib/gcc/arm-none-eabi/4.8.3/../../../../arm-none-eabi/lib/armv6-m\libm.a(lib_a-k_sin.o)
                              c:/programdata/matlab/supportpackages/r2023a/aide/tools/arm-none-eabi-gcc/4.8.3-2014q1/bin/../lib/gcc/arm-none-eabi/4.8.3/../../../../arm-none-eabi/lib/armv6-m\libm.a(lib_a-s_cos.o) (__kernel_sin)
c:/programdata/matlab/supportpackages/r2023a/aide/tools/arm-none-eabi-gcc/4.8.3-2014q1/bin/../lib/gcc/arm-none-eabi/4.8.3/../../../../arm-none-eabi/lib/armv6-m\libm.a(lib_a-s_fabs.o)
                              c:/programdata/matlab/supportpackages/r2023a/aide/tools/arm-none-eabi-gcc/4.8.3-2014q1/bin/../lib/gcc/arm-none-eabi/4.8.3/../../../../arm-none-eabi/lib/armv6-m\libm.a(lib_a-e_rem_pio2.o) (fabs)
c:/programdata/matlab/supportpackages/r2023a/aide/tools/arm-none-eabi-gcc/4.8.3-2014q1/bin/../lib/gcc/arm-none-eabi/4.8.3/../../../../arm-none-eabi/lib/armv6-m\libm.a(lib_a-s_fpclassify.o)
                              c:/programdata/matlab/supportpackages/r2023a/aide/tools/arm-none-eabi-gcc/4.8.3-2014q1/bin/../lib/gcc/arm-none-eabi/4.8.3/../../../../arm-none-eabi/lib/armv6-m\libm.a(lib_a-w_fmod.o) (__fpclassifyd)
c:/programdata/matlab/supportpackages/r2023a/aide/tools/arm-none-eabi-gcc/4.8.3-2014q1/bin/../lib/gcc/arm-none-eabi/4.8.3/../../../../arm-none-eabi/lib/armv6-m\libm.a(lib_a-s_lib_ver.o)
                              c:/programdata/matlab/supportpackages/r2023a/aide/tools/arm-none-eabi-gcc/4.8.3-2014q1/bin/../lib/gcc/arm-none-eabi/4.8.3/../../../../arm-none-eabi/lib/armv6-m\libm.a(lib_a-w_fmod.o) (__fdlib_version)
c:/programdata/matlab/supportpackages/r2023a/aide/tools/arm-none-eabi-gcc/4.8.3-2014q1/bin/../lib/gcc/arm-none-eabi/4.8.3/../../../../arm-none-eabi/lib/armv6-m\libm.a(lib_a-s_matherr.o)
                              c:/programdata/matlab/supportpackages/r2023a/aide/tools/arm-none-eabi-gcc/4.8.3-2014q1/bin/../lib/gcc/arm-none-eabi/4.8.3/../../../../arm-none-eabi/lib/armv6-m\libm.a(lib_a-w_fmod.o) (matherr)
[...]
Memory Configuration

Name             Origin             Length             Attributes
FLASH            0x00002000         0x0003e000         xr
RAM              0x20000000         0x00008000         xrw
*default*        0x00000000         0xffffffff

Linker script and memory map

LOAD c:/programdata/matlab/supportpackages/r2023a/aide/tools/arm-none-eabi-gcc/4.8.3-2014q1/bin/../lib/gcc/arm-none-eabi/4.8.3/armv6-m/crti.o
LOAD c:/programdata/matlab/supportpackages/r2023a/aide/tools/arm-none-eabi-gcc/4.8.3-2014q1/bin/../lib/gcc/arm-none-eabi/4.8.3/armv6-m/crtbegin.o
LOAD c:/programdata/matlab/supportpackages/r2023a/aide/tools/arm-none-eabi-gcc/4.8.3-2014q1/bin/../lib/gcc/arm-none-eabi/4.8.3/../../../../arm-none-eabi/lib/armv6-m/crt0.o
START GROUP
LOAD C:/ProgramData/MATLAB/SupportPackages/R2023a/aIDE/portable/packages/arduino/tools/CMSIS/4.5.0/CMSIS/Lib/GCC\libarm_cortexM0l_math.a
LOAD rt_matrx.o
LOAD rt_printf.o
LOAD Simulation4Draft.o
LOAD Simulation4Draft_data.o
LOAD rtGetInf.o
LOAD rtGetNaN.o
LOAD rt_nonfinite.o
LOAD sfun_time.o
LOAD MW_ArduinoHWInit.o
LOAD io_wrappers.o
LOAD arduinoARM_M0plusScheduler.o
LOAD m0m1m0plus_multitasking.o
LOAD ert_main.o
LOAD C:/Users/JACKYO~1/DOCUME~1/MATLAB/R2023a/ARDUIN~1/ARDUIN~1/FASTER~1/MW_RebuildSrc_Core.o
END GROUP
LOAD c:/programdata/matlab/supportpackages/r2023a/aide/tools/arm-none-eabi-gcc/4.8.3-2014q1/bin/../lib/gcc/arm-none-eabi/4.8.3/../../../../arm-none-eabi/lib/armv6-m\libm.a
LOAD C:/Users/JACKYO~1/DOCUME~1/MATLAB/R2023a/ARDUIN~1/ARDUIN~1/FASTER~1\libcore.a
START GROUP
LOAD c:/programdata/matlab/supportpackages/r2023a/aide/tools/arm-none-eabi-gcc/4.8.3-2014q1/bin/../lib/gcc/arm-none-eabi/4.8.3/armv6-m\libgcc.a
LOAD c:/programdata/matlab/supportpackages/r2023a/aide/tools/arm-none-eabi-gcc/4.8.3-2014q1/bin/../lib/gcc/arm-none-eabi/4.8.3/../../../../arm-none-eabi/lib/armv6-m\libg_s.a
LOAD c:/programdata/matlab/supportpackages/r2023a/aide/tools/arm-none-eabi-gcc/4.8.3-2014q1/bin/../lib/gcc/arm-none-eabi/4.8.3/../../../../arm-none-eabi/lib/armv6-m\libc_s.a
END GROUP
START GROUP
LOAD c:/programdata/matlab/supportpackages/r2023a/aide/tools/arm-none-eabi-gcc/4.8.3-2014q1/bin/../lib/gcc/arm-none-eabi/4.8.3/armv6-m\libgcc.a
LOAD c:/programdata/matlab/supportpackages/r2023a/aide/tools/arm-none-eabi-gcc/4.8.3-2014q1/bin/../lib/gcc/arm-none-eabi/4.8.3/../../../../arm-none-eabi/lib/armv6-m\libc_s.a
LOAD c:/programdata/matlab/supportpackages/r2023a/aide/tools/arm-none-eabi-gcc/4.8.3-2014q1/bin/../lib/gcc/arm-none-eabi/4.8.3/../../../../arm-none-eabi/lib/armv6-m\libnosys.a
END GROUP
START GROUP
LOAD c:/programdata/matlab/supportpackages/r2023a/aide/tools/arm-none-eabi-gcc/4.8.3-2014q1/bin/../lib/gcc/arm-none-eabi/4.8.3/armv6-m\libgcc.a
LOAD c:/programdata/matlab/supportpackages/r2023a/aide/tools/arm-none-eabi-gcc/4.8.3-2014q1/bin/../lib/gcc/arm-none-eabi/4.8.3/../../../../arm-none-eabi/lib/armv6-m\libc_s.a
LOAD c:/programdata/matlab/supportpackages/r2023a/aide/tools/arm-none-eabi-gcc/4.8.3-2014q1/bin/../lib/gcc/arm-none-eabi/4.8.3/../../../../arm-none-eabi/lib/armv6-m\libnosys.a
END GROUP
LOAD c:/programdata/matlab/supportpackages/r2023a/aide/tools/arm-none-eabi-gcc/4.8.3-2014q1/bin/../lib/gcc/arm-none-eabi/4.8.3/armv6-m/crtend.o
LOAD c:/programdata/matlab/supportpackages/r2023a/aide/tools/arm-none-eabi-gcc/4.8.3-2014q1/bin/../lib/gcc/arm-none-eabi/4.8.3/armv6-m/crtn.o

.text           0x00002000     0x9a28
                0x00002000                __text_start__ = .
 *(.sketch_boot)
                0x00002000                . = ALIGN (0x2000)
 *(.isr_vector)
 .isr_vector    0x00002000       0xb4 C:/Users/JACKYO~1/DOCUME~1/MATLAB/R2023a/ARDUIN~1/ARDUIN~1/FASTER~1\libcore.a(cortex_handlers.o)
                0x00002000                exception_table
 *(.text*)
 .text          0x000020b4       0x60 c:/programdata/matlab/supportpackages/r2023a/aide/tools/arm-none-eabi-gcc/4.8.3-2014q1/bin/../lib/gcc/arm-none-eabi/4.8.3/armv6-m/crtbegin.o
 .text.binsearch_u32d
                0x00002114       0x38 Simulation4Draft.o
                0x00002114                binsearch_u32d
 .text.plook_u32d_binckan
                0x0000214c       0x84 Simulation4Draft.o
                0x0000214c                plook_u32d_binckan
 .text.Simulation4Draft_SetEventsForThisBaseStep
                0x000021d0       0x18 Simulation4Draft.o
                0x000021d0                Simulation4Draft_SetEventsForThisBaseStep
 .text.rt_modd_snf
                0x000021e8      0x1c0 Simulation4Draft.o
                0x000021e8                rt_modd_snf
 .text.rt_roundd_snf
                0x000023a8       0x90 Simulation4Draft.o
                0x000023a8                rt_roundd_snf
 .text.Simulation4Draft_step0
                0x00002438     0x1ab0 Simulation4Draft.o
                0x00002438                Simulation4Draft_step0
 .text.Simulation4Draft_step2
                0x00003ee8      0x238 Simulation4Draft.o
                0x00003ee8                Simulation4Draft_step2
 .text.Simulation4Draft_initialize
                0x00004120      0x4a8 Simulation4Draft.o
                0x00004120                Simulation4Draft_initialize
 .text.Simulation4Draft_terminate
                0x000045c8       0x18 Simulation4Draft.o
                0x000045c8                Simulation4Draft_terminate
 .text.rtGetInf
                0x000045e0       0x10 rtGetInf.o
                0x000045e0                rtGetInf
 .text.rtGetInfF
                0x000045f0        0x6 rtGetInf.o
                0x000045f0                rtGetInfF
 *fill*         0x000045f6        0x2 
 .text.rtGetMinusInf
                0x000045f8       0x10 rtGetInf.o
                0x000045f8                rtGetMinusInf
 .text.rtGetMinusInfF
                0x00004608        0x8 rtGetInf.o
                0x00004608                rtGetMinusInfF
 .text.rtGetNaN
                0x00004610       0x10 rtGetNaN.o
                0x00004610                rtGetNaN
 .text.rtGetNaNF
                0x00004620        0x8 rtGetNaN.o
                0x00004620                rtGetNaNF
 .text.rt_InitInfAndNaN
                0x00004628       0x54 rt_nonfinite.o
                0x00004628                rt_InitInfAndNaN
 .text.rtIsInf  0x0000467c       0x34 rt_nonfinite.o
                0x0000467c                rtIsInf
 .text.rtIsNaN  0x000046b0       0x24 rt_nonfinite.o
                0x000046b0                rtIsNaN
 *fill*         0x000046d4        0x4 
 .text.mdlInitializeSampleTimes
                0x000046d8       0x28 sfun_time.o
 .text.mdlStart
                0x00004700       0x14 sfun_time.o
 .text.mdlTerminate
                0x00004714        0x2 sfun_time.o
 *fill*         0x00004716        0x2 
 .text.mdlOutputs
                0x00004718       0xf0 sfun_time.o
 .text.mdlInitializeSizes
                0x00004808       0x28 sfun_time.o
 .text.sfun_time
                0x00004830       0x40 sfun_time.o
                0x00004830                sfun_time
 .text.MW_Arduino_Init
                0x00004870       0x14 MW_ArduinoHWInit.o
                0x00004870                MW_Arduino_Init
 .text.MW_Arduino_Terminate
                0x00004884        0x8 MW_ArduinoHWInit.o
                0x00004884                MW_Arduino_Terminate
 .text.MW_usbattach
                0x0000488c       0x1c io_wrappers.o
                0x0000488c                MW_usbattach
 .text.Serial_begin
                0x000048a8       0x48 io_wrappers.o
                0x000048a8                Serial_begin
 .text._ZL13Scheduler_Isrv
                0x000048f0        0xc arduinoARM_M0plusScheduler.o
 .text.resetExternalChip
                0x000048fc        0x2 arduinoARM_M0plusScheduler.o
                0x000048fc                resetExternalChip
 *fill*         0x000048fe        0x2 
 .text.RTC_Handler
                0x00004900       0x20 arduinoARM_M0plusScheduler.o
                0x00004900                RTC_Handler
 .text.Setup_SchedulerRTC
                0x00004920       0xac arduinoARM_M0plusScheduler.o
                0x00004920                Setup_SchedulerRTC
 .text.configureArduinoARM_M0plusTimer
                0x000049cc       0x14 arduinoARM_M0plusScheduler.o
                0x000049cc                configureArduinoARM_M0plusTimer
 .text.disable_rt_OneStep
                0x000049e0       0x14 arduinoARM_M0plusScheduler.o
                0x000049e0                disable_rt_OneStep
 .text.MW_Arduino_Loop
                0x000049f4        0x4 arduinoARM_M0plusScheduler.o
                0x000049f4                MW_Arduino_Loop
 .text.arm_cortex_m_call_thread_with_context_switch
                0x000049f8       0x24 m0m1m0plus_multitasking.o
                0x000049f8                arm_cortex_m_call_thread_with_context_switch
 .text.SVC_Handler
                0x00004a1c       0x2c m0m1m0plus_multitasking.o
                0x00004a1c                SVC_Handler
 .text.rt_OneStep
                0x00004a48       0x80 ert_main.o
                0x00004a48                rt_OneStep
 .text.startup.main
                0x00004ac8       0x88 ert_main.o
                0x00004ac8                main
 .text.ceil     0x00004b50      0x168 c:/programdata/matlab/supportpackages/r2023a/aide/tools/arm-none-eabi-gcc/4.8.3-2014q1/bin/../lib/gcc/arm-none-eabi/4.8.3/../../../../arm-none-eabi/lib/armv6-m\libm.a(lib_a-s_ceil.o)
                0x00004b50                ceil
 .text.cos      0x00004cb8       0xa8 c:/programdata/matlab/supportpackages/r2023a/aide/tools/arm-none-eabi-gcc/4.8.3-2014q1/bin/../lib/gcc/arm-none-eabi/4.8.3/../../../../arm-none-eabi/lib/armv6-m\libm.a(lib_a-s_cos.o)
                0x00004cb8                cos
 .text.floor    0x00004d60      0x170 c:/programdata/matlab/supportpackages/r2023a/aide/tools/arm-none-eabi-gcc/4.8.3-2014q1/bin/../lib/gcc/arm-none-eabi/4.8.3/../../../../arm-none-eabi/lib/armv6-m\libm.a(lib_a-s_floor.o)
                0x00004d60                floor
 .text.sin      0x00004ed0       0xb0 c:/programdata/matlab/supportpackages/r2023a/aide/tools/arm-none-eabi-gcc/4.8.3-2014q1/bin/../lib/gcc/arm-none-eabi/4.8.3/../../../../arm-none-eabi/lib/armv6-m\libm.a(lib_a-s_sin.o)
                0x00004ed0                sin
 .text.fmod     0x00004f80       0xd0 c:/programdata/matlab/supportpackages/r2023a/aide/tools/arm-none-eabi-gcc/4.8.3-2014q1/bin/../lib/gcc/arm-none-eabi/4.8.3/../../../../arm-none-eabi/lib/armv6-m\libm.a(lib_a-w_fmod.o)
                0x00004f80                fmod
 .text.__ieee754_fmod
                0x00005050      0x29c c:/programdata/matlab/supportpackages/r2023a/aide/tools/arm-none-eabi-gcc/4.8.3-2014q1/bin/../lib/gcc/arm-none-eabi/4.8.3/../../../../arm-none-eabi/lib/armv6-m\libm.a(lib_a-e_fmod.o)
                0x00005050                __ieee754_fmod
 *fill*         0x000052ec        0x4 
 .text.__ieee754_rem_pio2
                0x000052f0      0x478 c:/programdata/matlab/supportpackages/r2023a/aide/tools/arm-none-eabi-gcc/4.8.3-2014q1/bin/../lib/gcc/arm-none-eabi/4.8.3/../../../../arm-none-eabi/lib/armv6-m\libm.a(lib_a-e_rem_pio2.o)
                0x000052f0                __ieee754_rem_pio2
 .text.__kernel_cos
                0x00005768      0x248 c:/programdata/matlab/supportpackages/r2023a/aide/tools/arm-none-eabi-gcc/4.8.3-2014q1/bin/../lib/gcc/arm-none-eabi/4.8.3/../../../../arm-none-eabi/lib/armv6-m\libm.a(lib_a-k_cos.o)
                0x00005768                __kernel_cos
 .text.__kernel_rem_pio2
                0x000059b0      0x830 c:/programdata/matlab/supportpackages/r2023a/aide/tools/arm-none-eabi-gcc/4.8.3-2014q1/bin/../lib/gcc/arm-none-eabi/4.8.3/../../../../arm-none-eabi/lib/armv6-m\libm.a(lib_a-k_rem_pio2.o)
                0x000059b0                __kernel_rem_pio2
 .text.__kernel_sin
                0x000061e0      0x158 c:/programdata/matlab/supportpackages/r2023a/aide/tools/arm-none-eabi-gcc/4.8.3-2014q1/bin/../lib/gcc/arm-none-eabi/4.8.3/../../../../arm-none-eabi/lib/armv6-m\libm.a(lib_a-k_sin.o)
                0x000061e0                __kernel_sin
 .text.fabs     0x00006338        0x8 c:/programdata/matlab/supportpackages/r2023a/aide/tools/arm-none-eabi-gcc/4.8.3-2014q1/bin/../lib/gcc/arm-none-eabi/4.8.3/../../../../arm-none-eabi/lib/armv6-m\libm.a(lib_a-s_fabs.o)
                0x00006338                fabs
 .text.__fpclassifyd
                0x00006340       0x60 c:/programdata/matlab/supportpackages/r2023a/aide/tools/arm-none-eabi-gcc/4.8.3-2014q1/bin/../lib/gcc/arm-none-eabi/4.8.3/../../../../arm-none-eabi/lib/armv6-m\libm.a(lib_a-s_fpclassify.o)
                0x00006340                __fpclassifyd
 .text.matherr  0x000063a0        0x4 c:/programdata/matlab/supportpackages/r2023a/aide/tools/arm-none-eabi-gcc/4.8.3-2014q1/bin/../lib/gcc/arm-none-eabi/4.8.3/../../../../arm-none-eabi/lib/armv6-m\libm.a(lib_a-s_matherr.o)
                0x000063a0                matherr
 *fill*         0x000063a4        0x4 
 .text.scalbn   0x000063a8      0x110 c:/programdata/matlab/supportpackages/r2023a/aide/tools/arm-none-eabi-gcc/4.8.3-2014q1/bin/../lib/gcc/arm-none-eabi/4.8.3/../../../../arm-none-eabi/lib/armv6-m\libm.a(lib_a-s_scalbn.o)
                0x000063a8                scalbn
 .text.copysign
                0x000064b8       0x10 c:/programdata/matlab/supportpackages/r2023a/aide/tools/arm-none-eabi-gcc/4.8.3-2014q1/bin/../lib/gcc/arm-none-eabi/4.8.3/../../../../arm-none-eabi/lib/armv6-m\libm.a(lib_a-s_copysign.o)
                0x000064b8                copysign
 .text.Dummy_Handler
                0x000064c8        0x2 C:/Users/JACKYO~1/DOCUME~1/MATLAB/R2023a/ARDUIN~1/ARDUIN~1/FASTER~1\libcore.a(cortex_handlers.o)
                0x000064c8                DMAC_Handler
                0x000064c8                HardFault_Handler
                0x000064c8                AC_Handler
                0x000064c8                PendSV_Handler
                0x000064c8                NMI_Handler
                0x000064c8                TC7_Handler
                0x000064c8                SERCOM1_Handler
                0x000064c8                ADC_Handler
                0x000064c8                TCC1_Handler
                0x000064c8                TCC0_Handler
                0x000064c8                EIC_Handler
                0x000064c8                TC6_Handler
                0x000064c8                WDT_Handler
                0x000064c8                TC4_Handler
                0x000064c8                TC3_Handler
                0x000064c8                Dummy_Handler
                0x000064c8                PM_Handler
                0x000064c8                TCC2_Handler
                0x000064c8                EVSYS_Handler
                0x000064c8                SERCOM4_Handler
                0x000064c8                I2S_Handler
                0x000064c8                NVMCTRL_Handler
                0x000064c8                SERCOM0_Handler
                0x000064c8                DAC_Handler
                0x000064c8                PTC_Handler
                0x000064c8                SYSCTRL_Handler
 *fill*         0x000064ca        0x2 
 .text.USB_Handler
                0x000064cc       0x14 C:/Users/JACKYO~1/DOCUME~1/MATLAB/R2023a/ARDUIN~1/ARDUIN~1/FASTER~1\libcore.a(cortex_handlers.o)
                0x000064cc                USB_Handler
 .text.Reset_Handler
                0x000064e0       0x54 C:/Users/JACKYO~1/DOCUME~1/MATLAB/R2023a/ARDUIN~1/ARDUIN~1/FASTER~1\libcore.a(cortex_handlers.o)
                0x000064e0                Reset_Handler
 .text.SysTick_Handler
                0x00006534       0x10 C:/Users/JACKYO~1/DOCUME~1/MATLAB/R2023a/ARDUIN~1/ARDUIN~1/FASTER~1\libcore.a(cortex_handlers.o)
                0x00006534                SysTick_Handler
 .text.USB_SetHandler
                0x00006544        0xc C:/Users/JACKYO~1/DOCUME~1/MATLAB/R2023a/ARDUIN~1/ARDUIN~1/FASTER~1\libcore.a(cortex_handlers.o)
                0x00006544                USB_SetHandler
 .text.__false  0x00006550        0x4 C:/Users/JACKYO~1/DOCUME~1/MATLAB/R2023a/ARDUIN~1/ARDUIN~1/FASTER~1\libcore.a(hooks.o)
                0x00006550                sysTickHook
 .text.SysTick_DefaultHandler
                0x00006554       0x14 C:/Users/JACKYO~1/DOCUME~1/MATLAB/R2023a/ARDUIN~1/ARDUIN~1/FASTER~1\libcore.a(delay.o)
                0x00006554                SysTick_DefaultHandler
 .text.SystemInit
                0x00006568      0x198 C:/Users/JACKYO~1/DOCUME~1/MATLAB/R2023a/ARDUIN~1/ARDUIN~1/FASTER~1\libcore.a(startup.o)
                0x00006568                SystemInit
 .text.init     0x00006700       0xf0 C:/Users/JACKYO~1/DOCUME~1/MATLAB/R2023a/ARDUIN~1/ARDUIN~1/FASTER~1\libcore.a(wiring.o)
                0x00006700                init
 .text.analogReference
                0x000067f0       0x5c C:/Users/JACKYO~1/DOCUME~1/MATLAB/R2023a/ARDUIN~1/ARDUIN~1/FASTER~1\libcore.a(wiring_analog.o)
                0x000067f0                analogReference
 .text.pinMode  0x0000684c       0xb4 C:/Users/JACKYO~1/DOCUME~1/MATLAB/R2023a/ARDUIN~1/ARDUIN~1/FASTER~1\libcore.a(wiring_digital.o)
                0x0000684c                pinMode
 .text.pinPeripheral
                0x00006900       0xc4 C:/Users/JACKYO~1/DOCUME~1/MATLAB/R2023a/ARDUIN~1/ARDUIN~1/FASTER~1\libcore.a(wiring_private.o)
                0x00006900                pinPeripheral
 .text.initiateReset
                0x000069c4       0x14 C:/Users/JACKYO~1/DOCUME~1/MATLAB/R2023a/ARDUIN~1/ARDUIN~1/FASTER~1\libcore.a(Reset.o)
                0x000069c4                initiateReset
 .text.cancelReset
                0x000069d8       0x10 C:/Users/JACKYO~1/DOCUME~1/MATLAB/R2023a/ARDUIN~1/ARDUIN~1/FASTER~1\libcore.a(Reset.o)
                0x000069d8                cancelReset
 .text.tickReset
                0x000069e8       0x74 C:/Users/JACKYO~1/DOCUME~1/MATLAB/R2023a/ARDUIN~1/ARDUIN~1/FASTER~1\libcore.a(Reset.o)
                0x000069e8                tickReset
 .text._ZN4UartcvbEv
                0x00006a5c        0x4 C:/Users/JACKYO~1/DOCUME~1/MATLAB/R2023a/ARDUIN~1/ARDUIN~1/FASTER~1\libcore.a(Uart.o)
                0x00006a5c                Uart::operator bool()
 .text._ZN4Uart5beginEm
                0x00006a60       0x10 C:/Users/JACKYO~1/DOCUME~1/MATLAB/R2023a/ARDUIN~1/ARDUIN~1/FASTER~1\libcore.a(Uart.o)
                0x00006a60                Uart::begin(unsigned long)
 .text._ZN4Uart4peekEv
                0x00006a70       0x1a C:/Users/JACKYO~1/DOCUME~1/MATLAB/R2023a/ARDUIN~1/ARDUIN~1/FASTER~1\libcore.a(Uart.o)
                0x00006a70                Uart::peek()
 .text._ZN4Uart3endEv
                0x00006a8a       0x20 C:/Users/JACKYO~1/DOCUME~1/MATLAB/R2023a/ARDUIN~1/ARDUIN~1/FASTER~1\libcore.a(Uart.o)
                0x00006a8a                Uart::end()
 *fill*         0x00006aaa        0x2 
 .text._ZN4UartC2EP6SERCOMhh11SercomRXPad15SercomUartTXPadhh
                0x00006aac       0xa4 C:/Users/JACKYO~1/DOCUME~1/MATLAB/R2023a/ARDUIN~1/ARDUIN~1/FASTER~1\libcore.a(Uart.o)
                0x00006aac                Uart::Uart(SERCOM*, unsigned char, unsigned char, SercomRXPad, SercomUartTXPad, unsigned char, unsigned char)
                0x00006aac                Uart::Uart(SERCOM*, unsigned char, unsigned char, SercomRXPad, SercomUartTXPad, unsigned char, unsigned char)
 .text._ZN4UartC2EP6SERCOMhh11SercomRXPad15SercomUartTXPad
                0x00006b50       0x24 C:/Users/JACKYO~1/DOCUME~1/MATLAB/R2023a/ARDUIN~1/ARDUIN~1/FASTER~1\libcore.a(Uart.o)
                0x00006b50                Uart::Uart(SERCOM*, unsigned char, unsigned char, SercomRXPad, SercomUartTXPad)
                0x00006b50                Uart::Uart(SERCOM*, unsigned char, unsigned char, SercomRXPad, SercomUartTXPad)
 .text._ZN4Uart16extractNbStopBitEt
                0x00006b74        0xe C:/Users/JACKYO~1/DOCUME~1/MATLAB/R2023a/ARDUIN~1/ARDUIN~1/FASTER~1\libcore.a(Uart.o)
                0x00006b74                Uart::extractNbStopBit(unsigned short)
 .text._ZN4Uart15extractCharSizeEt
                0x00006b82       0x2c C:/Users/JACKYO~1/DOCUME~1/MATLAB/R2023a/ARDUIN~1/ARDUIN~1/FASTER~1\libcore.a(Uart.o)
                0x00006b82                Uart::extractCharSize(unsigned short)
 .text._ZN4Uart13extractParityEt
                0x00006bae       0x18 C:/Users/JACKYO~1/DOCUME~1/MATLAB/R2023a/ARDUIN~1/ARDUIN~1/FASTER~1\libcore.a(Uart.o)
                0x00006bae                Uart::extractParity(unsigned short)
 *fill*         0x00006bc6        0x2 
 .text._ZN4Uart5beginEmt
                0x00006bc8       0xf8 C:/Users/JACKYO~1/DOCUME~1/MATLAB/R2023a/ARDUIN~1/ARDUIN~1/FASTER~1\libcore.a(Uart.o)
                0x00006bc8                Uart::begin(unsigned long, unsigned short)
 .text._ZN11RingBufferNILi256EE9availableEv
                0x00006cc0       0x12 C:/Users/JACKYO~1/DOCUME~1/MATLAB/R2023a/ARDUIN~1/ARDUIN~1/FASTER~1\libcore.a(Uart.o)
                0x00006cc0                RingBufferN<256>::available()
 .text._ZN4Uart5flushEv
                0x00006cd2       0x1a C:/Users/JACKYO~1/DOCUME~1/MATLAB/R2023a/ARDUIN~1/ARDUIN~1/FASTER~1\libcore.a(Uart.o)
                0x00006cd2                Uart::flush()
 .text._ZN4Uart9availableEv
                0x00006cec        0xa C:/Users/JACKYO~1/DOCUME~1/MATLAB/R2023a/ARDUIN~1/ARDUIN~1/FASTER~1\libcore.a(Uart.o)
                0x00006cec                Uart::available()
 .text._ZN11RingBufferNILi256EE17availableForStoreEv
                0x00006cf6       0x1e C:/Users/JACKYO~1/DOCUME~1/MATLAB/R2023a/ARDUIN~1/ARDUIN~1/FASTER~1\libcore.a(Uart.o)
                0x00006cf6                RingBufferN<256>::availableForStore()
 .text._ZN4Uart17availableForWriteEv
                0x00006d14        0xc C:/Users/JACKYO~1/DOCUME~1/MATLAB/R2023a/ARDUIN~1/ARDUIN~1/FASTER~1\libcore.a(Uart.o)
                0x00006d14                Uart::availableForWrite()
 .text._ZN4Uart10IrqHandlerEv
                0x00006d20       0xc8 C:/Users/JACKYO~1/DOCUME~1/MATLAB/R2023a/ARDUIN~1/ARDUIN~1/FASTER~1\libcore.a(Uart.o)
                0x00006d20                Uart::IrqHandler()
 .text._ZN4Uart5writeEh
                0x00006de8       0xb4 C:/Users/JACKYO~1/DOCUME~1/MATLAB/R2023a/ARDUIN~1/ARDUIN~1/FASTER~1\libcore.a(Uart.o)
                0x00006de8                Uart::write(unsigned char)
 .text._ZN4Uart4readEv
                0x00006e9c       0x4c C:/Users/JACKYO~1/DOCUME~1/MATLAB/R2023a/ARDUIN~1/ARDUIN~1/FASTER~1\libcore.a(Uart.o)
                0x00006e9c                Uart::read()
 .text._ZN7Serial_13getDescriptorER8USBSetup
                0x00006ee8        0x4 C:/Users/JACKYO~1/DOCUME~1/MATLAB/R2023a/ARDUIN~1/ARDUIN~1/FASTER~1\libcore.a(CDC.o)
                0x00006ee8                Serial_::getDescriptor(USBSetup&)
 .text._ZThn16_N7Serial_13getDescriptorER8USBSetup
                0x00006eec       0x10 C:/Users/JACKYO~1/DOCUME~1/MATLAB/R2023a/ARDUIN~1/ARDUIN~1/FASTER~1\libcore.a(CDC.o)
                0x00006eec                non-virtual thunk to Serial_::getDescriptor(USBSetup&)
 .text._ZL5utox8mPc
                0x00006efc       0x1c C:/Users/JACKYO~1/DOCUME~1/MATLAB/R2023a/ARDUIN~1/ARDUIN~1/FASTER~1\libcore.a(CDC.o)
 .text._ZN7Serial_12getShortNameEPc
                0x00006f18       0x44 C:/Users/JACKYO~1/DOCUME~1/MATLAB/R2023a/ARDUIN~1/ARDUIN~1/FASTER~1\libcore.a(CDC.o)
                0x00006f18                Serial_::getShortName(char*)
 .text._ZThn16_N7Serial_12getShortNameEPc
                0x00006f5c       0x10 C:/Users/JACKYO~1/DOCUME~1/MATLAB/R2023a/ARDUIN~1/ARDUIN~1/FASTER~1\libcore.a(CDC.o)
                0x00006f5c                non-virtual thunk to Serial_::getShortName(char*)
 .text._ZN7Serial_14handleEndpointEi
                0x00006f6c        0x2 C:/Users/JACKYO~1/DOCUME~1/MATLAB/R2023a/ARDUIN~1/ARDUIN~1/FASTER~1\libcore.a(CDC.o)
                0x00006f6c                Serial_::handleEndpoint(int)
 *fill*         0x00006f6e        0x2 
 .text._ZThn16_N7Serial_14handleEndpointEi
                0x00006f70       0x10 C:/Users/JACKYO~1/DOCUME~1/MATLAB/R2023a/ARDUIN~1/ARDUIN~1/FASTER~1\libcore.a(CDC.o)
                0x00006f70                non-virtual thunk to Serial_::handleEndpoint(int)
 .text._ZN7Serial_17availableForWriteEv
                0x00006f80        0x4 C:/Users/JACKYO~1/DOCUME~1/MATLAB/R2023a/ARDUIN~1/ARDUIN~1/FASTER~1\libcore.a(CDC.o)
                0x00006f80                Serial_::availableForWrite()
 .text._ZN7Serial_5writeEh
                0x00006f84       0x14 C:/Users/JACKYO~1/DOCUME~1/MATLAB/R2023a/ARDUIN~1/ARDUIN~1/FASTER~1\libcore.a(CDC.o)
                0x00006f84                Serial_::write(unsigned char)
 .text._ZN7Serial_12getInterfaceEPh
                0x00006f98      0x104 C:/Users/JACKYO~1/DOCUME~1/MATLAB/R2023a/ARDUIN~1/ARDUIN~1/FASTER~1\libcore.a(CDC.o)
                0x00006f98                Serial_::getInterface(unsigned char*)
 .text._ZThn16_N7Serial_12getInterfaceEPh
                0x0000709c       0x10 C:/Users/JACKYO~1/DOCUME~1/MATLAB/R2023a/ARDUIN~1/ARDUIN~1/FASTER~1\libcore.a(CDC.o)
                0x0000709c                non-virtual thunk to Serial_::getInterface(unsigned char*)
 .text._ZN7Serial_5setupER8USBSetup
                0x000070ac       0x98 C:/Users/JACKYO~1/DOCUME~1/MATLAB/R2023a/ARDUIN~1/ARDUIN~1/FASTER~1\libcore.a(CDC.o)
                0x000070ac                Serial_::setup(USBSetup&)
 .text._ZThn16_N7Serial_5setupER8USBSetup
                0x00007144       0x10 C:/Users/JACKYO~1/DOCUME~1/MATLAB/R2023a/ARDUIN~1/ARDUIN~1/FASTER~1\libcore.a(CDC.o)
                0x00007144                non-virtual thunk to Serial_::setup(USBSetup&)
 .text._ZN7Serial_9availableEv
                0x00007154       0x20 C:/Users/JACKYO~1/DOCUME~1/MATLAB/R2023a/ARDUIN~1/ARDUIN~1/FASTER~1\libcore.a(CDC.o)
                0x00007154                Serial_::available()
 .text._ZN7Serial_5flushEv
                0x00007174       0x10 C:/Users/JACKYO~1/DOCUME~1/MATLAB/R2023a/ARDUIN~1/ARDUIN~1/FASTER~1\libcore.a(CDC.o)
                0x00007174                Serial_::flush()
 .text._ZN7Serial_5clearEv
                0x00007184       0x10 C:/Users/JACKYO~1/DOCUME~1/MATLAB/R2023a/ARDUIN~1/ARDUIN~1/FASTER~1\libcore.a(CDC.o)
                0x00007184                Serial_::clear()
 .text._ZN7Serial_5writeEPKhj
                0x00007194       0x1e C:/Users/JACKYO~1/DOCUME~1/MATLAB/R2023a/ARDUIN~1/ARDUIN~1/FASTER~1\libcore.a(CDC.o)
                0x00007194                Serial_::write(unsigned char const*, unsigned int)
 *fill*         0x000071b2        0x2 
 .text._ZN7Serial_4peekEv
                0x000071b4       0x1c C:/Users/JACKYO~1/DOCUME~1/MATLAB/R2023a/ARDUIN~1/ARDUIN~1/FASTER~1\libcore.a(CDC.o)
                0x000071b4                Serial_::peek()
 .text._ZN7Serial_4readEv
                0x000071d0       0x24 C:/Users/JACKYO~1/DOCUME~1/MATLAB/R2023a/ARDUIN~1/ARDUIN~1/FASTER~1\libcore.a(CDC.o)
                0x000071d0                Serial_::read()
 .text._ZN7Serial_C2ER14USBDeviceClass
                0x000071f4       0x4c C:/Users/JACKYO~1/DOCUME~1/MATLAB/R2023a/ARDUIN~1/ARDUIN~1/FASTER~1\libcore.a(CDC.o)
                0x000071f4                Serial_::Serial_(USBDeviceClass&)
                0x000071f4                Serial_::Serial_(USBDeviceClass&)
 .text._ZN7Serial_15enableInterruptEv
                0x00007240       0x30 C:/Users/JACKYO~1/DOCUME~1/MATLAB/R2023a/ARDUIN~1/ARDUIN~1/FASTER~1\libcore.a(CDC.o)
                0x00007240                Serial_::enableInterrupt()
 .text._ZN7Serial_5beginEm
                0x00007270        0x2 C:/Users/JACKYO~1/DOCUME~1/MATLAB/R2023a/ARDUIN~1/ARDUIN~1/FASTER~1\libcore.a(CDC.o)
                0x00007270                Serial_::begin(unsigned long)
 .text._ZN7Serial_5beginEmh
                0x00007272        0x2 C:/Users/JACKYO~1/DOCUME~1/MATLAB/R2023a/ARDUIN~1/ARDUIN~1/FASTER~1\libcore.a(CDC.o)
                0x00007272                Serial_::begin(unsigned long, unsigned char)
 .text.startup._GLOBAL__sub_I__ZN7Serial_12getInterfaceEPh
                0x00007274       0x14 C:/Users/JACKYO~1/DOCUME~1/MATLAB/R2023a/ARDUIN~1/ARDUIN~1/FASTER~1\libcore.a(CDC.o)
 .text._ZN13PluggableUSB_12getInterfaceEPh
                0x00007288       0x2a C:/Users/JACKYO~1/DOCUME~1/MATLAB/R2023a/ARDUIN~1/ARDUIN~1/FASTER~1\libcore.a(PluggableUSB.o)
                0x00007288                PluggableUSB_::getInterface(unsigned char*)
 .text._ZN13PluggableUSB_13getDescriptorER8USBSetup
                0x000072b2       0x20 C:/Users/JACKYO~1/DOCUME~1/MATLAB/R2023a/ARDUIN~1/ARDUIN~1/FASTER~1\libcore.a(PluggableUSB.o)
                0x000072b2                PluggableUSB_::getDescriptor(USBSetup&)
 .text._ZN13PluggableUSB_12getShortNameEPc
                0x000072d2       0x26 C:/Users/JACKYO~1/DOCUME~1/MATLAB/R2023a/ARDUIN~1/ARDUIN~1/FASTER~1\libcore.a(PluggableUSB.o)
                0x000072d2                PluggableUSB_::getShortName(char*)
 .text._ZN13PluggableUSB_5setupER8USBSetup
                0x000072f8       0x24 C:/Users/JACKYO~1/DOCUME~1/MATLAB/R2023a/ARDUIN~1/ARDUIN~1/FASTER~1\libcore.a(PluggableUSB.o)
                0x000072f8                PluggableUSB_::setup(USBSetup&)
 .text._ZN13PluggableUSB_14handleEndpointEi
                0x0000731c       0x1a C:/Users/JACKYO~1/DOCUME~1/MATLAB/R2023a/ARDUIN~1/ARDUIN~1/FASTER~1\libcore.a(PluggableUSB.o)
                0x0000731c                PluggableUSB_::handleEndpoint(int)
 *fill*         0x00007336        0x2 
 .text._ZN13PluggableUSB_4plugEP18PluggableUSBModule
                0x00007338       0x60 C:/Users/JACKYO~1/DOCUME~1/MATLAB/R2023a/ARDUIN~1/ARDUIN~1/FASTER~1\libcore.a(PluggableUSB.o)
                0x00007338                PluggableUSB_::plug(PluggableUSBModule*)
 .text._Z12PluggableUSBv
                0x00007398       0x20 C:/Users/JACKYO~1/DOCUME~1/MATLAB/R2023a/ARDUIN~1/ARDUIN~1/FASTER~1\libcore.a(PluggableUSB.o)
                0x00007398                PluggableUSB()
 .text._ZN26DoubleBufferedEPOutHandlerD2Ev
                0x000073b8        0xc C:/Users/JACKYO~1/DOCUME~1/MATLAB/R2023a/ARDUIN~1/ARDUIN~1/FASTER~1\libcore.a(USBCore.o)
                0x000073b8                DoubleBufferedEPOutHandler::~DoubleBufferedEPOutHandler()
                0x000073b8                DoubleBufferedEPOutHandler::~DoubleBufferedEPOutHandler()
 .text._ZN26DoubleBufferedEPOutHandlerD0Ev
                0x000073c4       0x14 C:/Users/JACKYO~1/DOCUME~1/MATLAB/R2023a/ARDUIN~1/ARDUIN~1/FASTER~1\libcore.a(USBCore.o)
                0x000073c4                DoubleBufferedEPOutHandler::~DoubleBufferedEPOutHandler()
 .text._ZN14USBDeviceClass6initEPEmm.part.7
                0x000073d8       0xbc C:/Users/JACKYO~1/DOCUME~1/MATLAB/R2023a/ARDUIN~1/ARDUIN~1/FASTER~1\libcore.a(USBCore.o)
 .text._ZN7__GuardC2Ev
                0x00007494        0xe C:/Users/JACKYO~1/DOCUME~1/MATLAB/R2023a/ARDUIN~1/ARDUIN~1/FASTER~1\libcore.a(USBCore.o)
                0x00007494                __Guard::__Guard()
                0x00007494                __Guard::__Guard()
 .text._ZN7__GuardD2Ev
                0x000074a2        0xe C:/Users/JACKYO~1/DOCUME~1/MATLAB/R2023a/ARDUIN~1/ARDUIN~1/FASTER~1\libcore.a(USBCore.o)
                0x000074a2                __Guard::~__Guard()
                0x000074a2                __Guard::~__Guard()
 .text._ZNK26DoubleBufferedEPOutHandler10_availableEv
                0x000074b0       0x72 C:/Users/JACKYO~1/DOCUME~1/MATLAB/R2023a/ARDUIN~1/ARDUIN~1/FASTER~1\libcore.a(USBCore.o)
                0x000074b0                DoubleBufferedEPOutHandler::_available() const
 *fill*         0x00007522        0x2 
 .text._ZN26DoubleBufferedEPOutHandler7releaseEv
                0x00007524       0x38 C:/Users/JACKYO~1/DOCUME~1/MATLAB/R2023a/ARDUIN~1/ARDUIN~1/FASTER~1\libcore.a(USBCore.o)
                0x00007524                DoubleBufferedEPOutHandler::release()
 .text._ZN26DoubleBufferedEPOutHandler14handleEndpointEv
                0x0000755c       0xe4 C:/Users/JACKYO~1/DOCUME~1/MATLAB/R2023a/ARDUIN~1/ARDUIN~1/FASTER~1\libcore.a(USBCore.o)
                0x0000755c                DoubleBufferedEPOutHandler::handleEndpoint()
 .text._ZN26DoubleBufferedEPOutHandler5_recvEv
                0x00007640      0x18e C:/Users/JACKYO~1/DOCUME~1/MATLAB/R2023a/ARDUIN~1/ARDUIN~1/FASTER~1\libcore.a(USBCore.o)
                0x00007640                DoubleBufferedEPOutHandler::_recv()
 .text._ZN26DoubleBufferedEPOutHandler9availableEv
                0x000077ce       0x18 C:/Users/JACKYO~1/DOCUME~1/MATLAB/R2023a/ARDUIN~1/ARDUIN~1/FASTER~1\libcore.a(USBCore.o)
                0x000077ce                DoubleBufferedEPOutHandler::available()
 .text._ZN26DoubleBufferedEPOutHandler4peekEv
                0x000077e6       0x22 C:/Users/JACKYO~1/DOCUME~1/MATLAB/R2023a/ARDUIN~1/ARDUIN~1/FASTER~1\libcore.a(USBCore.o)
                0x000077e6                DoubleBufferedEPOutHandler::peek()
 .text._ZN26DoubleBufferedEPOutHandler4recvEPvm
                0x00007808       0x66 C:/Users/JACKYO~1/DOCUME~1/MATLAB/R2023a/ARDUIN~1/ARDUIN~1/FASTER~1\libcore.a(USBCore.o)
                0x00007808                DoubleBufferedEPOutHandler::recv(void*, unsigned long)
 .text._ZN14USBDeviceClass14SendInterfacesEPm
                0x0000786e       0x20 C:/Users/JACKYO~1/DOCUME~1/MATLAB/R2023a/ARDUIN~1/ARDUIN~1/FASTER~1\libcore.a(USBCore.o)
                0x0000786e                USBDeviceClass::SendInterfaces(unsigned long*)
 *fill*         0x0000788e        0x2 
 .text._ZN14USBDeviceClass4initEv
                0x00007890      0x144 C:/Users/JACKYO~1/DOCUME~1/MATLAB/R2023a/ARDUIN~1/ARDUIN~1/FASTER~1\libcore.a(USBCore.o)
                0x00007890                USBDeviceClass::init()
 .text._ZN14USBDeviceClass6attachEv
                0x000079d4       0x34 C:/Users/JACKYO~1/DOCUME~1/MATLAB/R2023a/ARDUIN~1/ARDUIN~1/FASTER~1\libcore.a(USBCore.o)
                0x000079d4                USBDeviceClass::attach()
 .text._ZN14USBDeviceClass10setAddressEm
                0x00007a08       0x48 C:/Users/JACKYO~1/DOCUME~1/MATLAB/R2023a/ARDUIN~1/ARDUIN~1/FASTER~1\libcore.a(USBCore.o)
                0x00007a08                USBDeviceClass::setAddress(unsigned long)
 .text._ZN14USBDeviceClass25handleClassInterfaceSetupER8USBSetup
                0x00007a50       0x24 C:/Users/JACKYO~1/DOCUME~1/MATLAB/R2023a/ARDUIN~1/ARDUIN~1/FASTER~1\libcore.a(USBCore.o)
                0x00007a50                USBDeviceClass::handleClassInterfaceSetup(USBSetup&)
 .text._ZN14USBDeviceClass6initEPEmm
                0x00007a74      0x124 C:/Users/JACKYO~1/DOCUME~1/MATLAB/R2023a/ARDUIN~1/ARDUIN~1/FASTER~1\libcore.a(USBCore.o)
                0x00007a74                USBDeviceClass::initEP(unsigned long, unsigned long)
 .text._ZN14USBDeviceClass13initEndpointsEv
                0x00007b98       0x24 C:/Users/JACKYO~1/DOCUME~1/MATLAB/R2023a/ARDUIN~1/ARDUIN~1/FASTER~1\libcore.a(USBCore.o)
                0x00007b98                USBDeviceClass::initEndpoints()
 .text._ZN14USBDeviceClass5clearEm
                0x00007bbc       0x38 C:/Users/JACKYO~1/DOCUME~1/MATLAB/R2023a/ARDUIN~1/ARDUIN~1/FASTER~1\libcore.a(USBCore.o)
                0x00007bbc                USBDeviceClass::clear(unsigned long)
 .text._ZN14USBDeviceClass9availableEm
                0x00007bf4       0x2c C:/Users/JACKYO~1/DOCUME~1/MATLAB/R2023a/ARDUIN~1/ARDUIN~1/FASTER~1\libcore.a(USBCore.o)
                0x00007bf4                USBDeviceClass::available(unsigned long)
 .text._ZN14USBDeviceClass5flushEm
                0x00007c20       0x2c C:/Users/JACKYO~1/DOCUME~1/MATLAB/R2023a/ARDUIN~1/ARDUIN~1/FASTER~1\libcore.a(USBCore.o)
                0x00007c20                USBDeviceClass::flush(unsigned long)
 .text._ZN14USBDeviceClass4recvEmPvm
                0x00007c4c       0xc4 C:/Users/JACKYO~1/DOCUME~1/MATLAB/R2023a/ARDUIN~1/ARDUIN~1/FASTER~1\libcore.a(USBCore.o)
                0x00007c4c                USBDeviceClass::recv(unsigned long, void*, unsigned long)
 .text._ZN14USBDeviceClass4recvEm
                0x00007d10       0x1c C:/Users/JACKYO~1/DOCUME~1/MATLAB/R2023a/ARDUIN~1/ARDUIN~1/FASTER~1\libcore.a(USBCore.o)
                0x00007d10                USBDeviceClass::recv(unsigned long)
 .text._ZN14USBDeviceClass14armRecvCtrlOUTEm
                0x00007d2c       0x60 C:/Users/JACKYO~1/DOCUME~1/MATLAB/R2023a/ARDUIN~1/ARDUIN~1/FASTER~1\libcore.a(USBCore.o)
                0x00007d2c                USBDeviceClass::armRecvCtrlOUT(unsigned long)
 .text._ZN14USBDeviceClass11recvControlEPvm
                0x00007d8c       0x28 C:/Users/JACKYO~1/DOCUME~1/MATLAB/R2023a/ARDUIN~1/ARDUIN~1/FASTER~1\libcore.a(USBCore.o)
                0x00007d8c                USBDeviceClass::recvControl(void*, unsigned long)
 .text._ZN14USBDeviceClass4sendEmPKvm
                0x00007db4      0x11c C:/Users/JACKYO~1/DOCUME~1/MATLAB/R2023a/ARDUIN~1/ARDUIN~1/FASTER~1\libcore.a(USBCore.o)
                0x00007db4                USBDeviceClass::send(unsigned long, void const*, unsigned long)
 .text._ZN14USBDeviceClass7armSendEmPKvm
                0x00007ed0       0x48 C:/Users/JACKYO~1/DOCUME~1/MATLAB/R2023a/ARDUIN~1/ARDUIN~1/FASTER~1\libcore.a(USBCore.o)
                0x00007ed0                USBDeviceClass::armSend(unsigned long, void const*, unsigned long)
 .text._ZN14USBDeviceClass11sendControlEPKvm
                0x00007f18       0x58 C:/Users/JACKYO~1/DOCUME~1/MATLAB/R2023a/ARDUIN~1/ARDUIN~1/FASTER~1\libcore.a(USBCore.o)
                0x00007f18                USBDeviceClass::sendControl(void const*, unsigned long)
 .text._ZN14USBDeviceClass20sendStringDescriptorEPKhm
                0x00007f70       0x68 C:/Users/JACKYO~1/DOCUME~1/MATLAB/R2023a/ARDUIN~1/ARDUIN~1/FASTER~1\libcore.a(USBCore.o)
                0x00007f70                USBDeviceClass::sendStringDescriptor(unsigned char const*, unsigned long)
 .text._ZN14USBDeviceClass12packMessagesEb.part.6
                0x00007fd8       0x20 C:/Users/JACKYO~1/DOCUME~1/MATLAB/R2023a/ARDUIN~1/ARDUIN~1/FASTER~1\libcore.a(USBCore.o)
 .text._ZN14USBDeviceClass17sendConfigurationEm
                0x00007ff8       0x90 C:/Users/JACKYO~1/DOCUME~1/MATLAB/R2023a/ARDUIN~1/ARDUIN~1/FASTER~1\libcore.a(USBCore.o)
                0x00007ff8                USBDeviceClass::sendConfiguration(unsigned long)
 .text._ZN14USBDeviceClass14sendDescriptorER8USBSetup
                0x00008088       0xec C:/Users/JACKYO~1/DOCUME~1/MATLAB/R2023a/ARDUIN~1/ARDUIN~1/FASTER~1\libcore.a(USBCore.o)
                0x00008088                USBDeviceClass::sendDescriptor(USBSetup&)
 .text._ZN14USBDeviceClass7sendZlpEm
                0x00008174       0x18 C:/Users/JACKYO~1/DOCUME~1/MATLAB/R2023a/ARDUIN~1/ARDUIN~1/FASTER~1\libcore.a(USBCore.o)
                0x00008174                USBDeviceClass::sendZlp(unsigned long)
 .text._ZN14USBDeviceClass19handleStandardSetupER8USBSetup
                0x0000818c       0xfc C:/Users/JACKYO~1/DOCUME~1/MATLAB/R2023a/ARDUIN~1/ARDUIN~1/FASTER~1\libcore.a(USBCore.o)
                0x0000818c                USBDeviceClass::handleStandardSetup(USBSetup&)
 .text._ZN14USBDeviceClass10ISRHandlerEv
                0x00008288      0x10c C:/Users/JACKYO~1/DOCUME~1/MATLAB/R2023a/ARDUIN~1/ARDUIN~1/FASTER~1\libcore.a(USBCore.o)
                0x00008288                USBDeviceClass::ISRHandler()
 .text.UDD_Handler
                0x00008394       0x10 C:/Users/JACKYO~1/DOCUME~1/MATLAB/R2023a/ARDUIN~1/ARDUIN~1/FASTER~1\libcore.a(USBCore.o)
                0x00008394                UDD_Handler
 .text.startup._GLOBAL__sub_I_usbd
                0x000083a4       0x10 C:/Users/JACKYO~1/DOCUME~1/MATLAB/R2023a/ARDUIN~1/ARDUIN~1/FASTER~1\libcore.a(USBCore.o)
 .text.SERCOM5_Handler
                0x000083b4       0x10 C:/Users/JACKYO~1/DOCUME~1/MATLAB/R2023a/ARDUIN~1/ARDUIN~1/FASTER~1\libcore.a(variant.o)
                0x000083b4                SERCOM5_Handler
 .text.SERCOM3_Handler
                0x000083c4       0x10 C:/Users/JACKYO~1/DOCUME~1/MATLAB/R2023a/ARDUIN~1/ARDUIN~1/FASTER~1\libcore.a(variant.o)
                0x000083c4                SERCOM3_Handler
 .text.SERCOM2_Handler
                0x000083d4       0x10 C:/Users/JACKYO~1/DOCUME~1/MATLAB/R2023a/ARDUIN~1/ARDUIN~1/FASTER~1\libcore.a(variant.o)
                0x000083d4                SERCOM2_Handler
 .text.startup._GLOBAL__sub_I_g_APinDescription
                0x000083e4       0xbc C:/Users/JACKYO~1/DOCUME~1/MATLAB/R2023a/ARDUIN~1/ARDUIN~1/FASTER~1\libcore.a(variant.o)
 .text._Znwj    0x000084a0        0x8 C:/Users/JACKYO~1/DOCUME~1/MATLAB/R2023a/ARDUIN~1/ARDUIN~1/FASTER~1\libcore.a(new.o)
                0x000084a0                operator new(unsigned int)
 .text._ZdlPv   0x000084a8        0x8 C:/Users/JACKYO~1/DOCUME~1/MATLAB/R2023a/ARDUIN~1/ARDUIN~1/FASTER~1\libcore.a(new.o)
                0x000084a8                operator delete(void*)
 .text._ZN5Print5writeEPKhj
                0x000084b0       0x28 C:/Users/JACKYO~1/DOCUME~1/MATLAB/R2023a/ARDUIN~1/ARDUIN~1/FASTER~1\libcore.a(Print.o)
                0x000084b0                Print::write(unsigned char const*, unsigned int)
 .text._ZN6SERCOMC2EP6Sercom
                0x000084d8        0x4 C:/Users/JACKYO~1/DOCUME~1/MATLAB/R2023a/ARDUIN~1/ARDUIN~1/FASTER~1\libcore.a(SERCOM.o)
                0x000084d8                SERCOM::SERCOM(Sercom*)
                0x000084d8                SERCOM::SERCOM(Sercom*)
 .text._ZN6SERCOM9initFrameE18SercomUartCharSize15SercomDataOrder16SercomParityMode19SercomNumberStopBit
                0x000084dc       0x38 C:/Users/JACKYO~1/DOCUME~1/MATLAB/R2023a/ARDUIN~1/ARDUIN~1/FASTER~1\libcore.a(SERCOM.o)
                0x000084dc                SERCOM::initFrame(SercomUartCharSize, SercomDataOrder, SercomParityMode, SercomNumberStopBit)
 .text._ZN6SERCOM8initPadsE15SercomUartTXPad11SercomRXPad
                0x00008514       0x26 C:/Users/JACKYO~1/DOCUME~1/MATLAB/R2023a/ARDUIN~1/ARDUIN~1/FASTER~1\libcore.a(SERCOM.o)
                0x00008514                SERCOM::initPads(SercomUartTXPad, SercomRXPad)
 .text._ZN6SERCOM9resetUARTEv
                0x0000853a       0x1c C:/Users/JACKYO~1/DOCUME~1/MATLAB/R2023a/ARDUIN~1/ARDUIN~1/FASTER~1\libcore.a(SERCOM.o)
                0x0000853a                SERCOM::resetUART()
 .text._ZN6SERCOM10enableUARTEv
                0x00008556       0x14 C:/Users/JACKYO~1/DOCUME~1/MATLAB/R2023a/ARDUIN~1/ARDUIN~1/FASTER~1\libcore.a(SERCOM.o)
                0x00008556                SERCOM::enableUART()
 .text._ZN6SERCOM9flushUARTEv
                0x0000856a       0x10 C:/Users/JACKYO~1/DOCUME~1/MATLAB/R2023a/ARDUIN~1/ARDUIN~1/FASTER~1\libcore.a(SERCOM.o)
                0x0000856a                SERCOM::flushUART()
 .text._ZN6SERCOM15clearStatusUARTEv
                0x0000857a        0x8 C:/Users/JACKYO~1/DOCUME~1/MATLAB/R2023a/ARDUIN~1/ARDUIN~1/FASTER~1\libcore.a(SERCOM.o)
                0x0000857a                SERCOM::clearStatusUART()
 .text._ZN6SERCOM17availableDataUARTEv
                0x00008582        0xa C:/Users/JACKYO~1/DOCUME~1/MATLAB/R2023a/ARDUIN~1/ARDUIN~1/FASTER~1\libcore.a(SERCOM.o)
                0x00008582                SERCOM::availableDataUART()
 .text._ZN6SERCOM11isUARTErrorEv
                0x0000858c        0x8 C:/Users/JACKYO~1/DOCUME~1/MATLAB/R2023a/ARDUIN~1/ARDUIN~1/FASTER~1\libcore.a(SERCOM.o)
                0x0000858c                SERCOM::isUARTError()
 .text._ZN6SERCOM20acknowledgeUARTErrorEv
                0x00008594        0xe C:/Users/JACKYO~1/DOCUME~1/MATLAB/R2023a/ARDUIN~1/ARDUIN~1/FASTER~1\libcore.a(SERCOM.o)
                0x00008594                SERCOM::acknowledgeUARTError()
 .text._ZN6SERCOM16isFrameErrorUARTEv
                0x000085a2        0xa C:/Users/JACKYO~1/DOCUME~1/MATLAB/R2023a/ARDUIN~1/ARDUIN~1/FASTER~1\libcore.a(SERCOM.o)
                0x000085a2                SERCOM::isFrameErrorUART()
 .text._ZN6SERCOM19clearFrameErrorUARTEv
                0x000085ac        0xc C:/Users/JACKYO~1/DOCUME~1/MATLAB/R2023a/ARDUIN~1/ARDUIN~1/FASTER~1\libcore.a(SERCOM.o)
                0x000085ac                SERCOM::clearFrameErrorUART()
 .text._ZN6SERCOM23isDataRegisterEmptyUARTEv
                0x000085b8        0xa C:/Users/JACKYO~1/DOCUME~1/MATLAB/R2023a/ARDUIN~1/ARDUIN~1/FASTER~1\libcore.a(SERCOM.o)
                0x000085b8                SERCOM::isDataRegisterEmptyUART()
 .text._ZN6SERCOM12readDataUARTEv
                0x000085c2        0x8 C:/Users/JACKYO~1/DOCUME~1/MATLAB/R2023a/ARDUIN~1/ARDUIN~1/FASTER~1\libcore.a(SERCOM.o)
                0x000085c2                SERCOM::readDataUART()
 .text._ZN6SERCOM13writeDataUARTEh
                0x000085ca        0xe C:/Users/JACKYO~1/DOCUME~1/MATLAB/R2023a/ARDUIN~1/ARDUIN~1/FASTER~1\libcore.a(SERCOM.o)
                0x000085ca                SERCOM::writeDataUART(unsigned char)
 .text._ZN6SERCOM36enableDataRegisterEmptyInterruptUARTEv
                0x000085d8        0x8 C:/Users/JACKYO~1/DOCUME~1/MATLAB/R2023a/ARDUIN~1/ARDUIN~1/FASTER~1\libcore.a(SERCOM.o)
                0x000085d8                SERCOM::enableDataRegisterEmptyInterruptUART()
 .text._ZN6SERCOM37disableDataRegisterEmptyInterruptUARTEv
                0x000085e0        0x8 C:/Users/JACKYO~1/DOCUME~1/MATLAB/R2023a/ARDUIN~1/ARDUIN~1/FASTER~1\libcore.a(SERCOM.o)
                0x000085e0                SERCOM::disableDataRegisterEmptyInterruptUART()
 .text._ZN6SERCOM13initClockNVICEv
                0x000085e8       0xac C:/Users/JACKYO~1/DOCUME~1/MATLAB/R2023a/ARDUIN~1/ARDUIN~1/FASTER~1\libcore.a(SERCOM.o)
                0x000085e8                SERCOM::initClockNVIC()
 .text._ZN6SERCOM8initUARTE14SercomUartMode20SercomUartSampleRatem
                0x00008694       0x6c C:/Users/JACKYO~1/DOCUME~1/MATLAB/R2023a/ARDUIN~1/ARDUIN~1/FASTER~1\libcore.a(SERCOM.o)
                0x00008694                SERCOM::initUART(SercomUartMode, SercomUartSampleRate, unsigned long)
 .text          0x00008700       0x14 c:/programdata/matlab/supportpackages/r2023a/aide/tools/arm-none-eabi-gcc/4.8.3-2014q1/bin/../lib/gcc/arm-none-eabi/4.8.3/armv6-m\libgcc.a(_thumb1_case_uqi.o)
                0x00008700                __gnu_thumb1_case_uqi
 .text          0x00008714       0x14 c:/programdata/matlab/supportpackages/r2023a/aide/tools/arm-none-eabi-gcc/4.8.3-2014q1/bin/../lib/gcc/arm-none-eabi/4.8.3/armv6-m\libgcc.a(_thumb1_case_uhi.o)
                0x00008714                __gnu_thumb1_case_uhi
 .text          0x00008728       0x9c c:/programdata/matlab/supportpackages/r2023a/aide/tools/arm-none-eabi-gcc/4.8.3-2014q1/bin/../lib/gcc/arm-none-eabi/4.8.3/armv6-m\libgcc.a(_udivsi3.o)
                0x00008728                __aeabi_uidiv
                0x00008728                __udivsi3
                0x000087b0                __aeabi_uidivmod
 .text          0x000087c4       0xc0 c:/programdata/matlab/supportpackages/r2023a/aide/tools/arm-none-eabi-gcc/4.8.3-2014q1/bin/../lib/gcc/arm-none-eabi/4.8.3/armv6-m\libgcc.a(_divsi3.o)
                0x000087c4                __divsi3
                0x000087c4                __aeabi_idiv
                0x00008870                __aeabi_idivmod
 .text          0x00008884        0x4 c:/programdata/matlab/supportpackages/r2023a/aide/tools/arm-none-eabi-gcc/4.8.3-2014q1/bin/../lib/gcc/arm-none-eabi/4.8.3/armv6-m\libgcc.a(_dvmd_tls.o)
                0x00008884                __aeabi_idiv0
                0x00008884                __aeabi_ldiv0
 .text          0x00008888       0x7c c:/programdata/matlab/supportpackages/r2023a/aide/tools/arm-none-eabi-gcc/4.8.3-2014q1/bin/../lib/gcc/arm-none-eabi/4.8.3/armv6-m\libgcc.a(_arm_cmpdf2.o)
                0x00008888                __aeabi_cdrcmple
                0x00008898                __aeabi_cdcmple
                0x00008898                __aeabi_cdcmpeq
                0x000088a8                __aeabi_dcmpeq
                0x000088b4                __aeabi_dcmplt
                0x000088c8                __aeabi_dcmple
                0x000088dc                __aeabi_dcmpgt
                0x000088f0                __aeabi_dcmpge
 .text          0x00008904       0x74 c:/programdata/matlab/supportpackages/r2023a/aide/tools/arm-none-eabi-gcc/4.8.3-2014q1/bin/../lib/gcc/arm-none-eabi/4.8.3/armv6-m\libgcc.a(_arm_cmpsf2.o)
                0x00008904                __aeabi_cfrcmple
                0x0000890c                __aeabi_cfcmpeq
                0x0000890c                __aeabi_cfcmple
                0x0000891c                __aeabi_fcmpeq
                0x00008928                __aeabi_fcmplt
                0x0000893c                __aeabi_fcmple
                0x00008950                __aeabi_fcmpgt
                0x00008964                __aeabi_fcmpge
 .text          0x00008978       0x54 c:/programdata/matlab/supportpackages/r2023a/aide/tools/arm-none-eabi-gcc/4.8.3-2014q1/bin/../lib/gcc/arm-none-eabi/4.8.3/armv6-m\libgcc.a(eqsf2.o)
                0x00008978                __eqsf2
                0x00008978                __nesf2
 .text          0x000089cc       0x90 c:/programdata/matlab/supportpackages/r2023a/aide/tools/arm-none-eabi-gcc/4.8.3-2014q1/bin/../lib/gcc/arm-none-eabi/4.8.3/armv6-m\libgcc.a(gesf2.o)
                0x000089cc                __gesf2
                0x000089cc                __gtsf2
 .text          0x00008a5c       0x98 c:/programdata/matlab/supportpackages/r2023a/aide/tools/arm-none-eabi-gcc/4.8.3-2014q1/bin/../lib/gcc/arm-none-eabi/4.8.3/armv6-m\libgcc.a(lesf2.o)
                0x00008a5c                __ltsf2
                0x00008a5c                __lesf2
 .text          0x00008af4      0x638 c:/programdata/matlab/supportpackages/r2023a/aide/tools/arm-none-eabi-gcc/4.8.3-2014q1/bin/../lib/gcc/arm-none-eabi/4.8.3/armv6-m\libgcc.a(adddf3.o)
                0x00008af4                __aeabi_dadd
 .text          0x0000912c      0x648 c:/programdata/matlab/supportpackages/r2023a/aide/tools/arm-none-eabi-gcc/4.8.3-2014q1/bin/../lib/gcc/arm-none-eabi/4.8.3/armv6-m\libgcc.a(divdf3.o)
                0x0000912c                __aeabi_ddiv
 .text          0x00009774       0x94 c:/programdata/matlab/supportpackages/r2023a/aide/tools/arm-none-eabi-gcc/4.8.3-2014q1/bin/../lib/gcc/arm-none-eabi/4.8.3/armv6-m\libgcc.a(eqdf2.o)
                0x00009774                __nedf2
                0x00009774                __eqdf2
 .text          0x00009808       0xfc c:/programdata/matlab/supportpackages/r2023a/aide/tools/arm-none-eabi-gcc/4.8.3-2014q1/bin/../lib/gcc/arm-none-eabi/4.8.3/armv6-m\libgcc.a(gedf2.o)
                0x00009808                __gedf2
                0x00009808                __gtdf2
 .text          0x00009904       0xfc c:/programdata/matlab/supportpackages/r2023a/aide/tools/arm-none-eabi-gcc/4.8.3-2014q1/bin/../lib/gcc/arm-none-eabi/4.8.3/armv6-m\libgcc.a(ledf2.o)
                0x00009904                __ledf2
                0x00009904                __ltdf2
 .text          0x00009a00      0x520 c:/programdata/matlab/supportpackages/r2023a/aide/tools/arm-none-eabi-gcc/4.8.3-2014q1/bin/../lib/gcc/arm-none-eabi/4.8.3/armv6-m\libgcc.a(muldf3.o)
                0x00009a00                __aeabi_dmul
 .text          0x00009f20      0x654 c:/programdata/matlab/supportpackages/r2023a/aide/tools/arm-none-eabi-gcc/4.8.3-2014q1/bin/../lib/gcc/arm-none-eabi/4.8.3/armv6-m\libgcc.a(subdf3.o)
                0x00009f20                __aeabi_dsub
 .text          0x0000a574       0x68 c:/programdata/matlab/supportpackages/r2023a/aide/tools/arm-none-eabi-gcc/4.8.3-2014q1/bin/../lib/gcc/arm-none-eabi/4.8.3/armv6-m\libgcc.a(fixdfsi.o)
                0x0000a574                __aeabi_d2iz
 .text          0x0000a5dc       0x7c c:/programdata/matlab/supportpackages/r2023a/aide/tools/arm-none-eabi-gcc/4.8.3-2014q1/bin/../lib/gcc/arm-none-eabi/4.8.3/armv6-m\libgcc.a(floatsidf.o)
                0x0000a5dc                __aeabi_i2d
 .text          0x0000a658       0x68 c:/programdata/matlab/supportpackages/r2023a/aide/tools/arm-none-eabi-gcc/4.8.3-2014q1/bin/../lib/gcc/arm-none-eabi/4.8.3/armv6-m\libgcc.a(floatunsidf.o)
                0x0000a658                __aeabi_ui2d
 .text          0x0000a6c0       0x3c c:/programdata/matlab/supportpackages/r2023a/aide/tools/arm-none-eabi-gcc/4.8.3-2014q1/bin/../lib/gcc/arm-none-eabi/4.8.3/armv6-m\libgcc.a(_clzsi2.o)
                0x0000a6c0                __clzsi2
 .text.clock    0x0000a6fc       0x28 c:/programdata/matlab/supportpackages/r2023a/aide/tools/arm-none-eabi-gcc/4.8.3-2014q1/bin/../lib/gcc/arm-none-eabi/4.8.3/../../../../arm-none-eabi/lib/armv6-m\libg_s.a(lib_a-clock.o)
                0x0000a6fc                clock
 .text.__errno  0x0000a724        0xc c:/programdata/matlab/supportpackages/r2023a/aide/tools/arm-none-eabi-gcc/4.8.3-2014q1/bin/../lib/gcc/arm-none-eabi/4.8.3/../../../../arm-none-eabi/lib/armv6-m\libg_s.a(lib_a-errno.o)
                0x0000a724                __errno
 .text.__libc_init_array
                0x0000a730       0x4c c:/programdata/matlab/supportpackages/r2023a/aide/tools/arm-none-eabi-gcc/4.8.3-2014q1/bin/../lib/gcc/arm-none-eabi/4.8.3/../../../../arm-none-eabi/lib/armv6-m\libg_s.a(lib_a-init.o)
                0x0000a730                __libc_init_array
 .text.malloc   0x0000a77c       0x14 c:/programdata/matlab/supportpackages/r2023a/aide/tools/arm-none-eabi-gcc/4.8.3-2014q1/bin/../lib/gcc/arm-none-eabi/4.8.3/../../../../arm-none-eabi/lib/armv6-m\libg_s.a(lib_a-malloc.o)
                0x0000a77c                malloc
 .text.free     0x0000a790       0x14 c:/programdata/matlab/supportpackages/r2023a/aide/tools/arm-none-eabi-gcc/4.8.3-2014q1/bin/../lib/gcc/arm-none-eabi/4.8.3/../../../../arm-none-eabi/lib/armv6-m\libg_s.a(lib_a-malloc.o)
                0x0000a790                free
 .text.memcpy   0x0000a7a4       0x12 c:/programdata/matlab/supportpackages/r2023a/aide/tools/arm-none-eabi-gcc/4.8.3-2014q1/bin/../lib/gcc/arm-none-eabi/4.8.3/../../../../arm-none-eabi/lib/armv6-m\libg_s.a(lib_a-memcpy-stub.o)
                0x0000a7a4                memcpy
 .text.memset   0x0000a7b6       0x10 c:/programdata/matlab/supportpackages/r2023a/aide/tools/arm-none-eabi-gcc/4.8.3-2014q1/bin/../lib/gcc/arm-none-eabi/4.8.3/../../../../arm-none-eabi/lib/armv6-m\libg_s.a(lib_a-memset.o)
                0x0000a7b6                memset
 *fill*         0x0000a7c6        0x2 
 .text._free_r  0x0000a7c8       0x90 c:/programdata/matlab/supportpackages/r2023a/aide/tools/arm-none-eabi-gcc/4.8.3-2014q1/bin/../lib/gcc/arm-none-eabi/4.8.3/../../../../arm-none-eabi/lib/armv6-m\libg_s.a(lib_a-nano-freer.o)
                0x0000a7c8                _free_r
 .text._malloc_r
                0x0000a858       0xa8 c:/programdata/matlab/supportpackages/r2023a/aide/tools/arm-none-eabi-gcc/4.8.3-2014q1/bin/../lib/gcc/arm-none-eabi/4.8.3/../../../../arm-none-eabi/lib/armv6-m\libg_s.a(lib_a-nano-mallocr.o)
                0x0000a858                _malloc_r
 .text._sbrk_r  0x0000a900       0x24 c:/programdata/matlab/supportpackages/r2023a/aide/tools/arm-none-eabi-gcc/4.8.3-2014q1/bin/../lib/gcc/arm-none-eabi/4.8.3/../../../../arm-none-eabi/lib/armv6-m\libg_s.a(lib_a-sbrkr.o)
                0x0000a900                _sbrk_r
 .text.strlen   0x0000a924        0xe c:/programdata/matlab/supportpackages/r2023a/aide/tools/arm-none-eabi-gcc/4.8.3-2014q1/bin/../lib/gcc/arm-none-eabi/4.8.3/../../../../arm-none-eabi/lib/armv6-m\libg_s.a(lib_a-strlen.o)
                0x0000a924                strlen
 .text._times_r
                0x0000a932        0xa c:/programdata/matlab/supportpackages/r2023a/aide/tools/arm-none-eabi-gcc/4.8.3-2014q1/bin/../lib/gcc/arm-none-eabi/4.8.3/../../../../arm-none-eabi/lib/armv6-m\libg_s.a(lib_a-timesr.o)
                0x0000a932                _times_r
 .text._sbrk    0x0000a93c       0x34 c:/programdata/matlab/supportpackages/r2023a/aide/tools/arm-none-eabi-gcc/4.8.3-2014q1/bin/../lib/gcc/arm-none-eabi/4.8.3/../../../../arm-none-eabi/lib/armv6-m\libnosys.a(sbrk.o)
                0x0000a93c                _sbrk
 .text._times   0x0000a970       0x10 c:/programdata/matlab/supportpackages/r2023a/aide/tools/arm-none-eabi-gcc/4.8.3-2014q1/bin/../lib/gcc/arm-none-eabi/4.8.3/../../../../arm-none-eabi/lib/armv6-m\libnosys.a(times.o)
                0x0000a970                _times
 *(.init)
 .init          0x0000a980        0x4 c:/programdata/matlab/supportpackages/r2023a/aide/tools/arm-none-eabi-gcc/4.8.3-2014q1/bin/../lib/gcc/arm-none-eabi/4.8.3/armv6-m/crti.o
                0x0000a980                _init
 .init          0x0000a984        0x8 c:/programdata/matlab/supportpackages/r2023a/aide/tools/arm-none-eabi-gcc/4.8.3-2014q1/bin/../lib/gcc/arm-none-eabi/4.8.3/armv6-m/crtn.o
 *(.fini)
 .fini          0x0000a98c        0x4 c:/programdata/matlab/supportpackages/r2023a/aide/tools/arm-none-eabi-gcc/4.8.3-2014q1/bin/../lib/gcc/arm-none-eabi/4.8.3/armv6-m/crti.o
                0x0000a98c                _fini
 .fini          0x0000a990        0x8 c:/programdata/matlab/supportpackages/r2023a/aide/tools/arm-none-eabi-gcc/4.8.3-2014q1/bin/../lib/gcc/arm-none-eabi/4.8.3/armv6-m/crtn.o
 *crtbegin.o(.ctors)
 *crtbegin?.o(.ctors)
 *(EXCLUDE_FILE(*crtend.o *crtend?.o) .ctors)
 *(SORT(.ctors.*))
 *(.ctors)
 *crtbegin.o(.dtors)
 *crtbegin?.o(.dtors)
 *(EXCLUDE_FILE(*crtend.o *crtend?.o) .dtors)
 *(SORT(.dtors.*))
 *(.dtors)
 *(.rodata*)
 .rodata.tmp.9354
                0x0000a998      0x9c4 Simulation4Draft.o
 .rodata.str1.1
                0x0000b35c       0x42 Simulation4Draft.o
                                 0x51 (size before relaxing)
 *fill*         0x0000b39e        0x2 
 .rodata.Simulation4Draft_M
                0x0000b3a0        0x4 Simulation4Draft.o
                0x0000b3a0                Simulation4Draft_M
 .rodata.str1.4
                0x0000b3a4        0x8 c:/programdata/matlab/supportpackages/r2023a/aide/tools/arm-none-eabi-gcc/4.8.3-2014q1/bin/../lib/gcc/arm-none-eabi/4.8.3/../../../../arm-none-eabi/lib/armv6-m\libm.a(lib_a-w_fmod.o)
 *fill*         0x0000b3ac        0x4 
 .rodata.Zero   0x0000b3b0       0x10 c:/programdata/matlab/supportpackages/r2023a/aide/tools/arm-none-eabi-gcc/4.8.3-2014q1/bin/../lib/gcc/arm-none-eabi/4.8.3/../../../../arm-none-eabi/lib/armv6-m\libm.a(lib_a-e_fmod.o)
 .rodata.npio2_hw
                0x0000b3c0       0x80 c:/programdata/matlab/supportpackages/r2023a/aide/tools/arm-none-eabi-gcc/4.8.3-2014q1/bin/../lib/gcc/arm-none-eabi/4.8.3/../../../../arm-none-eabi/lib/armv6-m\libm.a(lib_a-e_rem_pio2.o)
 .rodata.two_over_pi
                0x0000b440      0x108 c:/programdata/matlab/supportpackages/r2023a/aide/tools/arm-none-eabi-gcc/4.8.3-2014q1/bin/../lib/gcc/arm-none-eabi/4.8.3/../../../../arm-none-eabi/lib/armv6-m\libm.a(lib_a-e_rem_pio2.o)
 .rodata.init_jk
                0x0000b548       0x10 c:/programdata/matlab/supportpackages/r2023a/aide/tools/arm-none-eabi-gcc/4.8.3-2014q1/bin/../lib/gcc/arm-none-eabi/4.8.3/../../../../arm-none-eabi/lib/armv6-m\libm.a(lib_a-k_rem_pio2.o)
 .rodata.PIo2   0x0000b558       0x40 c:/programdata/matlab/supportpackages/r2023a/aide/tools/arm-none-eabi-gcc/4.8.3-2014q1/bin/../lib/gcc/arm-none-eabi/4.8.3/../../../../arm-none-eabi/lib/armv6-m\libm.a(lib_a-k_rem_pio2.o)
 .rodata._ZTV4Uart
                0x0000b598       0x38 C:/Users/JACKYO~1/DOCUME~1/MATLAB/R2023a/ARDUIN~1/ARDUIN~1/FASTER~1\libcore.a(Uart.o)
                0x0000b598                vtable for Uart
 .rodata._ZTV7Serial_
                0x0000b5d0       0x58 C:/Users/JACKYO~1/DOCUME~1/MATLAB/R2023a/ARDUIN~1/ARDUIN~1/FASTER~1\libcore.a(CDC.o)
                0x0000b5d0                vtable for Serial_
 .rodata._ZTV26DoubleBufferedEPOutHandler
                0x0000b628       0x28 C:/Users/JACKYO~1/DOCUME~1/MATLAB/R2023a/ARDUIN~1/ARDUIN~1/FASTER~1\libcore.a(USBCore.o)
                0x0000b628                vtable for DoubleBufferedEPOutHandler
 .rodata._ZL15STRING_LANGUAGE
                0x0000b650        0x4 C:/Users/JACKYO~1/DOCUME~1/MATLAB/R2023a/ARDUIN~1/ARDUIN~1/FASTER~1\libcore.a(USBCore.o)
 .rodata._ZL21USB_DeviceDescriptorB
                0x0000b654       0x12 C:/Users/JACKYO~1/DOCUME~1/MATLAB/R2023a/ARDUIN~1/ARDUIN~1/FASTER~1\libcore.a(USBCore.o)
 .rodata._ZL19STRING_MANUFACTURER
                0x0000b666        0xc C:/Users/JACKYO~1/DOCUME~1/MATLAB/R2023a/ARDUIN~1/ARDUIN~1/FASTER~1\libcore.a(USBCore.o)
 .rodata._ZL14STRING_PRODUCT
                0x0000b672       0x14 C:/Users/JACKYO~1/DOCUME~1/MATLAB/R2023a/ARDUIN~1/ARDUIN~1/FASTER~1\libcore.a(USBCore.o)
 *fill*         0x0000b686        0x2 
 .rodata.g_APinDescription
                0x0000b688      0x318 C:/Users/JACKYO~1/DOCUME~1/MATLAB/R2023a/ARDUIN~1/ARDUIN~1/FASTER~1\libcore.a(variant.o)
                0x0000b688                g_APinDescription
 .rodata        0x0000b9a0       0x40 c:/programdata/matlab/supportpackages/r2023a/aide/tools/arm-none-eabi-gcc/4.8.3-2014q1/bin/../lib/gcc/arm-none-eabi/4.8.3/armv6-m\libgcc.a(divdf3.o)
 .rodata        0x0000b9e0       0x40 c:/programdata/matlab/supportpackages/r2023a/aide/tools/arm-none-eabi-gcc/4.8.3-2014q1/bin/../lib/gcc/arm-none-eabi/4.8.3/armv6-m\libgcc.a(muldf3.o)
 .rodata.str1.1
                0x0000ba20        0x2 c:/programdata/matlab/supportpackages/r2023a/aide/tools/arm-none-eabi-gcc/4.8.3-2014q1/bin/../lib/gcc/arm-none-eabi/4.8.3/../../../../arm-none-eabi/lib/armv6-m\libg_s.a(lib_a-impure.o)
 *(.eh_frame*)
 *fill*         0x0000ba22        0x2 
 .eh_frame      0x0000ba24        0x0 c:/programdata/matlab/supportpackages/r2023a/aide/tools/arm-none-eabi-gcc/4.8.3-2014q1/bin/../lib/gcc/arm-none-eabi/4.8.3/armv6-m/crtbegin.o
 .eh_frame      0x0000ba24        0x4 c:/programdata/matlab/supportpackages/r2023a/aide/tools/arm-none-eabi-gcc/4.8.3-2014q1/bin/../lib/gcc/arm-none-eabi/4.8.3/armv6-m/crtend.o

.glue_7         0x0000ba28        0x0
 .glue_7        0x00000000        0x0 linker stubs

.glue_7t        0x0000ba28        0x0
 .glue_7t       0x00000000        0x0 linker stubs

.vfp11_veneer   0x0000ba28        0x0
 .vfp11_veneer  0x00000000        0x0 linker stubs

.v4_bx          0x0000ba28        0x0
 .v4_bx         0x00000000        0x0 linker stubs

.iplt           0x0000ba28        0x0
 .iplt          0x00000000        0x0 c:/programdata/matlab/supportpackages/r2023a/aide/tools/arm-none-eabi-gcc/4.8.3-2014q1/bin/../lib/gcc/arm-none-eabi/4.8.3/armv6-m/crtbegin.o

.rel.dyn        0x0000ba28        0x0
 .rel.iplt      0x00000000        0x0 c:/programdata/matlab/supportpackages/r2023a/aide/tools/arm-none-eabi-gcc/4.8.3-2014q1/bin/../lib/gcc/arm-none-eabi/4.8.3/armv6-m/crtbegin.o

.ARM.extab
 *(.ARM.extab* .gnu.linkonce.armextab.*)
                0x0000ba28                __exidx_start = .

.ARM.exidx
 *(.ARM.exidx* .gnu.linkonce.armexidx.*)
                0x0000ba28                __exidx_end = .
                0x0000ba28                __etext = .

.data           0x20000000   0x60bab0 load address 0x0000ba28
                0x20000000                __data_start__ = .
 *(vtable)
 *(.data*)
 .data.Simulation4Draft_P
                0x20000000   0x60ba18 Simulation4Draft_data.o
                0x20000000                Simulation4Draft_P
 .data.__fdlib_version
                0x2060ba18        0x1 c:/programdata/matlab/supportpackages/r2023a/aide/tools/arm-none-eabi-gcc/4.8.3-2014q1/bin/../lib/gcc/arm-none-eabi/4.8.3/../../../../arm-none-eabi/lib/armv6-m\libm.a(lib_a-s_lib_ver.o)
                0x2060ba18                __fdlib_version
 *fill*         0x2060ba19        0x3 
 .data.SystemCoreClock
                0x2060ba1c        0x4 C:/Users/JACKYO~1/DOCUME~1/MATLAB/R2023a/ARDUIN~1/ARDUIN~1/FASTER~1\libcore.a(wiring.o)
                0x2060ba1c                SystemCoreClock
 .data._ZL5ticks
                0x2060ba20        0x4 C:/Users/JACKYO~1/DOCUME~1/MATLAB/R2023a/ARDUIN~1/ARDUIN~1/FASTER~1\libcore.a(Reset.o)
 .data._serialPeek
                0x2060ba24        0x4 C:/Users/JACKYO~1/DOCUME~1/MATLAB/R2023a/ARDUIN~1/ARDUIN~1/FASTER~1\libcore.a(CDC.o)
                0x2060ba24                _serialPeek
 .data._ZL10breakValue
                0x2060ba28        0x4 C:/Users/JACKYO~1/DOCUME~1/MATLAB/R2023a/ARDUIN~1/ARDUIN~1/FASTER~1\libcore.a(CDC.o)
 .data._ZL12_usbLineInfo
                0x2060ba2c        0x8 C:/Users/JACKYO~1/DOCUME~1/MATLAB/R2023a/ARDUIN~1/ARDUIN~1/FASTER~1\libcore.a(CDC.o)
 .data.impure_data
                0x2060ba34       0x60 c:/programdata/matlab/supportpackages/r2023a/aide/tools/arm-none-eabi-gcc/4.8.3-2014q1/bin/../lib/gcc/arm-none-eabi/4.8.3/../../../../arm-none-eabi/lib/armv6-m\libg_s.a(lib_a-impure.o)
 .data._impure_ptr
                0x2060ba94        0x4 c:/programdata/matlab/supportpackages/r2023a/aide/tools/arm-none-eabi-gcc/4.8.3-2014q1/bin/../lib/gcc/arm-none-eabi/4.8.3/../../../../arm-none-eabi/lib/armv6-m\libg_s.a(lib_a-impure.o)
                0x2060ba94                _impure_ptr
                0x2060ba98                . = ALIGN (0x4)
                0x2060ba98                PROVIDE (__preinit_array_start, .)
 *(.preinit_array)
                0x2060ba98                PROVIDE (__preinit_array_end, .)
                0x2060ba98                . = ALIGN (0x4)
                0x2060ba98                PROVIDE (__init_array_start, .)
 *(SORT(.init_array.*))
 *(.init_array)
 .init_array    0x2060ba98        0x4 c:/programdata/matlab/supportpackages/r2023a/aide/tools/arm-none-eabi-gcc/4.8.3-2014q1/bin/../lib/gcc/arm-none-eabi/4.8.3/armv6-m/crtbegin.o
 .init_array    0x2060ba9c        0x4 C:/Users/JACKYO~1/DOCUME~1/MATLAB/R2023a/ARDUIN~1/ARDUIN~1/FASTER~1\libcore.a(CDC.o)
 .init_array    0x2060baa0        0x4 C:/Users/JACKYO~1/DOCUME~1/MATLAB/R2023a/ARDUIN~1/ARDUIN~1/FASTER~1\libcore.a(USBCore.o)
 .init_array    0x2060baa4        0x4 C:/Users/JACKYO~1/DOCUME~1/MATLAB/R2023a/ARDUIN~1/ARDUIN~1/FASTER~1\libcore.a(variant.o)
                0x2060baa8                PROVIDE (__init_array_end, .)
                0x2060baa8                . = ALIGN (0x4)
                0x2060baa8                PROVIDE (__fini_array_start, .)
 *(SORT(.fini_array.*))
 *(.fini_array)
 .fini_array    0x2060baa8        0x4 c:/programdata/matlab/supportpackages/r2023a/aide/tools/arm-none-eabi-gcc/4.8.3-2014q1/bin/../lib/gcc/arm-none-eabi/4.8.3/armv6-m/crtbegin.o
                0x2060baac                PROVIDE (__fini_array_end, .)
 *(.jcr*)
 .jcr           0x2060baac        0x0 c:/programdata/matlab/supportpackages/r2023a/aide/tools/arm-none-eabi-gcc/4.8.3-2014q1/bin/../lib/gcc/arm-none-eabi/4.8.3/armv6-m/crtbegin.o
 .jcr           0x2060baac        0x4 c:/programdata/matlab/supportpackages/r2023a/aide/tools/arm-none-eabi-gcc/4.8.3-2014q1/bin/../lib/gcc/arm-none-eabi/4.8.3/armv6-m/crtend.o
                0x2060bab0                . = ALIGN (0x4)
                0x2060bab0                __data_end__ = .

.igot.plt       0x2060bab0        0x0 load address 0x006174d8
 .igot.plt      0x00000000        0x0 c:/programdata/matlab/supportpackages/r2023a/aide/tools/arm-none-eabi-gcc/4.8.3-2014q1/bin/../lib/gcc/arm-none-eabi/4.8.3/armv6-m/crtbegin.o

.bss            0x2060bab0     0x212c load address 0x006174d8
                0x2060bab0                . = ALIGN (0x4)
                0x2060bab0                __bss_start__ = .
 *(.bss*)
 .bss           0x2060bab0       0x1c c:/programdata/matlab/supportpackages/r2023a/aide/tools/arm-none-eabi-gcc/4.8.3-2014q1/bin/../lib/gcc/arm-none-eabi/4.8.3/armv6-m/crtbegin.o
 *fill*         0x2060bacc        0x4 
 .bss.Simulation4Draft_M_
                0x2060bad0      0x6a8 Simulation4Draft.o
 .bss._ZZ12Serial_beginE10serialInit
                0x2060c178        0x4 io_wrappers.o
 .bss.need2runFlags
                0x2060c17c        0x3 ert_main.o
                0x2060c17c                need2runFlags
 .bss.isRateRunning
                0x2060c17f        0x3 ert_main.o
                0x2060c17f                isRateRunning
 *fill*         0x2060c182        0x2 
 .bss.IsrOverrun
                0x2060c184        0x4 ert_main.o
                0x2060c184                IsrOverrun
 .bss.usb_isr   0x2060c188        0x4 C:/Users/JACKYO~1/DOCUME~1/MATLAB/R2023a/ARDUIN~1/ARDUIN~1/FASTER~1\libcore.a(cortex_handlers.o)
 .bss._ulTickCount
                0x2060c18c        0x4 C:/Users/JACKYO~1/DOCUME~1/MATLAB/R2023a/ARDUIN~1/ARDUIN~1/FASTER~1\libcore.a(delay.o)
 .bss.SerialUSB
                0x2060c190       0x34 C:/Users/JACKYO~1/DOCUME~1/MATLAB/R2023a/ARDUIN~1/ARDUIN~1/FASTER~1\libcore.a(CDC.o)
                0x2060c190                SerialUSB
 .bss._ZZ12PluggableUSBvE3obj
                0x2060c1c4        0x8 C:/Users/JACKYO~1/DOCUME~1/MATLAB/R2023a/ARDUIN~1/ARDUIN~1/FASTER~1\libcore.a(PluggableUSB.o)
 .bss._ZGVZ12PluggableUSBvE3obj
                0x2060c1cc        0x4 C:/Users/JACKYO~1/DOCUME~1/MATLAB/R2023a/ARDUIN~1/ARDUIN~1/FASTER~1\libcore.a(PluggableUSB.o)
 .bss._ZL14isEndpointHalt
                0x2060c1d0        0x1 C:/Users/JACKYO~1/DOCUME~1/MATLAB/R2023a/ARDUIN~1/ARDUIN~1/FASTER~1\libcore.a(USBCore.o)
 *fill*         0x2060c1d1        0x3 
 .bss.EndPoints
                0x2060c1d4       0x28 C:/Users/JACKYO~1/DOCUME~1/MATLAB/R2023a/ARDUIN~1/ARDUIN~1/FASTER~1\libcore.a(USBCore.o)
                0x2060c1d4                EndPoints
 .bss._pack_buffer
                0x2060c1fc      0x100 C:/Users/JACKYO~1/DOCUME~1/MATLAB/R2023a/ARDUIN~1/ARDUIN~1/FASTER~1\libcore.a(USBCore.o)
                0x2060c1fc                _pack_buffer
 .bss._pack_size
                0x2060c2fc        0x2 C:/Users/JACKYO~1/DOCUME~1/MATLAB/R2023a/ARDUIN~1/ARDUIN~1/FASTER~1\libcore.a(USBCore.o)
                0x2060c2fc                _pack_size
 .bss._ZL20LastTransmitTimedOut
                0x2060c2fe        0x7 C:/Users/JACKYO~1/DOCUME~1/MATLAB/R2023a/ARDUIN~1/ARDUIN~1/FASTER~1\libcore.a(USBCore.o)
 *fill*         0x2060c305        0x3 
 .bss._ZL22udd_ep_in_cache_buffer
                0x2060c308      0x1c0 C:/Users/JACKYO~1/DOCUME~1/MATLAB/R2023a/ARDUIN~1/ARDUIN~1/FASTER~1\libcore.a(USBCore.o)
 .bss._ZL23udd_ep_out_cache_buffer
                0x2060c4c8      0x1c0 C:/Users/JACKYO~1/DOCUME~1/MATLAB/R2023a/ARDUIN~1/ARDUIN~1/FASTER~1\libcore.a(USBCore.o)
 .bss._ZL10epHandlers
                0x2060c688       0x1c C:/Users/JACKYO~1/DOCUME~1/MATLAB/R2023a/ARDUIN~1/ARDUIN~1/FASTER~1\libcore.a(USBCore.o)
 .bss._pack_message
                0x2060c6a4        0x1 C:/Users/JACKYO~1/DOCUME~1/MATLAB/R2023a/ARDUIN~1/ARDUIN~1/FASTER~1\libcore.a(USBCore.o)
                0x2060c6a4                _pack_message
 .bss._ZL21isRemoteWakeUpEnabled
                0x2060c6a5        0x1 C:/Users/JACKYO~1/DOCUME~1/MATLAB/R2023a/ARDUIN~1/ARDUIN~1/FASTER~1\libcore.a(USBCore.o)
 .bss._dry_run  0x2060c6a6        0x1 C:/Users/JACKYO~1/DOCUME~1/MATLAB/R2023a/ARDUIN~1/ARDUIN~1/FASTER~1\libcore.a(USBCore.o)
                0x2060c6a6                _dry_run
 .bss.USBDevice
                0x2060c6a7        0x1 C:/Users/JACKYO~1/DOCUME~1/MATLAB/R2023a/ARDUIN~1/ARDUIN~1/FASTER~1\libcore.a(USBCore.o)
                0x2060c6a7                USBDevice
 .bss._usbSetInterface
                0x2060c6a8        0x4 C:/Users/JACKYO~1/DOCUME~1/MATLAB/R2023a/ARDUIN~1/ARDUIN~1/FASTER~1\libcore.a(USBCore.o)
                0x2060c6a8                _usbSetInterface
 .bss.usbd      0x2060c6ac      0x104 C:/Users/JACKYO~1/DOCUME~1/MATLAB/R2023a/ARDUIN~1/ARDUIN~1/FASTER~1\libcore.a(USBCore.o)
                0x2060c6ac                usbd
 .bss._usbConfiguration
                0x2060c7b0        0x4 C:/Users/JACKYO~1/DOCUME~1/MATLAB/R2023a/ARDUIN~1/ARDUIN~1/FASTER~1\libcore.a(USBCore.o)
                0x2060c7b0                _usbConfiguration
 .bss.SerialHCI
                0x2060c7b4      0x23c C:/Users/JACKYO~1/DOCUME~1/MATLAB/R2023a/ARDUIN~1/ARDUIN~1/FASTER~1\libcore.a(variant.o)
                0x2060c7b4                SerialHCI
 .bss.Serial1   0x2060c9f0      0x23c C:/Users/JACKYO~1/DOCUME~1/MATLAB/R2023a/ARDUIN~1/ARDUIN~1/FASTER~1\libcore.a(variant.o)
                0x2060c9f0                Serial1
 .bss.Serial2   0x2060cc2c      0x23c C:/Users/JACKYO~1/DOCUME~1/MATLAB/R2023a/ARDUIN~1/ARDUIN~1/FASTER~1\libcore.a(variant.o)
                0x2060cc2c                Serial2
 .bss.sercom3   0x2060ce68        0x4 C:/Users/JACKYO~1/DOCUME~1/MATLAB/R2023a/ARDUIN~1/ARDUIN~1/FASTER~1\libcore.a(variant.o)
                0x2060ce68                sercom3
 .bss.sercom0   0x2060ce6c        0x4 C:/Users/JACKYO~1/DOCUME~1/MATLAB/R2023a/ARDUIN~1/ARDUIN~1/FASTER~1\libcore.a(variant.o)
                0x2060ce6c                sercom0
 .bss.sercom1   0x2060ce70        0x4 C:/Users/JACKYO~1/DOCUME~1/MATLAB/R2023a/ARDUIN~1/ARDUIN~1/FASTER~1\libcore.a(variant.o)
                0x2060ce70                sercom1
 .bss.sercom2   0x2060ce74        0x4 C:/Users/JACKYO~1/DOCUME~1/MATLAB/R2023a/ARDUIN~1/ARDUIN~1/FASTER~1\libcore.a(variant.o)
                0x2060ce74                sercom2
 .bss.sercom4   0x2060ce78        0x4 C:/Users/JACKYO~1/DOCUME~1/MATLAB/R2023a/ARDUIN~1/ARDUIN~1/FASTER~1\libcore.a(variant.o)
                0x2060ce78                sercom4
 .bss.sercom5   0x2060ce7c        0x4 C:/Users/JACKYO~1/DOCUME~1/MATLAB/R2023a/ARDUIN~1/ARDUIN~1/FASTER~1\libcore.a(variant.o)
                0x2060ce7c                sercom5
 .bss.__malloc_sbrk_start
                0x2060ce80        0x4 c:/programdata/matlab/supportpackages/r2023a/aide/tools/arm-none-eabi-gcc/4.8.3-2014q1/bin/../lib/gcc/arm-none-eabi/4.8.3/../../../../arm-none-eabi/lib/armv6-m\libg_s.a(lib_a-nano-mallocr.o)
                0x2060ce80                __malloc_sbrk_start
 .bss.__malloc_free_list
                0x2060ce84        0x4 c:/programdata/matlab/supportpackages/r2023a/aide/tools/arm-none-eabi-gcc/4.8.3-2014q1/bin/../lib/gcc/arm-none-eabi/4.8.3/../../../../arm-none-eabi/lib/armv6-m\libg_s.a(lib_a-nano-mallocr.o)
                0x2060ce84                __malloc_free_list
 .bss.heap_end.4243
                0x2060ce88        0x4 c:/programdata/matlab/supportpackages/r2023a/aide/tools/arm-none-eabi-gcc/4.8.3-2014q1/bin/../lib/gcc/arm-none-eabi/4.8.3/../../../../arm-none-eabi/lib/armv6-m\libnosys.a(sbrk.o)
 *(COMMON)
 *fill*         0x2060ce8c        0x4 
 COMMON         0x2060ce90      0xd20 Simulation4Draft.o
                0x2060ce90                Simulation4Draft_B
                0x2060d158                Simulation4Draft_DW
 COMMON         0x2060dbb0       0x24 rt_nonfinite.o
                0x2060dbb0                rtNaNF
                0x2060dbb4                rtInfF
                0x2060dbb8                rtInf
                0x2060dbc0                rtNaN
                0x2060dbc8                rtMinusInf
                0x2060dbd0                rtMinusInfF
 COMMON         0x2060dbd4        0x2 ert_main.o
                0x2060dbd4                runModel
                0x2060dbd5                stopRequested
 *fill*         0x2060dbd6        0x2 
 COMMON         0x2060dbd8        0x4 c:/programdata/matlab/supportpackages/r2023a/aide/tools/arm-none-eabi-gcc/4.8.3-2014q1/bin/../lib/gcc/arm-none-eabi/4.8.3/../../../../arm-none-eabi/lib/armv6-m\libg_s.a(lib_a-reent.o)
                0x2060dbd8                errno
                0x2060dbdc                . = ALIGN (0x4)
                0x2060dbdc                __bss_end__ = .

.heap           0x2060dbdc        0x0
                0x2060dbdc                __end__ = .
                0x2060dbdc                PROVIDE (end, .)
 *(.heap*)
                0x2060dbdc                __HeapLimit = .

.stack_dummy    0x2060dbdc        0x0
 *(.stack*)
                0x20008000                __StackTop = (ORIGIN (RAM) + 0x8000)
                0x20008000                __StackLimit = (__StackTop - SIZEOF (.stack_dummy))
                0x20008000                PROVIDE (__stack, __StackTop)
                0x20007fff                __ram_end__ = ((ORIGIN (RAM) + 0x8000) - 0x1)
                0x00000000                ASSERT ((__StackLimit >= __HeapLimit), region RAM overflowed with stack)
OUTPUT(../Simulation4Draft.elf elf32-littlearm)

.ARM.attributes
                0x00000000       0x28
 .ARM.attributes
                0x00000000       0x1e c:/programdata/matlab/supportpackages/r2023a/aide/tools/arm-none-eabi-gcc/4.8.3-2014q1/bin/../lib/gcc/arm-none-eabi/4.8.3/armv6-m/crti.o
 .ARM.attributes
                0x0000001e       0x2c c:/programdata/matlab/supportpackages/r2023a/aide/tools/arm-none-eabi-gcc/4.8.3-2014q1/bin/../lib/gcc/arm-none-eabi/4.8.3/armv6-m/crtbegin.o
 .ARM.attributes
                0x0000004a       0x32 Simulation4Draft.o
 .ARM.attributes
                0x0000007c       0x32 Simulation4Draft_data.o
 .ARM.attributes
                0x000000ae       0x32 rtGetInf.o
 .ARM.attributes
                0x000000e0       0x32 rtGetNaN.o
 .ARM.attributes
                0x00000112       0x32 rt_nonfinite.o
 .ARM.attributes
                0x00000144       0x32 sfun_time.o
 .ARM.attributes
                0x00000176       0x32 MW_ArduinoHWInit.o
 .ARM.attributes
                0x000001a8       0x32 io_wrappers.o
 .ARM.attributes
                0x000001da       0x32 arduinoARM_M0plusScheduler.o
 .ARM.attributes
                0x0000020c       0x32 m0m1m0plus_multitasking.o
 .ARM.attributes
                0x0000023e       0x32 ert_main.o
 .ARM.attributes
                0x00000270       0x2c c:/programdata/matlab/supportpackages/r2023a/aide/tools/arm-none-eabi-gcc/4.8.3-2014q1/bin/../lib/gcc/arm-none-eabi/4.8.3/../../../../arm-none-eabi/lib/armv6-m\libm.a(lib_a-s_ceil.o)
 .ARM.attributes
                0x0000029c       0x2c c:/programdata/matlab/supportpackages/r2023a/aide/tools/arm-none-eabi-gcc/4.8.3-2014q1/bin/../lib/gcc/arm-none-eabi/4.8.3/../../../../arm-none-eabi/lib/armv6-m\libm.a(lib_a-s_cos.o)
 .ARM.attributes
                0x000002c8       0x2c c:/programdata/matlab/supportpackages/r2023a/aide/tools/arm-none-eabi-gcc/4.8.3-2014q1/bin/../lib/gcc/arm-none-eabi/4.8.3/../../../../arm-none-eabi/lib/armv6-m\libm.a(lib_a-s_floor.o)
 .ARM.attributes
                0x000002f4       0x2c c:/programdata/matlab/supportpackages/r2023a/aide/tools/arm-none-eabi-gcc/4.8.3-2014q1/bin/../lib/gcc/arm-none-eabi/4.8.3/../../../../arm-none-eabi/lib/armv6-m\libm.a(lib_a-s_sin.o)
 .ARM.attributes
                0x00000320       0x2c c:/programdata/matlab/supportpackages/r2023a/aide/tools/arm-none-eabi-gcc/4.8.3-2014q1/bin/../lib/gcc/arm-none-eabi/4.8.3/../../../../arm-none-eabi/lib/armv6-m\libm.a(lib_a-w_fmod.o)
 .ARM.attributes
                0x0000034c       0x2c c:/programdata/matlab/supportpackages/r2023a/aide/tools/arm-none-eabi-gcc/4.8.3-2014q1/bin/../lib/gcc/arm-none-eabi/4.8.3/../../../../arm-none-eabi/lib/armv6-m\libm.a(lib_a-e_fmod.o)
 .ARM.attributes
                0x00000378       0x2c c:/programdata/matlab/supportpackages/r2023a/aide/tools/arm-none-eabi-gcc/4.8.3-2014q1/bin/../lib/gcc/arm-none-eabi/4.8.3/../../../../arm-none-eabi/lib/armv6-m\libm.a(lib_a-e_rem_pio2.o)
 .ARM.attributes
                0x000003a4       0x2c c:/programdata/matlab/supportpackages/r2023a/aide/tools/arm-none-eabi-gcc/4.8.3-2014q1/bin/../lib/gcc/arm-none-eabi/4.8.3/../../../../arm-none-eabi/lib/armv6-m\libm.a(lib_a-k_cos.o)
 .ARM.attributes
                0x000003d0       0x2c c:/programdata/matlab/supportpackages/r2023a/aide/tools/arm-none-eabi-gcc/4.8.3-2014q1/bin/../lib/gcc/arm-none-eabi/4.8.3/../../../../arm-none-eabi/lib/armv6-m\libm.a(lib_a-k_rem_pio2.o)
 .ARM.attributes
                0x000003fc       0x2c c:/programdata/matlab/supportpackages/r2023a/aide/tools/arm-none-eabi-gcc/4.8.3-2014q1/bin/../lib/gcc/arm-none-eabi/4.8.3/../../../../arm-none-eabi/lib/armv6-m\libm.a(lib_a-k_sin.o)
 .ARM.attributes
                0x00000428       0x2c c:/programdata/matlab/supportpackages/r2023a/aide/tools/arm-none-eabi-gcc/4.8.3-2014q1/bin/../lib/gcc/arm-none-eabi/4.8.3/../../../../arm-none-eabi/lib/armv6-m\libm.a(lib_a-s_fabs.o)
 .ARM.attributes
                0x00000454       0x2c c:/programdata/matlab/supportpackages/r2023a/aide/tools/arm-none-eabi-gcc/4.8.3-2014q1/bin/../lib/gcc/arm-none-eabi/4.8.3/../../../../arm-none-eabi/lib/armv6-m\libm.a(lib_a-s_fpclassify.o)
 .ARM.attributes
                0x00000480       0x2c c:/programdata/matlab/supportpackages/r2023a/aide/tools/arm-none-eabi-gcc/4.8.3-2014q1/bin/../lib/gcc/arm-none-eabi/4.8.3/../../../../arm-none-eabi/lib/armv6-m\libm.a(lib_a-s_lib_ver.o)
 .ARM.attributes
                0x000004ac       0x2c c:/programdata/matlab/supportpackages/r2023a/aide/tools/arm-none-eabi-gcc/4.8.3-2014q1/bin/../lib/gcc/arm-none-eabi/4.8.3/../../../../arm-none-eabi/lib/armv6-m\libm.a(lib_a-s_matherr.o)
 .ARM.attributes
                0x000004d8       0x2c c:/programdata/matlab/supportpackages/r2023a/aide/tools/arm-none-eabi-gcc/4.8.3-2014q1/bin/../lib/gcc/arm-none-eabi/4.8.3/../../../../arm-none-eabi/lib/armv6-m\libm.a(lib_a-s_scalbn.o)
 .ARM.attributes
                0x00000504       0x2c c:/programdata/matlab/supportpackages/r2023a/aide/tools/arm-none-eabi-gcc/4.8.3-2014q1/bin/../lib/gcc/arm-none-eabi/4.8.3/../../../../arm-none-eabi/lib/armv6-m\libm.a(lib_a-s_copysign.o)
 .ARM.attributes
                0x00000530       0x32 C:/Users/JACKYO~1/DOCUME~1/MATLAB/R2023a/ARDUIN~1/ARDUIN~1/FASTER~1\libcore.a(cortex_handlers.o)
 .ARM.attributes
                0x00000562       0x32 C:/Users/JACKYO~1/DOCUME~1/MATLAB/R2023a/ARDUIN~1/ARDUIN~1/FASTER~1\libcore.a(hooks.o)
 .ARM.attributes
                0x00000594       0x32 C:/Users/JACKYO~1/DOCUME~1/MATLAB/R2023a/ARDUIN~1/ARDUIN~1/FASTER~1\libcore.a(delay.o)
 .ARM.attributes
                0x000005c6       0x32 C:/Users/JACKYO~1/DOCUME~1/MATLAB/R2023a/ARDUIN~1/ARDUIN~1/FASTER~1\libcore.a(startup.o)
 .ARM.attributes
                0x000005f8       0x32 C:/Users/JACKYO~1/DOCUME~1/MATLAB/R2023a/ARDUIN~1/ARDUIN~1/FASTER~1\libcore.a(wiring.o)
 .ARM.attributes
                0x0000062a       0x32 C:/Users/JACKYO~1/DOCUME~1/MATLAB/R2023a/ARDUIN~1/ARDUIN~1/FASTER~1\libcore.a(wiring_analog.o)
 .ARM.attributes
                0x0000065c       0x32 C:/Users/JACKYO~1/DOCUME~1/MATLAB/R2023a/ARDUIN~1/ARDUIN~1/FASTER~1\libcore.a(wiring_digital.o)
 .ARM.attributes
                0x0000068e       0x32 C:/Users/JACKYO~1/DOCUME~1/MATLAB/R2023a/ARDUIN~1/ARDUIN~1/FASTER~1\libcore.a(wiring_private.o)
 .ARM.attributes
                0x000006c0       0x32 C:/Users/JACKYO~1/DOCUME~1/MATLAB/R2023a/ARDUIN~1/ARDUIN~1/FASTER~1\libcore.a(Reset.o)
 .ARM.attributes
                0x000006f2       0x32 C:/Users/JACKYO~1/DOCUME~1/MATLAB/R2023a/ARDUIN~1/ARDUIN~1/FASTER~1\libcore.a(Uart.o)
 .ARM.attributes
                0x00000724       0x32 C:/Users/JACKYO~1/DOCUME~1/MATLAB/R2023a/ARDUIN~1/ARDUIN~1/FASTER~1\libcore.a(CDC.o)
 .ARM.attributes
                0x00000756       0x32 C:/Users/JACKYO~1/DOCUME~1/MATLAB/R2023a/ARDUIN~1/ARDUIN~1/FASTER~1\libcore.a(PluggableUSB.o)
 .ARM.attributes
                0x00000788       0x32 C:/Users/JACKYO~1/DOCUME~1/MATLAB/R2023a/ARDUIN~1/ARDUIN~1/FASTER~1\libcore.a(USBCore.o)
 .ARM.attributes
                0x000007ba       0x32 C:/Users/JACKYO~1/DOCUME~1/MATLAB/R2023a/ARDUIN~1/ARDUIN~1/FASTER~1\libcore.a(variant.o)
 .ARM.attributes
                0x000007ec       0x32 C:/Users/JACKYO~1/DOCUME~1/MATLAB/R2023a/ARDUIN~1/ARDUIN~1/FASTER~1\libcore.a(new.o)
 .ARM.attributes
                0x0000081e       0x32 C:/Users/JACKYO~1/DOCUME~1/MATLAB/R2023a/ARDUIN~1/ARDUIN~1/FASTER~1\libcore.a(Print.o)
 .ARM.attributes
                0x00000850       0x32 C:/Users/JACKYO~1/DOCUME~1/MATLAB/R2023a/ARDUIN~1/ARDUIN~1/FASTER~1\libcore.a(SERCOM.o)
 .ARM.attributes
                0x00000882       0x1e c:/programdata/matlab/supportpackages/r2023a/aide/tools/arm-none-eabi-gcc/4.8.3-2014q1/bin/../lib/gcc/arm-none-eabi/4.8.3/armv6-m\libgcc.a(_thumb1_case_uqi.o)
 .ARM.attributes
                0x000008a0       0x1e c:/programdata/matlab/supportpackages/r2023a/aide/tools/arm-none-eabi-gcc/4.8.3-2014q1/bin/../lib/gcc/arm-none-eabi/4.8.3/armv6-m\libgcc.a(_thumb1_case_uhi.o)
 .ARM.attributes
                0x000008be       0x1e c:/programdata/matlab/supportpackages/r2023a/aide/tools/arm-none-eabi-gcc/4.8.3-2014q1/bin/../lib/gcc/arm-none-eabi/4.8.3/armv6-m\libgcc.a(_udivsi3.o)
 .ARM.attributes
                0x000008dc       0x1e c:/programdata/matlab/supportpackages/r2023a/aide/tools/arm-none-eabi-gcc/4.8.3-2014q1/bin/../lib/gcc/arm-none-eabi/4.8.3/armv6-m\libgcc.a(_divsi3.o)
 .ARM.attributes
                0x000008fa       0x1e c:/programdata/matlab/supportpackages/r2023a/aide/tools/arm-none-eabi-gcc/4.8.3-2014q1/bin/../lib/gcc/arm-none-eabi/4.8.3/armv6-m\libgcc.a(_dvmd_tls.o)
 .ARM.attributes
                0x00000918       0x1e c:/programdata/matlab/supportpackages/r2023a/aide/tools/arm-none-eabi-gcc/4.8.3-2014q1/bin/../lib/gcc/arm-none-eabi/4.8.3/armv6-m\libgcc.a(_arm_cmpdf2.o)
 .ARM.attributes
                0x00000936       0x1e c:/programdata/matlab/supportpackages/r2023a/aide/tools/arm-none-eabi-gcc/4.8.3-2014q1/bin/../lib/gcc/arm-none-eabi/4.8.3/armv6-m\libgcc.a(_arm_cmpsf2.o)
 .ARM.attributes
                0x00000954       0x2c c:/programdata/matlab/supportpackages/r2023a/aide/tools/arm-none-eabi-gcc/4.8.3-2014q1/bin/../lib/gcc/arm-none-eabi/4.8.3/armv6-m\libgcc.a(eqsf2.o)
 .ARM.attributes
                0x00000980       0x2c c:/programdata/matlab/supportpackages/r2023a/aide/tools/arm-none-eabi-gcc/4.8.3-2014q1/bin/../lib/gcc/arm-none-eabi/4.8.3/armv6-m\libgcc.a(gesf2.o)
 .ARM.attributes
                0x000009ac       0x2c c:/programdata/matlab/supportpackages/r2023a/aide/tools/arm-none-eabi-gcc/4.8.3-2014q1/bin/../lib/gcc/arm-none-eabi/4.8.3/armv6-m\libgcc.a(lesf2.o)
 .ARM.attributes
                0x000009d8       0x2c c:/programdata/matlab/supportpackages/r2023a/aide/tools/arm-none-eabi-gcc/4.8.3-2014q1/bin/../lib/gcc/arm-none-eabi/4.8.3/armv6-m\libgcc.a(adddf3.o)
 .ARM.attributes
                0x00000a04       0x2c c:/programdata/matlab/supportpackages/r2023a/aide/tools/arm-none-eabi-gcc/4.8.3-2014q1/bin/../lib/gcc/arm-none-eabi/4.8.3/armv6-m\libgcc.a(divdf3.o)
 .ARM.attributes
                0x00000a30       0x2c c:/programdata/matlab/supportpackages/r2023a/aide/tools/arm-none-eabi-gcc/4.8.3-2014q1/bin/../lib/gcc/arm-none-eabi/4.8.3/armv6-m\libgcc.a(eqdf2.o)
 .ARM.attributes
                0x00000a5c       0x2c c:/programdata/matlab/supportpackages/r2023a/aide/tools/arm-none-eabi-gcc/4.8.3-2014q1/bin/../lib/gcc/arm-none-eabi/4.8.3/armv6-m\libgcc.a(gedf2.o)
 .ARM.attributes
                0x00000a88       0x2c c:/programdata/matlab/supportpackages/r2023a/aide/tools/arm-none-eabi-gcc/4.8.3-2014q1/bin/../lib/gcc/arm-none-eabi/4.8.3/armv6-m\libgcc.a(ledf2.o)
 .ARM.attributes
                0x00000ab4       0x2c c:/programdata/matlab/supportpackages/r2023a/aide/tools/arm-none-eabi-gcc/4.8.3-2014q1/bin/../lib/gcc/arm-none-eabi/4.8.3/armv6-m\libgcc.a(muldf3.o)
 .ARM.attributes
                0x00000ae0       0x2c c:/programdata/matlab/supportpackages/r2023a/aide/tools/arm-none-eabi-gcc/4.8.3-2014q1/bin/../lib/gcc/arm-none-eabi/4.8.3/armv6-m\libgcc.a(subdf3.o)
 .ARM.attributes
                0x00000b0c       0x2c c:/programdata/matlab/supportpackages/r2023a/aide/tools/arm-none-eabi-gcc/4.8.3-2014q1/bin/../lib/gcc/arm-none-eabi/4.8.3/armv6-m\libgcc.a(fixdfsi.o)
 .ARM.attributes
                0x00000b38       0x2c c:/programdata/matlab/supportpackages/r2023a/aide/tools/arm-none-eabi-gcc/4.8.3-2014q1/bin/../lib/gcc/arm-none-eabi/4.8.3/armv6-m\libgcc.a(floatsidf.o)
 .ARM.attributes
                0x00000b64       0x2c c:/programdata/matlab/supportpackages/r2023a/aide/tools/arm-none-eabi-gcc/4.8.3-2014q1/bin/../lib/gcc/arm-none-eabi/4.8.3/armv6-m\libgcc.a(floatunsidf.o)
 .ARM.attributes
                0x00000b90       0x1e c:/programdata/matlab/supportpackages/r2023a/aide/tools/arm-none-eabi-gcc/4.8.3-2014q1/bin/../lib/gcc/arm-none-eabi/4.8.3/armv6-m\libgcc.a(_clzsi2.o)
 .ARM.attributes
                0x00000bae       0x2c c:/programdata/matlab/supportpackages/r2023a/aide/tools/arm-none-eabi-gcc/4.8.3-2014q1/bin/../lib/gcc/arm-none-eabi/4.8.3/../../../../arm-none-eabi/lib/armv6-m\libg_s.a(lib_a-clock.o)
 .ARM.attributes
                0x00000bda       0x2c c:/programdata/matlab/supportpackages/r2023a/aide/tools/arm-none-eabi-gcc/4.8.3-2014q1/bin/../lib/gcc/arm-none-eabi/4.8.3/../../../../arm-none-eabi/lib/armv6-m\libg_s.a(lib_a-errno.o)
 .ARM.attributes
                0x00000c06       0x2c c:/programdata/matlab/supportpackages/r2023a/aide/tools/arm-none-eabi-gcc/4.8.3-2014q1/bin/../lib/gcc/arm-none-eabi/4.8.3/../../../../arm-none-eabi/lib/armv6-m\libg_s.a(lib_a-impure.o)
 .ARM.attributes
                0x00000c32       0x2c c:/programdata/matlab/supportpackages/r2023a/aide/tools/arm-none-eabi-gcc/4.8.3-2014q1/bin/../lib/gcc/arm-none-eabi/4.8.3/../../../../arm-none-eabi/lib/armv6-m\libg_s.a(lib_a-init.o)
 .ARM.attributes
                0x00000c5e       0x2c c:/programdata/matlab/supportpackages/r2023a/aide/tools/arm-none-eabi-gcc/4.8.3-2014q1/bin/../lib/gcc/arm-none-eabi/4.8.3/../../../../arm-none-eabi/lib/armv6-m\libg_s.a(lib_a-malloc.o)
 .ARM.attributes
                0x00000c8a       0x2c c:/programdata/matlab/supportpackages/r2023a/aide/tools/arm-none-eabi-gcc/4.8.3-2014q1/bin/../lib/gcc/arm-none-eabi/4.8.3/../../../../arm-none-eabi/lib/armv6-m\libg_s.a(lib_a-memcpy-stub.o)
 .ARM.attributes
                0x00000cb6       0x2c c:/programdata/matlab/supportpackages/r2023a/aide/tools/arm-none-eabi-gcc/4.8.3-2014q1/bin/../lib/gcc/arm-none-eabi/4.8.3/../../../../arm-none-eabi/lib/armv6-m\libg_s.a(lib_a-memset.o)
 .ARM.attributes
                0x00000ce2       0x2c c:/programdata/matlab/supportpackages/r2023a/aide/tools/arm-none-eabi-gcc/4.8.3-2014q1/bin/../lib/gcc/arm-none-eabi/4.8.3/../../../../arm-none-eabi/lib/armv6-m\libg_s.a(lib_a-nano-freer.o)
 .ARM.attributes
                0x00000d0e       0x2c c:/programdata/matlab/supportpackages/r2023a/aide/tools/arm-none-eabi-gcc/4.8.3-2014q1/bin/../lib/gcc/arm-none-eabi/4.8.3/../../../../arm-none-eabi/lib/armv6-m\libg_s.a(lib_a-nano-mallocr.o)
 .ARM.attributes
                0x00000d3a       0x2c c:/programdata/matlab/supportpackages/r2023a/aide/tools/arm-none-eabi-gcc/4.8.3-2014q1/bin/../lib/gcc/arm-none-eabi/4.8.3/../../../../arm-none-eabi/lib/armv6-m\libg_s.a(lib_a-sbrkr.o)
 .ARM.attributes
                0x00000d66       0x2c c:/programdata/matlab/supportpackages/r2023a/aide/tools/arm-none-eabi-gcc/4.8.3-2014q1/bin/../lib/gcc/arm-none-eabi/4.8.3/../../../../arm-none-eabi/lib/armv6-m\libg_s.a(lib_a-strlen.o)
 .ARM.attributes
                0x00000d92       0x2c c:/programdata/matlab/supportpackages/r2023a/aide/tools/arm-none-eabi-gcc/4.8.3-2014q1/bin/../lib/gcc/arm-none-eabi/4.8.3/../../../../arm-none-eabi/lib/armv6-m\libg_s.a(lib_a-timesr.o)
 .ARM.attributes
                0x00000dbe       0x2c c:/programdata/matlab/supportpackages/r2023a/aide/tools/arm-none-eabi-gcc/4.8.3-2014q1/bin/../lib/gcc/arm-none-eabi/4.8.3/../../../../arm-none-eabi/lib/armv6-m\libg_s.a(lib_a-reent.o)
 .ARM.attributes
                0x00000dea       0x2c c:/programdata/matlab/supportpackages/r2023a/aide/tools/arm-none-eabi-gcc/4.8.3-2014q1/bin/../lib/gcc/arm-none-eabi/4.8.3/../../../../arm-none-eabi/lib/armv6-m\libnosys.a(sbrk.o)
 .ARM.attributes
                0x00000e16       0x2c c:/programdata/matlab/supportpackages/r2023a/aide/tools/arm-none-eabi-gcc/4.8.3-2014q1/bin/../lib/gcc/arm-none-eabi/4.8.3/../../../../arm-none-eabi/lib/armv6-m\libnosys.a(times.o)
 .ARM.attributes
                0x00000e42       0x2c c:/programdata/matlab/supportpackages/r2023a/aide/tools/arm-none-eabi-gcc/4.8.3-2014q1/bin/../lib/gcc/arm-none-eabi/4.8.3/armv6-m/crtend.o
 .ARM.attributes
                0x00000e6e       0x1e c:/programdata/matlab/supportpackages/r2023a/aide/tools/arm-none-eabi-gcc/4.8.3-2014q1/bin/../lib/gcc/arm-none-eabi/4.8.3/armv6-m/crtn.o

.comment        0x00000000       0x70
 .comment       0x00000000       0x70 Simulation4Draft.o
                                 0x71 (size before relaxing)
 .comment       0x00000000       0x71 Simulation4Draft_data.o
 .comment       0x00000000       0x71 rtGetInf.o
 .comment       0x00000000       0x71 rtGetNaN.o
 .comment       0x00000000       0x71 rt_nonfinite.o
 .comment       0x00000000       0x71 sfun_time.o
 .comment       0x00000000       0x71 MW_ArduinoHWInit.o
 .comment       0x00000000       0x71 io_wrappers.o
 .comment       0x00000000       0x71 arduinoARM_M0plusScheduler.o
 .comment       0x00000000       0x71 m0m1m0plus_multitasking.o
 .comment       0x00000000       0x71 ert_main.o
 .comment       0x00000000       0x71 C:/Users/JACKYO~1/DOCUME~1/MATLAB/R2023a/ARDUIN~1/ARDUIN~1/FASTER~1\libcore.a(cortex_handlers.o)
 .comment       0x00000000       0x71 C:/Users/JACKYO~1/DOCUME~1/MATLAB/R2023a/ARDUIN~1/ARDUIN~1/FASTER~1\libcore.a(hooks.o)
 .comment       0x00000000       0x71 C:/Users/JACKYO~1/DOCUME~1/MATLAB/R2023a/ARDUIN~1/ARDUIN~1/FASTER~1\libcore.a(delay.o)
 .comment       0x00000000       0x71 C:/Users/JACKYO~1/DOCUME~1/MATLAB/R2023a/ARDUIN~1/ARDUIN~1/FASTER~1\libcore.a(startup.o)
 .comment       0x00000000       0x71 C:/Users/JACKYO~1/DOCUME~1/MATLAB/R2023a/ARDUIN~1/ARDUIN~1/FASTER~1\libcore.a(wiring.o)
 .comment       0x00000000       0x71 C:/Users/JACKYO~1/DOCUME~1/MATLAB/R2023a/ARDUIN~1/ARDUIN~1/FASTER~1\libcore.a(wiring_analog.o)
 .comment       0x00000000       0x71 C:/Users/JACKYO~1/DOCUME~1/MATLAB/R2023a/ARDUIN~1/ARDUIN~1/FASTER~1\libcore.a(wiring_digital.o)
 .comment       0x00000000       0x71 C:/Users/JACKYO~1/DOCUME~1/MATLAB/R2023a/ARDUIN~1/ARDUIN~1/FASTER~1\libcore.a(wiring_private.o)
 .comment       0x00000000       0x71 C:/Users/JACKYO~1/DOCUME~1/MATLAB/R2023a/ARDUIN~1/ARDUIN~1/FASTER~1\libcore.a(Reset.o)
 .comment       0x00000000       0x71 C:/Users/JACKYO~1/DOCUME~1/MATLAB/R2023a/ARDUIN~1/ARDUIN~1/FASTER~1\libcore.a(Uart.o)
 .comment       0x00000000       0x71 C:/Users/JACKYO~1/DOCUME~1/MATLAB/R2023a/ARDUIN~1/ARDUIN~1/FASTER~1\libcore.a(CDC.o)
 .comment       0x00000000       0x71 C:/Users/JACKYO~1/DOCUME~1/MATLAB/R2023a/ARDUIN~1/ARDUIN~1/FASTER~1\libcore.a(PluggableUSB.o)
 .comment       0x00000000       0x71 C:/Users/JACKYO~1/DOCUME~1/MATLAB/R2023a/ARDUIN~1/ARDUIN~1/FASTER~1\libcore.a(USBCore.o)
 .comment       0x00000000       0x71 C:/Users/JACKYO~1/DOCUME~1/MATLAB/R2023a/ARDUIN~1/ARDUIN~1/FASTER~1\libcore.a(variant.o)
 .comment       0x00000000       0x71 C:/Users/JACKYO~1/DOCUME~1/MATLAB/R2023a/ARDUIN~1/ARDUIN~1/FASTER~1\libcore.a(new.o)
 .comment       0x00000000       0x71 C:/Users/JACKYO~1/DOCUME~1/MATLAB/R2023a/ARDUIN~1/ARDUIN~1/FASTER~1\libcore.a(Print.o)
 .comment       0x00000000       0x71 C:/Users/JACKYO~1/DOCUME~1/MATLAB/R2023a/ARDUIN~1/ARDUIN~1/FASTER~1\libcore.a(SERCOM.o)

.debug_frame    0x00000000      0x834
 .debug_frame   0x00000000       0x3c c:/programdata/matlab/supportpackages/r2023a/aide/tools/arm-none-eabi-gcc/4.8.3-2014q1/bin/../lib/gcc/arm-none-eabi/4.8.3/../../../../arm-none-eabi/lib/armv6-m\libm.a(lib_a-s_ceil.o)